Archive member included to satisfy reference by file (symbol)

D:/arm-none-eabi-gcc/arm-gnu-toolchain-15.2.rel1-mingw-w64-i686-arm-none-eabi/bin/../lib/gcc/arm-none-eabi/15.2.1/../../../../arm-none-eabi/lib/thumb/v7e-m+fp/hard\libstdc++_nano.a(del_ops.o)
                              CMakeFiles/CM4_stm32.dir/Component/device/motor/src/motor_DM3519.cpp.obj (operator delete(void*, unsigned int))
D:/arm-none-eabi-gcc/arm-gnu-toolchain-15.2.rel1-mingw-w64-i686-arm-none-eabi/bin/../lib/gcc/arm-none-eabi/15.2.1/../../../../arm-none-eabi/lib/thumb/v7e-m+fp/hard\libstdc++_nano.a(del_op.o)
                              D:/arm-none-eabi-gcc/arm-gnu-toolchain-15.2.rel1-mingw-w64-i686-arm-none-eabi/bin/../lib/gcc/arm-none-eabi/15.2.1/../../../../arm-none-eabi/lib/thumb/v7e-m+fp/hard\libstdc++_nano.a(del_ops.o) (operator delete(void*))
D:/arm-none-eabi-gcc/arm-gnu-toolchain-15.2.rel1-mingw-w64-i686-arm-none-eabi/bin/../lib/gcc/arm-none-eabi/15.2.1/../../../../arm-none-eabi/lib/thumb/v7e-m+fp/hard\libc_nano.a(libc_a-exit.o)
                              D:/arm-none-eabi-gcc/arm-gnu-toolchain-15.2.rel1-mingw-w64-i686-arm-none-eabi/bin/../lib/gcc/arm-none-eabi/15.2.1/../../../../arm-none-eabi/lib/thumb/v7e-m+fp/hard/crt0.o (exit)
D:/arm-none-eabi-gcc/arm-gnu-toolchain-15.2.rel1-mingw-w64-i686-arm-none-eabi/bin/../lib/gcc/arm-none-eabi/15.2.1/../../../../arm-none-eabi/lib/thumb/v7e-m+fp/hard\libc_nano.a(libc_a-malloc.o)
                              D:/arm-none-eabi-gcc/arm-gnu-toolchain-15.2.rel1-mingw-w64-i686-arm-none-eabi/bin/../lib/gcc/arm-none-eabi/15.2.1/../../../../arm-none-eabi/lib/thumb/v7e-m+fp/hard\libstdc++_nano.a(del_op.o) (free)
D:/arm-none-eabi-gcc/arm-gnu-toolchain-15.2.rel1-mingw-w64-i686-arm-none-eabi/bin/../lib/gcc/arm-none-eabi/15.2.1/../../../../arm-none-eabi/lib/thumb/v7e-m+fp/hard\libc_nano.a(libc_a-mallocr.o)
                              D:/arm-none-eabi-gcc/arm-gnu-toolchain-15.2.rel1-mingw-w64-i686-arm-none-eabi/bin/../lib/gcc/arm-none-eabi/15.2.1/../../../../arm-none-eabi/lib/thumb/v7e-m+fp/hard\libc_nano.a(libc_a-malloc.o) (_malloc_r)
D:/arm-none-eabi-gcc/arm-gnu-toolchain-15.2.rel1-mingw-w64-i686-arm-none-eabi/bin/../lib/gcc/arm-none-eabi/15.2.1/../../../../arm-none-eabi/lib/thumb/v7e-m+fp/hard\libc_nano.a(libc_a-mlock.o)
                              D:/arm-none-eabi-gcc/arm-gnu-toolchain-15.2.rel1-mingw-w64-i686-arm-none-eabi/bin/../lib/gcc/arm-none-eabi/15.2.1/../../../../arm-none-eabi/lib/thumb/v7e-m+fp/hard\libc_nano.a(libc_a-mallocr.o) (__malloc_lock)
D:/arm-none-eabi-gcc/arm-gnu-toolchain-15.2.rel1-mingw-w64-i686-arm-none-eabi/bin/../lib/gcc/arm-none-eabi/15.2.1/../../../../arm-none-eabi/lib/thumb/v7e-m+fp/hard\libc_nano.a(libc_a-findfp.o)
                              D:/arm-none-eabi-gcc/arm-gnu-toolchain-15.2.rel1-mingw-w64-i686-arm-none-eabi/bin/../lib/gcc/arm-none-eabi/15.2.1/../../../../arm-none-eabi/lib/thumb/v7e-m+fp/hard\libc_nano.a(libc_a-exit.o) (__stdio_exit_handler)
D:/arm-none-eabi-gcc/arm-gnu-toolchain-15.2.rel1-mingw-w64-i686-arm-none-eabi/bin/../lib/gcc/arm-none-eabi/15.2.1/../../../../arm-none-eabi/lib/thumb/v7e-m+fp/hard\libc_nano.a(libc_a-fwalk.o)
                              D:/arm-none-eabi-gcc/arm-gnu-toolchain-15.2.rel1-mingw-w64-i686-arm-none-eabi/bin/../lib/gcc/arm-none-eabi/15.2.1/../../../../arm-none-eabi/lib/thumb/v7e-m+fp/hard\libc_nano.a(libc_a-findfp.o) (_fwalk_sglue)
D:/arm-none-eabi-gcc/arm-gnu-toolchain-15.2.rel1-mingw-w64-i686-arm-none-eabi/bin/../lib/gcc/arm-none-eabi/15.2.1/../../../../arm-none-eabi/lib/thumb/v7e-m+fp/hard\libc_nano.a(libc_a-stdio.o)
                              D:/arm-none-eabi-gcc/arm-gnu-toolchain-15.2.rel1-mingw-w64-i686-arm-none-eabi/bin/../lib/gcc/arm-none-eabi/15.2.1/../../../../arm-none-eabi/lib/thumb/v7e-m+fp/hard\libc_nano.a(libc_a-findfp.o) (__sread)
D:/arm-none-eabi-gcc/arm-gnu-toolchain-15.2.rel1-mingw-w64-i686-arm-none-eabi/bin/../lib/gcc/arm-none-eabi/15.2.1/../../../../arm-none-eabi/lib/thumb/v7e-m+fp/hard\libc_nano.a(libc_a-memset.o)
                              D:/arm-none-eabi-gcc/arm-gnu-toolchain-15.2.rel1-mingw-w64-i686-arm-none-eabi/bin/../lib/gcc/arm-none-eabi/15.2.1/../../../../arm-none-eabi/lib/thumb/v7e-m+fp/hard/crt0.o (memset)
D:/arm-none-eabi-gcc/arm-gnu-toolchain-15.2.rel1-mingw-w64-i686-arm-none-eabi/bin/../lib/gcc/arm-none-eabi/15.2.1/../../../../arm-none-eabi/lib/thumb/v7e-m+fp/hard\libc_nano.a(libc_a-closer.o)
                              D:/arm-none-eabi-gcc/arm-gnu-toolchain-15.2.rel1-mingw-w64-i686-arm-none-eabi/bin/../lib/gcc/arm-none-eabi/15.2.1/../../../../arm-none-eabi/lib/thumb/v7e-m+fp/hard\libc_nano.a(libc_a-stdio.o) (_close_r)
D:/arm-none-eabi-gcc/arm-gnu-toolchain-15.2.rel1-mingw-w64-i686-arm-none-eabi/bin/../lib/gcc/arm-none-eabi/15.2.1/../../../../arm-none-eabi/lib/thumb/v7e-m+fp/hard\libc_nano.a(libc_a-reent.o)
[...]
Memory Configuration

Name             Origin             Length             Attributes
RAM              0x20000000         0x00020000         xrw
CCMRAM           0x10000000         0x00010000         xrw
FLASH            0x08000000         0x00100000         xr
*default*        0x00000000         0xffffffff

Linker script and memory map

LOAD D:/arm-none-eabi-gcc/arm-gnu-toolchain-15.2.rel1-mingw-w64-i686-arm-none-eabi/bin/../lib/gcc/arm-none-eabi/15.2.1/thumb/v7e-m+fp/hard/crti.o
LOAD D:/arm-none-eabi-gcc/arm-gnu-toolchain-15.2.rel1-mingw-w64-i686-arm-none-eabi/bin/../lib/gcc/arm-none-eabi/15.2.1/thumb/v7e-m+fp/hard/crtbegin.o
LOAD D:/arm-none-eabi-gcc/arm-gnu-toolchain-15.2.rel1-mingw-w64-i686-arm-none-eabi/bin/../lib/gcc/arm-none-eabi/15.2.1/../../../../arm-none-eabi/lib/thumb/v7e-m+fp/hard/crt0.o
START GROUP
END GROUP
START GROUP
LOAD D:/arm-none-eabi-gcc/arm-gnu-toolchain-15.2.rel1-mingw-w64-i686-arm-none-eabi/bin/../lib/gcc/arm-none-eabi/15.2.1/../../../../arm-none-eabi/lib/thumb/v7e-m+fp/hard\libstdc++_nano.a
LOAD D:/arm-none-eabi-gcc/arm-gnu-toolchain-15.2.rel1-mingw-w64-i686-arm-none-eabi/bin/../lib/gcc/arm-none-eabi/15.2.1/../../../../arm-none-eabi/lib/thumb/v7e-m+fp/hard\libsupc++_nano.a
END GROUP
LOAD cmake/stm32cubemx/CMakeFiles/STM32_Drivers.dir/__/__/Core/Src/system_stm32f4xx.c.obj
LOAD cmake/stm32cubemx/CMakeFiles/STM32_Drivers.dir/__/__/Drivers/STM32F4xx_HAL_Driver/Src/stm32f4xx_hal_can.c.obj
LOAD cmake/stm32cubemx/CMakeFiles/STM32_Drivers.dir/__/__/Drivers/STM32F4xx_HAL_Driver/Src/stm32f4xx_hal_rcc.c.obj
LOAD cmake/stm32cubemx/CMakeFiles/STM32_Drivers.dir/__/__/Drivers/STM32F4xx_HAL_Driver/Src/stm32f4xx_hal_rcc_ex.c.obj
LOAD cmake/stm32cubemx/CMakeFiles/STM32_Drivers.dir/__/__/Drivers/STM32F4xx_HAL_Driver/Src/stm32f4xx_hal_flash.c.obj
LOAD cmake/stm32cubemx/CMakeFiles/STM32_Drivers.dir/__/__/Drivers/STM32F4xx_HAL_Driver/Src/stm32f4xx_hal_flash_ex.c.obj
LOAD cmake/stm32cubemx/CMakeFiles/STM32_Drivers.dir/__/__/Drivers/STM32F4xx_HAL_Driver/Src/stm32f4xx_hal_flash_ramfunc.c.obj
LOAD cmake/stm32cubemx/CMakeFiles/STM32_Drivers.dir/__/__/Drivers/STM32F4xx_HAL_Driver/Src/stm32f4xx_hal_gpio.c.obj
LOAD cmake/stm32cubemx/CMakeFiles/STM32_Drivers.dir/__/__/Drivers/STM32F4xx_HAL_Driver/Src/stm32f4xx_hal_dma_ex.c.obj
LOAD cmake/stm32cubemx/CMakeFiles/STM32_Drivers.dir/__/__/Drivers/STM32F4xx_HAL_Driver/Src/stm32f4xx_hal_dma.c.obj
LOAD cmake/stm32cubemx/CMakeFiles/STM32_Drivers.dir/__/__/Drivers/STM32F4xx_HAL_Driver/Src/stm32f4xx_hal_pwr.c.obj
LOAD cmake/stm32cubemx/CMakeFiles/STM32_Drivers.dir/__/__/Drivers/STM32F4xx_HAL_Driver/Src/stm32f4xx_hal_pwr_ex.c.obj
LOAD cmake/stm32cubemx/CMakeFiles/STM32_Drivers.dir/__/__/Drivers/STM32F4xx_HAL_Driver/Src/stm32f4xx_hal_cortex.c.obj
LOAD cmake/stm32cubemx/CMakeFiles/STM32_Drivers.dir/__/__/Drivers/STM32F4xx_HAL_Driver/Src/stm32f4xx_hal.c.obj
LOAD cmake/stm32cubemx/CMakeFiles/STM32_Drivers.dir/__/__/Drivers/STM32F4xx_HAL_Driver/Src/stm32f4xx_hal_exti.c.obj
LOAD cmake/stm32cubemx/CMakeFiles/STM32_Drivers.dir/__/__/Drivers/STM32F4xx_HAL_Driver/Src/stm32f4xx_hal_spi.c.obj
LOAD cmake/stm32cubemx/CMakeFiles/STM32_Drivers.dir/__/__/Drivers/STM32F4xx_HAL_Driver/Src/stm32f4xx_hal_tim.c.obj
LOAD cmake/stm32cubemx/CMakeFiles/STM32_Drivers.dir/__/__/Drivers/STM32F4xx_HAL_Driver/Src/stm32f4xx_hal_tim_ex.c.obj
LOAD CMakeFiles/CM4_stm32.dir/Core/Src/main.c.obj
LOAD CMakeFiles/CM4_stm32.dir/Core/Src/gpio.c.obj
LOAD CMakeFiles/CM4_stm32.dir/Core/Src/can.c.obj
LOAD CMakeFiles/CM4_stm32.dir/Core/Src/dma.c.obj
LOAD CMakeFiles/CM4_stm32.dir/Core/Src/spi.c.obj
LOAD CMakeFiles/CM4_stm32.dir/Core/Src/tim.c.obj
LOAD CMakeFiles/CM4_stm32.dir/Core/Src/stm32f4xx_it.c.obj
LOAD CMakeFiles/CM4_stm32.dir/Core/Src/stm32f4xx_hal_msp.c.obj
LOAD CMakeFiles/CM4_stm32.dir/Core/Src/sysmem.c.obj
LOAD CMakeFiles/CM4_stm32.dir/Core/Src/syscalls.c.obj
LOAD CMakeFiles/CM4_stm32.dir/startup_stm32f405xx.s.obj
LOAD CMakeFiles/CM4_stm32.dir/Component/algorithms/pid/src/pid.cpp.obj
LOAD CMakeFiles/CM4_stm32.dir/Component/device/motor/src/motor_DM3519.cpp.obj
LOAD CMakeFiles/CM4_stm32.dir/Component/device/motor/src/motor_M2006.cpp.obj
LOAD CMakeFiles/CM4_stm32.dir/Component/device/motor/src/motor_base.cpp.obj
LOAD D:/arm-none-eabi-gcc/arm-gnu-toolchain-15.2.rel1-mingw-w64-i686-arm-none-eabi/bin/../lib/gcc/arm-none-eabi/15.2.1/../../../../arm-none-eabi/lib/thumb/v7e-m+fp/hard\libstdc++_nano.a
LOAD D:/arm-none-eabi-gcc/arm-gnu-toolchain-15.2.rel1-mingw-w64-i686-arm-none-eabi/bin/../lib/gcc/arm-none-eabi/15.2.1/../../../../arm-none-eabi/lib/thumb/v7e-m+fp/hard\libm.a
LOAD D:/arm-none-eabi-gcc/arm-gnu-toolchain-15.2.rel1-mingw-w64-i686-arm-none-eabi/bin/../lib/gcc/arm-none-eabi/15.2.1/../../../../arm-none-eabi/lib/thumb/v7e-m+fp/hard\libc_nano.a
START GROUP
LOAD D:/arm-none-eabi-gcc/arm-gnu-toolchain-15.2.rel1-mingw-w64-i686-arm-none-eabi/bin/../lib/gcc/arm-none-eabi/15.2.1/thumb/v7e-m+fp/hard\libgcc.a
LOAD D:/arm-none-eabi-gcc/arm-gnu-toolchain-15.2.rel1-mingw-w64-i686-arm-none-eabi/bin/../lib/gcc/arm-none-eabi/15.2.1/../../../../arm-none-eabi/lib/thumb/v7e-m+fp/hard\libg_nano.a
LOAD D:/arm-none-eabi-gcc/arm-gnu-toolchain-15.2.rel1-mingw-w64-i686-arm-none-eabi/bin/../lib/gcc/arm-none-eabi/15.2.1/../../../../arm-none-eabi/lib/thumb/v7e-m+fp/hard\libc_nano.a
END GROUP
START GROUP
LOAD D:/arm-none-eabi-gcc/arm-gnu-toolchain-15.2.rel1-mingw-w64-i686-arm-none-eabi/bin/../lib/gcc/arm-none-eabi/15.2.1/thumb/v7e-m+fp/hard\libgcc.a
LOAD D:/arm-none-eabi-gcc/arm-gnu-toolchain-15.2.rel1-mingw-w64-i686-arm-none-eabi/bin/../lib/gcc/arm-none-eabi/15.2.1/../../../../arm-none-eabi/lib/thumb/v7e-m+fp/hard\libc_nano.a
END GROUP
LOAD D:/arm-none-eabi-gcc/arm-gnu-toolchain-15.2.rel1-mingw-w64-i686-arm-none-eabi/bin/../lib/gcc/arm-none-eabi/15.2.1/thumb/v7e-m+fp/hard/crtend.o
LOAD D:/arm-none-eabi-gcc/arm-gnu-toolchain-15.2.rel1-mingw-w64-i686-arm-none-eabi/bin/../lib/gcc/arm-none-eabi/15.2.1/thumb/v7e-m+fp/hard/crtn.o
                0x20020000                        _estack = (ORIGIN (RAM) + LENGTH (RAM))
                0x00000200                        _Min_Heap_Size = 0x200
                0x00000400                        _Min_Stack_Size = 0x400

.isr_vector     0x08000000      0x188
                0x08000000                        . = ALIGN (0x4)
 *(.isr_vector)
 .isr_vector    0x08000000      0x188 CMakeFiles/CM4_stm32.dir/startup_stm32f405xx.s.obj
                0x08000000                g_pfnVectors
                0x08000188                        . = ALIGN (0x4)

.text           0x08000188     0x5e5c
                0x08000188                        . = ALIGN (0x4)
 *(.text)
 .text          0x08000188      0x378 D:/arm-none-eabi-gcc/arm-gnu-toolchain-15.2.rel1-mingw-w64-i686-arm-none-eabi/bin/../lib/gcc/arm-none-eabi/15.2.1/thumb/v7e-m+fp/hard\libgcc.a(_arm_addsubdf3.o)
                0x08000188                __aeabi_drsub
                0x08000190                __aeabi_dsub
                0x08000190                __subdf3
                0x08000194                __aeabi_dadd
                0x08000194                __adddf3
                0x0800040c                __floatunsidf
                0x0800040c                __aeabi_ui2d
                0x0800042c                __floatsidf
                0x0800042c                __aeabi_i2d
                0x08000450                __aeabi_f2d
                0x08000450                __extendsfdf2
                0x08000494                __floatundidf
                0x08000494                __aeabi_ul2d
                0x080004a4                __floatdidf
                0x080004a4                __aeabi_l2d
 .text          0x08000500      0x424 D:/arm-none-eabi-gcc/arm-gnu-toolchain-15.2.rel1-mingw-w64-i686-arm-none-eabi/bin/../lib/gcc/arm-none-eabi/15.2.1/thumb/v7e-m+fp/hard\libgcc.a(_arm_muldivdf3.o)
                0x08000500                __aeabi_dmul
                0x08000500                __muldf3
                0x08000754                __divdf3
                0x08000754                __aeabi_ddiv
 .text          0x08000924       0xa0 D:/arm-none-eabi-gcc/arm-gnu-toolchain-15.2.rel1-mingw-w64-i686-arm-none-eabi/bin/../lib/gcc/arm-none-eabi/15.2.1/thumb/v7e-m+fp/hard\libgcc.a(_arm_truncdfsf2.o)
                0x08000924                __truncdfsf2
                0x08000924                __aeabi_d2f
 .text          0x080009c4       0x30 D:/arm-none-eabi-gcc/arm-gnu-toolchain-15.2.rel1-mingw-w64-i686-arm-none-eabi/bin/../lib/gcc/arm-none-eabi/15.2.1/thumb/v7e-m+fp/hard\libgcc.a(_aeabi_uldivmod.o)
                0x080009c4                __aeabi_uldivmod
 .text          0x080009f4        0x4 D:/arm-none-eabi-gcc/arm-gnu-toolchain-15.2.rel1-mingw-w64-i686-arm-none-eabi/bin/../lib/gcc/arm-none-eabi/15.2.1/thumb/v7e-m+fp/hard\libgcc.a(_dvmd_tls.o)
                0x080009f4                __aeabi_idiv0
                0x080009f4                __aeabi_ldiv0
 *(.text*)
 .text.deregister_tm_clones
                0x080009f8       0x1c D:/arm-none-eabi-gcc/arm-gnu-toolchain-15.2.rel1-mingw-w64-i686-arm-none-eabi/bin/../lib/gcc/arm-none-eabi/15.2.1/thumb/v7e-m+fp/hard/crtbegin.o
 .text.register_tm_clones
                0x08000a14       0x24 D:/arm-none-eabi-gcc/arm-gnu-toolchain-15.2.rel1-mingw-w64-i686-arm-none-eabi/bin/../lib/gcc/arm-none-eabi/15.2.1/thumb/v7e-m+fp/hard/crtbegin.o
 .text.__do_global_dtors_aux
                0x08000a38       0x28 D:/arm-none-eabi-gcc/arm-gnu-toolchain-15.2.rel1-mingw-w64-i686-arm-none-eabi/bin/../lib/gcc/arm-none-eabi/15.2.1/thumb/v7e-m+fp/hard/crtbegin.o
 .text.frame_dummy
                0x08000a60       0x24 D:/arm-none-eabi-gcc/arm-gnu-toolchain-15.2.rel1-mingw-w64-i686-arm-none-eabi/bin/../lib/gcc/arm-none-eabi/15.2.1/thumb/v7e-m+fp/hard/crtbegin.o
 .text.SystemInit
                0x08000a84       0x20 cmake/stm32cubemx/CMakeFiles/STM32_Drivers.dir/__/__/Core/Src/system_stm32f4xx.c.obj
                0x08000a84                SystemInit
 .text.HAL_CAN_Init
                0x08000aa4      0x1f6 cmake/stm32cubemx/CMakeFiles/STM32_Drivers.dir/__/__/Drivers/STM32F4xx_HAL_Driver/Src/stm32f4xx_hal_can.c.obj
                0x08000aa4                HAL_CAN_Init
 *fill*         0x08000c9a        0x2 
 .text.HAL_CAN_ConfigFilter
                0x08000c9c      0x1b8 cmake/stm32cubemx/CMakeFiles/STM32_Drivers.dir/__/__/Drivers/STM32F4xx_HAL_Driver/Src/stm32f4xx_hal_can.c.obj
                0x08000c9c                HAL_CAN_ConfigFilter
 .text.HAL_CAN_Start
                0x08000e54       0x88 cmake/stm32cubemx/CMakeFiles/STM32_Drivers.dir/__/__/Drivers/STM32F4xx_HAL_Driver/Src/stm32f4xx_hal_can.c.obj
                0x08000e54                HAL_CAN_Start
 .text.HAL_CAN_AddTxMessage
                0x08000edc      0x19e cmake/stm32cubemx/CMakeFiles/STM32_Drivers.dir/__/__/Drivers/STM32F4xx_HAL_Driver/Src/stm32f4xx_hal_can.c.obj
                0x08000edc                HAL_CAN_AddTxMessage
 .text.HAL_CAN_GetRxMessage
                0x0800107a      0x242 cmake/stm32cubemx/CMakeFiles/STM32_Drivers.dir/__/__/Drivers/STM32F4xx_HAL_Driver/Src/stm32f4xx_hal_can.c.obj
                0x0800107a                HAL_CAN_GetRxMessage
 .text.HAL_CAN_ActivateNotification
                0x080012bc       0x4a cmake/stm32cubemx/CMakeFiles/STM32_Drivers.dir/__/__/Drivers/STM32F4xx_HAL_Driver/Src/stm32f4xx_hal_can.c.obj
                0x080012bc                HAL_CAN_ActivateNotification
 .text.HAL_CAN_IRQHandler
                0x08001306      0x36e cmake/stm32cubemx/CMakeFiles/STM32_Drivers.dir/__/__/Drivers/STM32F4xx_HAL_Driver/Src/stm32f4xx_hal_can.c.obj
                0x08001306                HAL_CAN_IRQHandler
 .text.HAL_CAN_TxMailbox0CompleteCallback
                0x08001674       0x12 cmake/stm32cubemx/CMakeFiles/STM32_Drivers.dir/__/__/Drivers/STM32F4xx_HAL_Driver/Src/stm32f4xx_hal_can.c.obj
                0x08001674                HAL_CAN_TxMailbox0CompleteCallback
 .text.HAL_CAN_TxMailbox1CompleteCallback
                0x08001686       0x12 cmake/stm32cubemx/CMakeFiles/STM32_Drivers.dir/__/__/Drivers/STM32F4xx_HAL_Driver/Src/stm32f4xx_hal_can.c.obj
                0x08001686                HAL_CAN_TxMailbox1CompleteCallback
 .text.HAL_CAN_TxMailbox2CompleteCallback
                0x08001698       0x12 cmake/stm32cubemx/CMakeFiles/STM32_Drivers.dir/__/__/Drivers/STM32F4xx_HAL_Driver/Src/stm32f4xx_hal_can.c.obj
                0x08001698                HAL_CAN_TxMailbox2CompleteCallback
 .text.HAL_CAN_TxMailbox0AbortCallback
                0x080016aa       0x12 cmake/stm32cubemx/CMakeFiles/STM32_Drivers.dir/__/__/Drivers/STM32F4xx_HAL_Driver/Src/stm32f4xx_hal_can.c.obj
                0x080016aa                HAL_CAN_TxMailbox0AbortCallback
 .text.HAL_CAN_TxMailbox1AbortCallback
                0x080016bc       0x12 cmake/stm32cubemx/CMakeFiles/STM32_Drivers.dir/__/__/Drivers/STM32F4xx_HAL_Driver/Src/stm32f4xx_hal_can.c.obj
                0x080016bc                HAL_CAN_TxMailbox1AbortCallback
 .text.HAL_CAN_TxMailbox2AbortCallback
                0x080016ce       0x12 cmake/stm32cubemx/CMakeFiles/STM32_Drivers.dir/__/__/Drivers/STM32F4xx_HAL_Driver/Src/stm32f4xx_hal_can.c.obj
                0x080016ce                HAL_CAN_TxMailbox2AbortCallback
 .text.HAL_CAN_RxFifo0MsgPendingCallback
                0x080016e0       0x12 cmake/stm32cubemx/CMakeFiles/STM32_Drivers.dir/__/__/Drivers/STM32F4xx_HAL_Driver/Src/stm32f4xx_hal_can.c.obj
                0x080016e0                HAL_CAN_RxFifo0MsgPendingCallback
 .text.HAL_CAN_RxFifo0FullCallback
                0x080016f2       0x12 cmake/stm32cubemx/CMakeFiles/STM32_Drivers.dir/__/__/Drivers/STM32F4xx_HAL_Driver/Src/stm32f4xx_hal_can.c.obj
                0x080016f2                HAL_CAN_RxFifo0FullCallback
 .text.HAL_CAN_RxFifo1FullCallback
                0x08001704       0x12 cmake/stm32cubemx/CMakeFiles/STM32_Drivers.dir/__/__/Drivers/STM32F4xx_HAL_Driver/Src/stm32f4xx_hal_can.c.obj
                0x08001704                HAL_CAN_RxFifo1FullCallback
 .text.HAL_CAN_SleepCallback
                0x08001716       0x12 cmake/stm32cubemx/CMakeFiles/STM32_Drivers.dir/__/__/Drivers/STM32F4xx_HAL_Driver/Src/stm32f4xx_hal_can.c.obj
                0x08001716                HAL_CAN_SleepCallback
 .text.HAL_CAN_WakeUpFromRxMsgCallback
                0x08001728       0x12 cmake/stm32cubemx/CMakeFiles/STM32_Drivers.dir/__/__/Drivers/STM32F4xx_HAL_Driver/Src/stm32f4xx_hal_can.c.obj
                0x08001728                HAL_CAN_WakeUpFromRxMsgCallback
 .text.HAL_CAN_ErrorCallback
                0x0800173a       0x12 cmake/stm32cubemx/CMakeFiles/STM32_Drivers.dir/__/__/Drivers/STM32F4xx_HAL_Driver/Src/stm32f4xx_hal_can.c.obj
                0x0800173a                HAL_CAN_ErrorCallback
 .text.HAL_RCC_OscConfig
                0x0800174c      0x4f0 cmake/stm32cubemx/CMakeFiles/STM32_Drivers.dir/__/__/Drivers/STM32F4xx_HAL_Driver/Src/stm32f4xx_hal_rcc.c.obj
                0x0800174c                HAL_RCC_OscConfig
 .text.HAL_RCC_ClockConfig
                0x08001c3c      0x1cc cmake/stm32cubemx/CMakeFiles/STM32_Drivers.dir/__/__/Drivers/STM32F4xx_HAL_Driver/Src/stm32f4xx_hal_rcc.c.obj
                0x08001c3c                HAL_RCC_ClockConfig
 .text.HAL_RCC_GetSysClockFreq
                0x08001e08      0x20c cmake/stm32cubemx/CMakeFiles/STM32_Drivers.dir/__/__/Drivers/STM32F4xx_HAL_Driver/Src/stm32f4xx_hal_rcc.c.obj
                0x08001e08                HAL_RCC_GetSysClockFreq
 .text.HAL_GPIO_Init
                0x08002014      0x334 cmake/stm32cubemx/CMakeFiles/STM32_Drivers.dir/__/__/Drivers/STM32F4xx_HAL_Driver/Src/stm32f4xx_hal_gpio.c.obj
                0x08002014                HAL_GPIO_Init
 .text.HAL_GPIO_WritePin
                0x08002348       0x30 cmake/stm32cubemx/CMakeFiles/STM32_Drivers.dir/__/__/Drivers/STM32F4xx_HAL_Driver/Src/stm32f4xx_hal_gpio.c.obj
                0x08002348                HAL_GPIO_WritePin
 .text.HAL_GPIO_TogglePin
                0x08002378       0x32 cmake/stm32cubemx/CMakeFiles/STM32_Drivers.dir/__/__/Drivers/STM32F4xx_HAL_Driver/Src/stm32f4xx_hal_gpio.c.obj
                0x08002378                HAL_GPIO_TogglePin
 *fill*         0x080023aa        0x2 
 .text.HAL_DMA_Init
                0x080023ac      0x15c cmake/stm32cubemx/CMakeFiles/STM32_Drivers.dir/__/__/Drivers/STM32F4xx_HAL_Driver/Src/stm32f4xx_hal_dma.c.obj
                0x080023ac                HAL_DMA_Init
 .text.HAL_DMA_Start_IT
                0x08002508       0xb0 cmake/stm32cubemx/CMakeFiles/STM32_Drivers.dir/__/__/Drivers/STM32F4xx_HAL_Driver/Src/stm32f4xx_hal_dma.c.obj
                0x08002508                HAL_DMA_Start_IT
 .text.HAL_DMA_IRQHandler
                0x080025b8      0x314 cmake/stm32cubemx/CMakeFiles/STM32_Drivers.dir/__/__/Drivers/STM32F4xx_HAL_Driver/Src/stm32f4xx_hal_dma.c.obj
                0x080025b8                HAL_DMA_IRQHandler
 .text.DMA_SetConfig
                0x080028cc       0x5a cmake/stm32cubemx/CMakeFiles/STM32_Drivers.dir/__/__/Drivers/STM32F4xx_HAL_Driver/Src/stm32f4xx_hal_dma.c.obj
 *fill*         0x08002926        0x2 
 .text.DMA_CalcBaseAndBitshift
                0x08002928       0x68 cmake/stm32cubemx/CMakeFiles/STM32_Drivers.dir/__/__/Drivers/STM32F4xx_HAL_Driver/Src/stm32f4xx_hal_dma.c.obj
 .text.DMA_CheckFifoParam
                0x08002990      0x10a cmake/stm32cubemx/CMakeFiles/STM32_Drivers.dir/__/__/Drivers/STM32F4xx_HAL_Driver/Src/stm32f4xx_hal_dma.c.obj
 *fill*         0x08002a9a        0x2 
 .text.__NVIC_SetPriorityGrouping
                0x08002a9c       0x48 cmake/stm32cubemx/CMakeFiles/STM32_Drivers.dir/__/__/Drivers/STM32F4xx_HAL_Driver/Src/stm32f4xx_hal_cortex.c.obj
 .text.__NVIC_GetPriorityGrouping
                0x08002ae4       0x1c cmake/stm32cubemx/CMakeFiles/STM32_Drivers.dir/__/__/Drivers/STM32F4xx_HAL_Driver/Src/stm32f4xx_hal_cortex.c.obj
 .text.__NVIC_EnableIRQ
                0x08002b00       0x38 cmake/stm32cubemx/CMakeFiles/STM32_Drivers.dir/__/__/Drivers/STM32F4xx_HAL_Driver/Src/stm32f4xx_hal_cortex.c.obj
 .text.__NVIC_SetPriority
                0x08002b38       0x54 cmake/stm32cubemx/CMakeFiles/STM32_Drivers.dir/__/__/Drivers/STM32F4xx_HAL_Driver/Src/stm32f4xx_hal_cortex.c.obj
 .text.NVIC_EncodePriority
                0x08002b8c       0x6e cmake/stm32cubemx/CMakeFiles/STM32_Drivers.dir/__/__/Drivers/STM32F4xx_HAL_Driver/Src/stm32f4xx_hal_cortex.c.obj
 *fill*         0x08002bfa        0x2 
 .text.SysTick_Config
                0x08002bfc       0x44 cmake/stm32cubemx/CMakeFiles/STM32_Drivers.dir/__/__/Drivers/STM32F4xx_HAL_Driver/Src/stm32f4xx_hal_cortex.c.obj
 .text.HAL_NVIC_SetPriorityGrouping
                0x08002c40       0x16 cmake/stm32cubemx/CMakeFiles/STM32_Drivers.dir/__/__/Drivers/STM32F4xx_HAL_Driver/Src/stm32f4xx_hal_cortex.c.obj
                0x08002c40                HAL_NVIC_SetPriorityGrouping
 .text.HAL_NVIC_SetPriority
                0x08002c56       0x38 cmake/stm32cubemx/CMakeFiles/STM32_Drivers.dir/__/__/Drivers/STM32F4xx_HAL_Driver/Src/stm32f4xx_hal_cortex.c.obj
                0x08002c56                HAL_NVIC_SetPriority
 .text.HAL_NVIC_EnableIRQ
                0x08002c8e       0x1c cmake/stm32cubemx/CMakeFiles/STM32_Drivers.dir/__/__/Drivers/STM32F4xx_HAL_Driver/Src/stm32f4xx_hal_cortex.c.obj
                0x08002c8e                HAL_NVIC_EnableIRQ
 .text.HAL_SYSTICK_Config
                0x08002caa       0x18 cmake/stm32cubemx/CMakeFiles/STM32_Drivers.dir/__/__/Drivers/STM32F4xx_HAL_Driver/Src/stm32f4xx_hal_cortex.c.obj
                0x08002caa                HAL_SYSTICK_Config
 *fill*         0x08002cc2        0x2 
 .text.HAL_Init
                0x08002cc4       0x44 cmake/stm32cubemx/CMakeFiles/STM32_Drivers.dir/__/__/Drivers/STM32F4xx_HAL_Driver/Src/stm32f4xx_hal.c.obj
                0x08002cc4                HAL_Init
 .text.HAL_InitTick
                0x08002d08       0x60 cmake/stm32cubemx/CMakeFiles/STM32_Drivers.dir/__/__/Drivers/STM32F4xx_HAL_Driver/Src/stm32f4xx_hal.c.obj
                0x08002d08                HAL_InitTick
 .text.HAL_IncTick
                0x08002d68       0x24 cmake/stm32cubemx/CMakeFiles/STM32_Drivers.dir/__/__/Drivers/STM32F4xx_HAL_Driver/Src/stm32f4xx_hal.c.obj
                0x08002d68                HAL_IncTick
 .text.HAL_GetTick
                0x08002d8c       0x14 cmake/stm32cubemx/CMakeFiles/STM32_Drivers.dir/__/__/Drivers/STM32F4xx_HAL_Driver/Src/stm32f4xx_hal.c.obj
                0x08002d8c                HAL_GetTick
 .text.HAL_Delay
                0x08002da0       0x48 cmake/stm32cubemx/CMakeFiles/STM32_Drivers.dir/__/__/Drivers/STM32F4xx_HAL_Driver/Src/stm32f4xx_hal.c.obj
                0x08002da0                HAL_Delay
 .text.HAL_SPI_Init
                0x08002de8      0x112 cmake/stm32cubemx/CMakeFiles/STM32_Drivers.dir/__/__/Drivers/STM32F4xx_HAL_Driver/Src/stm32f4xx_hal_spi.c.obj
                0x08002de8                HAL_SPI_Init
 .text.HAL_SPI_TransmitReceive
                0x08002efa      0x352 cmake/stm32cubemx/CMakeFiles/STM32_Drivers.dir/__/__/Drivers/STM32F4xx_HAL_Driver/Src/stm32f4xx_hal_spi.c.obj
                0x08002efa                HAL_SPI_TransmitReceive
 .text.HAL_SPI_TransmitReceive_DMA
                0x0800324c      0x1f8 cmake/stm32cubemx/CMakeFiles/STM32_Drivers.dir/__/__/Drivers/STM32F4xx_HAL_Driver/Src/stm32f4xx_hal_spi.c.obj
                0x0800324c                HAL_SPI_TransmitReceive_DMA
 .text.HAL_SPI_RxCpltCallback
                0x08003444       0x12 cmake/stm32cubemx/CMakeFiles/STM32_Drivers.dir/__/__/Drivers/STM32F4xx_HAL_Driver/Src/stm32f4xx_hal_spi.c.obj
                0x08003444                HAL_SPI_RxCpltCallback
 .text.HAL_SPI_RxHalfCpltCallback
                0x08003456       0x12 cmake/stm32cubemx/CMakeFiles/STM32_Drivers.dir/__/__/Drivers/STM32F4xx_HAL_Driver/Src/stm32f4xx_hal_spi.c.obj
                0x08003456                HAL_SPI_RxHalfCpltCallback
 .text.HAL_SPI_TxRxHalfCpltCallback
                0x08003468       0x12 cmake/stm32cubemx/CMakeFiles/STM32_Drivers.dir/__/__/Drivers/STM32F4xx_HAL_Driver/Src/stm32f4xx_hal_spi.c.obj
                0x08003468                HAL_SPI_TxRxHalfCpltCallback
 .text.HAL_SPI_ErrorCallback
                0x0800347a       0x12 cmake/stm32cubemx/CMakeFiles/STM32_Drivers.dir/__/__/Drivers/STM32F4xx_HAL_Driver/Src/stm32f4xx_hal_spi.c.obj
                0x0800347a                HAL_SPI_ErrorCallback
 .text.SPI_DMAReceiveCplt
                0x0800348c       0xa8 cmake/stm32cubemx/CMakeFiles/STM32_Drivers.dir/__/__/Drivers/STM32F4xx_HAL_Driver/Src/stm32f4xx_hal_spi.c.obj
 .text.SPI_DMATransmitReceiveCplt
                0x08003534       0x90 cmake/stm32cubemx/CMakeFiles/STM32_Drivers.dir/__/__/Drivers/STM32F4xx_HAL_Driver/Src/stm32f4xx_hal_spi.c.obj
 .text.SPI_DMAHalfReceiveCplt
                0x080035c4       0x1c cmake/stm32cubemx/CMakeFiles/STM32_Drivers.dir/__/__/Drivers/STM32F4xx_HAL_Driver/Src/stm32f4xx_hal_spi.c.obj
 .text.SPI_DMAHalfTransmitReceiveCplt
                0x080035e0       0x1c cmake/stm32cubemx/CMakeFiles/STM32_Drivers.dir/__/__/Drivers/STM32F4xx_HAL_Driver/Src/stm32f4xx_hal_spi.c.obj
 .text.SPI_DMAError
                0x080035fc       0x40 cmake/stm32cubemx/CMakeFiles/STM32_Drivers.dir/__/__/Drivers/STM32F4xx_HAL_Driver/Src/stm32f4xx_hal_spi.c.obj
 .text.SPI_WaitFlagStateUntilTimeout
                0x0800363c      0x110 cmake/stm32cubemx/CMakeFiles/STM32_Drivers.dir/__/__/Drivers/STM32F4xx_HAL_Driver/Src/stm32f4xx_hal_spi.c.obj
 .text.SPI_EndRxTransaction
                0x0800374c       0xca cmake/stm32cubemx/CMakeFiles/STM32_Drivers.dir/__/__/Drivers/STM32F4xx_HAL_Driver/Src/stm32f4xx_hal_spi.c.obj
 *fill*         0x08003816        0x2 
 .text.SPI_EndRxTxTransaction
                0x08003818       0xa8 cmake/stm32cubemx/CMakeFiles/STM32_Drivers.dir/__/__/Drivers/STM32F4xx_HAL_Driver/Src/stm32f4xx_hal_spi.c.obj
 .text.HAL_TIM_Base_Init
                0x080038c0       0x9e cmake/stm32cubemx/CMakeFiles/STM32_Drivers.dir/__/__/Drivers/STM32F4xx_HAL_Driver/Src/stm32f4xx_hal_tim.c.obj
                0x080038c0                HAL_TIM_Base_Init
 *fill*         0x0800395e        0x2 
 .text.HAL_TIM_Base_Start
                0x08003960       0xcc cmake/stm32cubemx/CMakeFiles/STM32_Drivers.dir/__/__/Drivers/STM32F4xx_HAL_Driver/Src/stm32f4xx_hal_tim.c.obj
                0x08003960                HAL_TIM_Base_Start
 .text.HAL_TIM_Base_Start_IT
                0x08003a2c       0xdc cmake/stm32cubemx/CMakeFiles/STM32_Drivers.dir/__/__/Drivers/STM32F4xx_HAL_Driver/Src/stm32f4xx_hal_tim.c.obj
                0x08003a2c                HAL_TIM_Base_Start_IT
 .text.HAL_TIM_IRQHandler
                0x08003b08      0x1e0 cmake/stm32cubemx/CMakeFiles/STM32_Drivers.dir/__/__/Drivers/STM32F4xx_HAL_Driver/Src/stm32f4xx_hal_tim.c.obj
                0x08003b08                HAL_TIM_IRQHandler
 .text.HAL_TIM_ConfigClockSource
                0x08003ce8      0x18e cmake/stm32cubemx/CMakeFiles/STM32_Drivers.dir/__/__/Drivers/STM32F4xx_HAL_Driver/Src/stm32f4xx_hal_tim.c.obj
                0x08003ce8                HAL_TIM_ConfigClockSource
 .text.HAL_TIM_PeriodElapsedCallback
                0x08003e76       0x12 cmake/stm32cubemx/CMakeFiles/STM32_Drivers.dir/__/__/Drivers/STM32F4xx_HAL_Driver/Src/stm32f4xx_hal_tim.c.obj
                0x08003e76                HAL_TIM_PeriodElapsedCallback
 .text.HAL_TIM_OC_DelayElapsedCallback
                0x08003e88       0x12 cmake/stm32cubemx/CMakeFiles/STM32_Drivers.dir/__/__/Drivers/STM32F4xx_HAL_Driver/Src/stm32f4xx_hal_tim.c.obj
                0x08003e88                HAL_TIM_OC_DelayElapsedCallback
 .text.HAL_TIM_IC_CaptureCallback
                0x08003e9a       0x12 cmake/stm32cubemx/CMakeFiles/STM32_Drivers.dir/__/__/Drivers/STM32F4xx_HAL_Driver/Src/stm32f4xx_hal_tim.c.obj
                0x08003e9a                HAL_TIM_IC_CaptureCallback
 .text.HAL_TIM_PWM_PulseFinishedCallback
                0x08003eac       0x12 cmake/stm32cubemx/CMakeFiles/STM32_Drivers.dir/__/__/Drivers/STM32F4xx_HAL_Driver/Src/stm32f4xx_hal_tim.c.obj
                0x08003eac                HAL_TIM_PWM_PulseFinishedCallback
 .text.HAL_TIM_TriggerCallback
                0x08003ebe       0x12 cmake/stm32cubemx/CMakeFiles/STM32_Drivers.dir/__/__/Drivers/STM32F4xx_HAL_Driver/Src/stm32f4xx_hal_tim.c.obj
                0x08003ebe                HAL_TIM_TriggerCallback
 .text.TIM_Base_SetConfig
                0x08003ed0      0x148 cmake/stm32cubemx/CMakeFiles/STM32_Drivers.dir/__/__/Drivers/STM32F4xx_HAL_Driver/Src/stm32f4xx_hal_tim.c.obj
                0x08003ed0                TIM_Base_SetConfig
 .text.TIM_TI1_ConfigInputStage
                0x08004018       0x5c cmake/stm32cubemx/CMakeFiles/STM32_Drivers.dir/__/__/Drivers/STM32F4xx_HAL_Driver/Src/stm32f4xx_hal_tim.c.obj
 .text.TIM_TI2_ConfigInputStage
                0x08004074       0x5e cmake/stm32cubemx/CMakeFiles/STM32_Drivers.dir/__/__/Drivers/STM32F4xx_HAL_Driver/Src/stm32f4xx_hal_tim.c.obj
 .text.TIM_ITRx_SetConfig
                0x080040d2       0x34 cmake/stm32cubemx/CMakeFiles/STM32_Drivers.dir/__/__/Drivers/STM32F4xx_HAL_Driver/Src/stm32f4xx_hal_tim.c.obj
 .text.TIM_ETR_SetConfig
                0x08004106       0x3e cmake/stm32cubemx/CMakeFiles/STM32_Drivers.dir/__/__/Drivers/STM32F4xx_HAL_Driver/Src/stm32f4xx_hal_tim.c.obj
                0x08004106                TIM_ETR_SetConfig
 .text.HAL_TIMEx_MasterConfigSynchronization
                0x08004144       0xf4 cmake/stm32cubemx/CMakeFiles/STM32_Drivers.dir/__/__/Drivers/STM32F4xx_HAL_Driver/Src/stm32f4xx_hal_tim_ex.c.obj
                0x08004144                HAL_TIMEx_MasterConfigSynchronization
 .text.HAL_TIMEx_CommutCallback
                0x08004238       0x12 cmake/stm32cubemx/CMakeFiles/STM32_Drivers.dir/__/__/Drivers/STM32F4xx_HAL_Driver/Src/stm32f4xx_hal_tim_ex.c.obj
                0x08004238                HAL_TIMEx_CommutCallback
 .text.HAL_TIMEx_BreakCallback
                0x0800424a       0x12 cmake/stm32cubemx/CMakeFiles/STM32_Drivers.dir/__/__/Drivers/STM32F4xx_HAL_Driver/Src/stm32f4xx_hal_tim_ex.c.obj
                0x0800424a                HAL_TIMEx_BreakCallback
 .text.delay_us
                0x0800425c       0x64 CMakeFiles/CM4_stm32.dir/Core/Src/main.c.obj
                0x0800425c                delay_us
 .text.delay_ms
                0x080042c0       0x16 CMakeFiles/CM4_stm32.dir/Core/Src/main.c.obj
                0x080042c0                delay_ms
 *fill*         0x080042d6        0x2 
 .text.SPI_SendReceive
                0x080042d8       0x54 CMakeFiles/CM4_stm32.dir/Core/Src/main.c.obj
                0x080042d8                SPI_SendReceive
 .text.SPI_SendReceive_ForBurst
                0x0800432c       0xc0 CMakeFiles/CM4_stm32.dir/Core/Src/main.c.obj
                0x0800432c                SPI_SendReceive_ForBurst
 .text.Debug_My_Shift_Logic
                0x080043ec       0xb0 CMakeFiles/CM4_stm32.dir/Core/Src/main.c.obj
                0x080043ec                Debug_My_Shift_Logic
 .text.read_register
                0x0800449c      0x140 CMakeFiles/CM4_stm32.dir/Core/Src/main.c.obj
                0x0800449c                read_register
 .text.write_register
                0x080045dc       0xc0 CMakeFiles/CM4_stm32.dir/Core/Src/main.c.obj
                0x080045dc                write_register
 .text.Power_Up_Initializaton_Register_Setting
                0x0800469c      0x4d4 CMakeFiles/CM4_stm32.dir/Core/Src/main.c.obj
 .text.PAW3395_Init
                0x08004b70       0xb0 CMakeFiles/CM4_stm32.dir/Core/Src/main.c.obj
                0x08004b70                PAW3395_Init
 .text.Motion_Burst
                0x08004c20      0x290 CMakeFiles/CM4_stm32.dir/Core/Src/main.c.obj
                0x08004c20                Motion_Burst
 .text.CanFilter_Init
                0x08004eb0       0x4e CMakeFiles/CM4_stm32.dir/Core/Src/main.c.obj
                0x08004eb0                CanFilter_Init
 *fill*         0x08004efe        0x2 
 .text.sendCan  0x08004f00       0x58 CMakeFiles/CM4_stm32.dir/Core/Src/main.c.obj
                0x08004f00                sendCan
 .text.HAL_CAN_RxFifo1MsgPendingCallback
                0x08004f58       0x38 CMakeFiles/CM4_stm32.dir/Core/Src/main.c.obj
                0x08004f58                HAL_CAN_RxFifo1MsgPendingCallback
 .text.main     0x08004f90      0x138 CMakeFiles/CM4_stm32.dir/Core/Src/main.c.obj
                0x08004f90                main
 .text.SystemClock_Config
                0x080050c8       0xd4 CMakeFiles/CM4_stm32.dir/Core/Src/main.c.obj
                0x080050c8                SystemClock_Config
 .text.HAL_SPI_TxRxCpltCallback
                0x0800519c       0x40 CMakeFiles/CM4_stm32.dir/Core/Src/main.c.obj
                0x0800519c                HAL_SPI_TxRxCpltCallback
 .text.Error_Handler
                0x080051dc        0xc CMakeFiles/CM4_stm32.dir/Core/Src/main.c.obj
                0x080051dc                Error_Handler
 .text.MX_GPIO_Init
                0x080051e8      0x144 CMakeFiles/CM4_stm32.dir/Core/Src/gpio.c.obj
                0x080051e8                MX_GPIO_Init
 .text.MX_CAN2_Init
                0x0800532c       0x6c CMakeFiles/CM4_stm32.dir/Core/Src/can.c.obj
                0x0800532c                MX_CAN2_Init
 .text.HAL_CAN_MspInit
                0x08005398       0xcc CMakeFiles/CM4_stm32.dir/Core/Src/can.c.obj
                0x08005398                HAL_CAN_MspInit
 .text.MX_DMA_Init
                0x08005464       0x8c CMakeFiles/CM4_stm32.dir/Core/Src/dma.c.obj
                0x08005464                MX_DMA_Init
 .text.MX_SPI1_Init
                0x080054f0       0x6c CMakeFiles/CM4_stm32.dir/Core/Src/spi.c.obj
                0x080054f0                MX_SPI1_Init
 .text.MX_SPI3_Init
                0x0800555c       0x6c CMakeFiles/CM4_stm32.dir/Core/Src/spi.c.obj
                0x0800555c                MX_SPI3_Init
 .text.HAL_SPI_MspInit
                0x080055c8      0x28c CMakeFiles/CM4_stm32.dir/Core/Src/spi.c.obj
                0x080055c8                HAL_SPI_MspInit
 .text.MX_TIM2_Init
                0x08005854       0x98 CMakeFiles/CM4_stm32.dir/Core/Src/tim.c.obj
                0x08005854                MX_TIM2_Init
 .text.MX_TIM3_Init
                0x080058ec       0x9c CMakeFiles/CM4_stm32.dir/Core/Src/tim.c.obj
                0x080058ec                MX_TIM3_Init
 .text.MX_TIM9_Init
                0x08005988       0x74 CMakeFiles/CM4_stm32.dir/Core/Src/tim.c.obj
                0x08005988                MX_TIM9_Init
 .text.HAL_TIM_Base_MspInit
                0x080059fc       0xb4 CMakeFiles/CM4_stm32.dir/Core/Src/tim.c.obj
                0x080059fc                HAL_TIM_Base_MspInit
 .text.NMI_Handler
                0x08005ab0        0x8 CMakeFiles/CM4_stm32.dir/Core/Src/stm32f4xx_it.c.obj
                0x08005ab0                NMI_Handler
 .text.HardFault_Handler
                0x08005ab8        0x8 CMakeFiles/CM4_stm32.dir/Core/Src/stm32f4xx_it.c.obj
                0x08005ab8                HardFault_Handler
 .text.MemManage_Handler
                0x08005ac0        0x8 CMakeFiles/CM4_stm32.dir/Core/Src/stm32f4xx_it.c.obj
                0x08005ac0                MemManage_Handler
 .text.BusFault_Handler
                0x08005ac8        0x8 CMakeFiles/CM4_stm32.dir/Core/Src/stm32f4xx_it.c.obj
                0x08005ac8                BusFault_Handler
 .text.UsageFault_Handler
                0x08005ad0        0x8 CMakeFiles/CM4_stm32.dir/Core/Src/stm32f4xx_it.c.obj
                0x08005ad0                UsageFault_Handler
 .text.SVC_Handler
                0x08005ad8        0xc CMakeFiles/CM4_stm32.dir/Core/Src/stm32f4xx_it.c.obj
                0x08005ad8                SVC_Handler
 .text.DebugMon_Handler
                0x08005ae4        0xc CMakeFiles/CM4_stm32.dir/Core/Src/stm32f4xx_it.c.obj
                0x08005ae4                DebugMon_Handler
 .text.PendSV_Handler
                0x08005af0        0xc CMakeFiles/CM4_stm32.dir/Core/Src/stm32f4xx_it.c.obj
                0x08005af0                PendSV_Handler
 .text.SysTick_Handler
                0x08005afc        0xc CMakeFiles/CM4_stm32.dir/Core/Src/stm32f4xx_it.c.obj
                0x08005afc                SysTick_Handler
 .text.DMA1_Stream0_IRQHandler
                0x08005b08       0x14 CMakeFiles/CM4_stm32.dir/Core/Src/stm32f4xx_it.c.obj
                0x08005b08                DMA1_Stream0_IRQHandler
 .text.DMA1_Stream5_IRQHandler
                0x08005b1c       0x14 CMakeFiles/CM4_stm32.dir/Core/Src/stm32f4xx_it.c.obj
                0x08005b1c                DMA1_Stream5_IRQHandler
 .text.TIM2_IRQHandler
                0x08005b30       0x14 CMakeFiles/CM4_stm32.dir/Core/Src/stm32f4xx_it.c.obj
                0x08005b30                TIM2_IRQHandler
 .text.TIM3_IRQHandler
                0x08005b44       0x1c CMakeFiles/CM4_stm32.dir/Core/Src/stm32f4xx_it.c.obj
                0x08005b44                TIM3_IRQHandler
 .text.DMA2_Stream0_IRQHandler
                0x08005b60       0x14 CMakeFiles/CM4_stm32.dir/Core/Src/stm32f4xx_it.c.obj
                0x08005b60                DMA2_Stream0_IRQHandler
 .text.DMA2_Stream3_IRQHandler
                0x08005b74       0x14 CMakeFiles/CM4_stm32.dir/Core/Src/stm32f4xx_it.c.obj
                0x08005b74                DMA2_Stream3_IRQHandler
 .text.CAN2_TX_IRQHandler
                0x08005b88       0x14 CMakeFiles/CM4_stm32.dir/Core/Src/stm32f4xx_it.c.obj
                0x08005b88                CAN2_TX_IRQHandler
 .text.CAN2_RX1_IRQHandler
                0x08005b9c       0x14 CMakeFiles/CM4_stm32.dir/Core/Src/stm32f4xx_it.c.obj
                0x08005b9c                CAN2_RX1_IRQHandler
 .text.HAL_MspInit
                0x08005bb0       0x50 CMakeFiles/CM4_stm32.dir/Core/Src/stm32f4xx_hal_msp.c.obj
                0x08005bb0                HAL_MspInit
 .text.Reset_Handler
                0x08005c00       0x50 CMakeFiles/CM4_stm32.dir/startup_stm32f405xx.s.obj
                0x08005c00                Reset_Handler
 .text.Default_Handler
                0x08005c50        0x2 CMakeFiles/CM4_stm32.dir/startup_stm32f405xx.s.obj
                0x08005c50                RTC_Alarm_IRQHandler
                0x08005c50                HASH_RNG_IRQHandler
                0x08005c50                EXTI2_IRQHandler
                0x08005c50                TIM8_CC_IRQHandler
                0x08005c50                TIM1_CC_IRQHandler
                0x08005c50                DMA2_Stream5_IRQHandler
                0x08005c50                PVD_IRQHandler
                0x08005c50                SDIO_IRQHandler
                0x08005c50                TAMP_STAMP_IRQHandler
                0x08005c50                EXTI3_IRQHandler
                0x08005c50                TIM8_TRG_COM_TIM14_IRQHandler
                0x08005c50                TIM1_UP_TIM10_IRQHandler
                0x08005c50                TIM8_UP_TIM13_IRQHandler
                0x08005c50                I2C3_ER_IRQHandler
                0x08005c50                EXTI0_IRQHandler
                0x08005c50                I2C2_EV_IRQHandler
                0x08005c50                DMA1_Stream2_IRQHandler
                0x08005c50                CAN1_RX0_IRQHandler
                0x08005c50                FPU_IRQHandler
                0x08005c50                OTG_HS_WKUP_IRQHandler
                0x08005c50                CAN2_SCE_IRQHandler
                0x08005c50                DMA2_Stream2_IRQHandler
                0x08005c50                SPI1_IRQHandler
                0x08005c50                TIM6_DAC_IRQHandler
                0x08005c50                TIM1_BRK_TIM9_IRQHandler
                0x08005c50                CAN2_RX0_IRQHandler
                0x08005c50                USART6_IRQHandler
                0x08005c50                USART3_IRQHandler
                0x08005c50                CAN1_RX1_IRQHandler
                0x08005c50                UART5_IRQHandler
                0x08005c50                TIM4_IRQHandler
                0x08005c50                I2C1_EV_IRQHandler
                0x08005c50                DMA1_Stream6_IRQHandler
                0x08005c50                DMA1_Stream1_IRQHandler
                0x08005c50                UART4_IRQHandler
                0x08005c50                RCC_IRQHandler
                0x08005c50                TIM8_BRK_TIM12_IRQHandler
                0x08005c50                Default_Handler
                0x08005c50                EXTI15_10_IRQHandler
                0x08005c50                ADC_IRQHandler
                0x08005c50                DMA1_Stream7_IRQHandler
                0x08005c50                TIM7_IRQHandler
                0x08005c50                TIM5_IRQHandler
                0x08005c50                DMA2_Stream7_IRQHandler
                0x08005c50                I2C3_EV_IRQHandler
                0x08005c50                EXTI9_5_IRQHandler
                0x08005c50                RTC_WKUP_IRQHandler
                0x08005c50                SPI2_IRQHandler
                0x08005c50                OTG_HS_EP1_IN_IRQHandler
                0x08005c50                CAN1_TX_IRQHandler
                0x08005c50                EXTI4_IRQHandler
                0x08005c50                FSMC_IRQHandler
                0x08005c50                OTG_HS_EP1_OUT_IRQHandler
                0x08005c50                WWDG_IRQHandler
                0x08005c50                OTG_FS_WKUP_IRQHandler
                0x08005c50                TIM1_TRG_COM_TIM11_IRQHandler
                0x08005c50                OTG_HS_IRQHandler
                0x08005c50                EXTI1_IRQHandler
                0x08005c50                USART2_IRQHandler
                0x08005c50                I2C2_ER_IRQHandler
                0x08005c50                DMA2_Stream1_IRQHandler
                0x08005c50                CAN1_SCE_IRQHandler
                0x08005c50                FLASH_IRQHandler
                0x08005c50                DMA2_Stream4_IRQHandler
                0x08005c50                USART1_IRQHandler
                0x08005c50                OTG_FS_IRQHandler
                0x08005c50                SPI3_IRQHandler
                0x08005c50                DMA1_Stream4_IRQHandler
                0x08005c50                I2C1_ER_IRQHandler
                0x08005c50                DMA2_Stream6_IRQHandler
                0x08005c50                DMA1_Stream3_IRQHandler
 .text.memset   0x08005c52       0x10 D:/arm-none-eabi-gcc/arm-gnu-toolchain-15.2.rel1-mingw-w64-i686-arm-none-eabi/bin/../lib/gcc/arm-none-eabi/15.2.1/../../../../arm-none-eabi/lib/thumb/v7e-m+fp/hard\libc_nano.a(libc_a-memset.o)
                0x08005c52                memset
 *fill*         0x08005c62        0x2 
 .text.__libc_init_array
                0x08005c64       0x48 D:/arm-none-eabi-gcc/arm-gnu-toolchain-15.2.rel1-mingw-w64-i686-arm-none-eabi/bin/../lib/gcc/arm-none-eabi/15.2.1/../../../../arm-none-eabi/lib/thumb/v7e-m+fp/hard\libc_nano.a(libc_a-init.o)
                0x08005c64                __libc_init_array
 .text.__udivmoddi4
                0x08005cac      0x320 D:/arm-none-eabi-gcc/arm-gnu-toolchain-15.2.rel1-mingw-w64-i686-arm-none-eabi/bin/../lib/gcc/arm-none-eabi/15.2.1/thumb/v7e-m+fp/hard\libgcc.a(_udivmoddi4.o)
                0x08005cac                __udivmoddi4
 *(.glue_7)
 .glue_7        0x08005fcc        0x0 linker stubs
 *(.glue_7t)
 .glue_7t       0x08005fcc        0x0 linker stubs
 *(.eh_frame)
 .eh_frame      0x08005fcc        0x0 D:/arm-none-eabi-gcc/arm-gnu-toolchain-15.2.rel1-mingw-w64-i686-arm-none-eabi/bin/../lib/gcc/arm-none-eabi/15.2.1/thumb/v7e-m+fp/hard/crtbegin.o
 *(.init)
 .init          0x08005fcc        0x4 D:/arm-none-eabi-gcc/arm-gnu-toolchain-15.2.rel1-mingw-w64-i686-arm-none-eabi/bin/../lib/gcc/arm-none-eabi/15.2.1/thumb/v7e-m+fp/hard/crti.o
                0x08005fcc                _init
 .init          0x08005fd0        0x8 D:/arm-none-eabi-gcc/arm-gnu-toolchain-15.2.rel1-mingw-w64-i686-arm-none-eabi/bin/../lib/gcc/arm-none-eabi/15.2.1/thumb/v7e-m+fp/hard/crtn.o
 *(.fini)
 .fini          0x08005fd8        0x4 D:/arm-none-eabi-gcc/arm-gnu-toolchain-15.2.rel1-mingw-w64-i686-arm-none-eabi/bin/../lib/gcc/arm-none-eabi/15.2.1/thumb/v7e-m+fp/hard/crti.o
                0x08005fd8                _fini
 .fini          0x08005fdc        0x8 D:/arm-none-eabi-gcc/arm-gnu-toolchain-15.2.rel1-mingw-w64-i686-arm-none-eabi/bin/../lib/gcc/arm-none-eabi/15.2.1/thumb/v7e-m+fp/hard/crtn.o
                0x08005fe4                        . = ALIGN (0x4)
                0x08005fe4                        _etext = .

.vfp11_veneer   0x08005fe4        0x0
 .vfp11_veneer  0x08005fe4        0x0 linker stubs

.v4_bx          0x08005fe4        0x0
 .v4_bx         0x08005fe4        0x0 linker stubs

.iplt           0x08005fe4        0x0
 .iplt          0x08005fe4        0x0 D:/arm-none-eabi-gcc/arm-gnu-toolchain-15.2.rel1-mingw-w64-i686-arm-none-eabi/bin/../lib/gcc/arm-none-eabi/15.2.1/thumb/v7e-m+fp/hard/crtbegin.o

.rodata         0x08005fe4       0x1c
                0x08005fe4                        . = ALIGN (0x4)
 *(.rodata)
 .rodata        0x08005fe4        0x3 CMakeFiles/CM4_stm32.dir/Core/Src/main.c.obj
 *(.rodata*)
 *fill*         0x08005fe7        0x1 
 .rodata.AHBPrescTable
                0x08005fe8       0x10 cmake/stm32cubemx/CMakeFiles/STM32_Drivers.dir/__/__/Core/Src/system_stm32f4xx.c.obj
                0x08005fe8                AHBPrescTable
 .rodata.flagBitshiftOffset.0
                0x08005ff8        0x8 cmake/stm32cubemx/CMakeFiles/STM32_Drivers.dir/__/__/Drivers/STM32F4xx_HAL_Driver/Src/stm32f4xx_hal_dma.c.obj
                0x08006000                        . = ALIGN (0x4)

.ARM.extab
 *(.ARM.extab* .gnu.linkonce.armextab.*)

.ARM            0x08006000        0x8
                0x08006000                        __exidx_start = .
 *(.ARM.exidx*)
 .ARM.exidx.text.__udivmoddi4
                0x08006000        0x8 D:/arm-none-eabi-gcc/arm-gnu-toolchain-15.2.rel1-mingw-w64-i686-arm-none-eabi/bin/../lib/gcc/arm-none-eabi/15.2.1/thumb/v7e-m+fp/hard\libgcc.a(_udivmoddi4.o)
                0x08006008                        __exidx_end = .

.rel.dyn        0x08006008        0x0
 .rel.iplt      0x08006008        0x0 D:/arm-none-eabi-gcc/arm-gnu-toolchain-15.2.rel1-mingw-w64-i686-arm-none-eabi/bin/../lib/gcc/arm-none-eabi/15.2.1/thumb/v7e-m+fp/hard/crtbegin.o

.preinit_array  0x08006008        0x0
                0x08006008                        PROVIDE (__preinit_array_start = .)
 *(.preinit_array*)
                0x08006008                        PROVIDE (__preinit_array_end = .)

.init_array     0x08006008        0x4
                0x08006008                        PROVIDE (__init_array_start = .)
 *(SORT_BY_NAME(.init_array.*))
 *(.init_array*)
 .init_array    0x08006008        0x4 D:/arm-none-eabi-gcc/arm-gnu-toolchain-15.2.rel1-mingw-w64-i686-arm-none-eabi/bin/../lib/gcc/arm-none-eabi/15.2.1/thumb/v7e-m+fp/hard/crtbegin.o
                0x0800600c                        PROVIDE (__init_array_end = .)

.fini_array     0x0800600c        0x4
                [!provide]                        PROVIDE (__fini_array_start = .)
 *(SORT_BY_NAME(.fini_array.*))
 *(.fini_array*)
 .fini_array    0x0800600c        0x4 D:/arm-none-eabi-gcc/arm-gnu-toolchain-15.2.rel1-mingw-w64-i686-arm-none-eabi/bin/../lib/gcc/arm-none-eabi/15.2.1/thumb/v7e-m+fp/hard/crtbegin.o
                [!provide]                        PROVIDE (__fini_array_end = .)
                0x08006010                        _sidata = LOADADDR (.data)

.data           0x20000000        0xc load address 0x08006010
                0x20000000                        . = ALIGN (0x4)
                0x20000000                        _sdata = .
 *(.data)
 *(.data*)
 .data.SystemCoreClock
                0x20000000        0x4 cmake/stm32cubemx/CMakeFiles/STM32_Drivers.dir/__/__/Core/Src/system_stm32f4xx.c.obj
                0x20000000                SystemCoreClock
 .data.uwTickPrio
                0x20000004        0x4 cmake/stm32cubemx/CMakeFiles/STM32_Drivers.dir/__/__/Drivers/STM32F4xx_HAL_Driver/Src/stm32f4xx_hal.c.obj
                0x20000004                uwTickPrio
 .data.uwTickFreq
                0x20000008        0x1 cmake/stm32cubemx/CMakeFiles/STM32_Drivers.dir/__/__/Drivers/STM32F4xx_HAL_Driver/Src/stm32f4xx_hal.c.obj
                0x20000008                uwTickFreq
                0x2000000c                        . = ALIGN (0x4)
 *fill*         0x20000009        0x3 
                0x2000000c                        _edata = .
                0x0800601c                        _siccmram = LOADADDR (.ccmram)

.tm_clone_table
                0x2000000c        0x0 load address 0x0800601c
 .tm_clone_table
                0x2000000c        0x0 D:/arm-none-eabi-gcc/arm-gnu-toolchain-15.2.rel1-mingw-w64-i686-arm-none-eabi/bin/../lib/gcc/arm-none-eabi/15.2.1/thumb/v7e-m+fp/hard/crtbegin.o
 .tm_clone_table
                0x2000000c        0x0 D:/arm-none-eabi-gcc/arm-gnu-toolchain-15.2.rel1-mingw-w64-i686-arm-none-eabi/bin/../lib/gcc/arm-none-eabi/15.2.1/thumb/v7e-m+fp/hard/crtend.o

.igot.plt       0x2000000c        0x0 load address 0x0800601c
 .igot.plt      0x2000000c        0x0 D:/arm-none-eabi-gcc/arm-gnu-toolchain-15.2.rel1-mingw-w64-i686-arm-none-eabi/bin/../lib/gcc/arm-none-eabi/15.2.1/thumb/v7e-m+fp/hard/crtbegin.o

.ccmram         0x10000000        0x0 load address 0x0800601c
                0x10000000                        . = ALIGN (0x4)
                0x10000000                        _sccmram = .
 *(.ccmram)
 *(.ccmram*)
                0x10000000                        . = ALIGN (0x4)
                0x10000000                        _eccmram = .
                0x10000000                        . = ALIGN (0x4)

.bss            0x2000000c      0x400
                0x2000000c                        _sbss = .
                0x2000000c                        __bss_start__ = _sbss
 *(.bss)
 *(.bss*)
 .bss.completed.1
                0x2000000c        0x1 D:/arm-none-eabi-gcc/arm-gnu-toolchain-15.2.rel1-mingw-w64-i686-arm-none-eabi/bin/../lib/gcc/arm-none-eabi/15.2.1/thumb/v7e-m+fp/hard/crtbegin.o
 *fill*         0x2000000d        0x3 
 .bss.object.0  0x20000010       0x18 D:/arm-none-eabi-gcc/arm-gnu-toolchain-15.2.rel1-mingw-w64-i686-arm-none-eabi/bin/../lib/gcc/arm-none-eabi/15.2.1/thumb/v7e-m+fp/hard/crtbegin.o
 .bss.uwTick    0x20000028        0x4 cmake/stm32cubemx/CMakeFiles/STM32_Drivers.dir/__/__/Drivers/STM32F4xx_HAL_Driver/Src/stm32f4xx_hal.c.obj
                0x20000028                uwTick
 .bss.motion_burst_data_R
                0x2000002c        0xc CMakeFiles/CM4_stm32.dir/Core/Src/main.c.obj
                0x2000002c                motion_burst_data_R
 .bss.motion_burst_data_L
                0x20000038        0xc CMakeFiles/CM4_stm32.dir/Core/Src/main.c.obj
                0x20000038                motion_burst_data_L
 .bss.X_Speed_R
                0x20000044        0x2 CMakeFiles/CM4_stm32.dir/Core/Src/main.c.obj
                0x20000044                X_Speed_R
 .bss.Y_Speed_R
                0x20000046        0x2 CMakeFiles/CM4_stm32.dir/Core/Src/main.c.obj
                0x20000046                Y_Speed_R
 .bss.X_Speed_L
                0x20000048        0x2 CMakeFiles/CM4_stm32.dir/Core/Src/main.c.obj
                0x20000048                X_Speed_L
 .bss.Y_Speed_L
                0x2000004a        0x2 CMakeFiles/CM4_stm32.dir/Core/Src/main.c.obj
                0x2000004a                Y_Speed_L
 .bss.X_R       0x2000004c        0x4 CMakeFiles/CM4_stm32.dir/Core/Src/main.c.obj
                0x2000004c                X_R
 .bss.Y_R       0x20000050        0x4 CMakeFiles/CM4_stm32.dir/Core/Src/main.c.obj
                0x20000050                Y_R
 .bss.X_L       0x20000054        0x4 CMakeFiles/CM4_stm32.dir/Core/Src/main.c.obj
                0x20000054                X_L
 .bss.Y_L       0x20000058        0x4 CMakeFiles/CM4_stm32.dir/Core/Src/main.c.obj
                0x20000058                Y_L
 .bss.spi1_done
                0x2000005c        0x1 CMakeFiles/CM4_stm32.dir/Core/Src/main.c.obj
                0x2000005c                spi1_done
 .bss.spi3_done
                0x2000005d        0x1 CMakeFiles/CM4_stm32.dir/Core/Src/main.c.obj
                0x2000005d                spi3_done
 .bss.burst_flag
                0x2000005e        0x1 CMakeFiles/CM4_stm32.dir/Core/Src/main.c.obj
                0x2000005e                burst_flag
 .bss.final_shift
                0x2000005f        0x1 CMakeFiles/CM4_stm32.dir/Core/Src/main.c.obj
                0x2000005f                final_shift
 .bss.tx_buf_R  0x20000060        0x3 CMakeFiles/CM4_stm32.dir/Core/Src/main.c.obj
                0x20000060                tx_buf_R
 *fill*         0x20000063        0x1 
 .bss.rx_buf_R  0x20000064        0x3 CMakeFiles/CM4_stm32.dir/Core/Src/main.c.obj
                0x20000064                rx_buf_R
 *fill*         0x20000067        0x1 
 .bss.tx_buf_L  0x20000068        0x3 CMakeFiles/CM4_stm32.dir/Core/Src/main.c.obj
                0x20000068                tx_buf_L
 *fill*         0x2000006b        0x1 
 .bss.rx_buf_L  0x2000006c        0x3 CMakeFiles/CM4_stm32.dir/Core/Src/main.c.obj
                0x2000006c                rx_buf_L
 *fill*         0x2000006f        0x1 
 .bss.buffer    0x20000070       0x18 CMakeFiles/CM4_stm32.dir/Core/Src/main.c.obj
                0x20000070                buffer
 .bss.debug1_t  0x20000088        0x1 CMakeFiles/CM4_stm32.dir/Core/Src/main.c.obj
                0x20000088                debug1_t
 .bss.debug2_t  0x20000089        0x1 CMakeFiles/CM4_stm32.dir/Core/Src/main.c.obj
                0x20000089                debug2_t
 .bss.debug3_t  0x2000008a        0x1 CMakeFiles/CM4_stm32.dir/Core/Src/main.c.obj
                0x2000008a                debug3_t
 .bss.debug4_t  0x2000008b        0x1 CMakeFiles/CM4_stm32.dir/Core/Src/main.c.obj
                0x2000008b                debug4_t
 .bss.rx_header
                0x2000008c       0x1c CMakeFiles/CM4_stm32.dir/Core/Src/main.c.obj
 .bss.tx_header
                0x200000a8       0x18 CMakeFiles/CM4_stm32.dir/Core/Src/main.c.obj
 .bss.can1TxData1
                0x200000c0        0x8 CMakeFiles/CM4_stm32.dir/Core/Src/main.c.obj
                0x200000c0                can1TxData1
 .bss.can1TxData2
                0x200000c8        0x8 CMakeFiles/CM4_stm32.dir/Core/Src/main.c.obj
                0x200000c8                can1TxData2
 .bss.can1RxData
                0x200000d0        0x8 CMakeFiles/CM4_stm32.dir/Core/Src/main.c.obj
 .bss.can_error
                0x200000d8        0x4 CMakeFiles/CM4_stm32.dir/Core/Src/main.c.obj
                0x200000d8                can_error
 .bss.hcan2     0x200000dc       0x28 CMakeFiles/CM4_stm32.dir/Core/Src/can.c.obj
                0x200000dc                hcan2
 .bss.hspi1     0x20000104       0x58 CMakeFiles/CM4_stm32.dir/Core/Src/spi.c.obj
                0x20000104                hspi1
 .bss.hspi3     0x2000015c       0x58 CMakeFiles/CM4_stm32.dir/Core/Src/spi.c.obj
                0x2000015c                hspi3
 .bss.hdma_spi1_tx
                0x200001b4       0x60 CMakeFiles/CM4_stm32.dir/Core/Src/spi.c.obj
                0x200001b4                hdma_spi1_tx
 .bss.hdma_spi1_rx
                0x20000214       0x60 CMakeFiles/CM4_stm32.dir/Core/Src/spi.c.obj
                0x20000214                hdma_spi1_rx
 .bss.hdma_spi3_rx
                0x20000274       0x60 CMakeFiles/CM4_stm32.dir/Core/Src/spi.c.obj
                0x20000274                hdma_spi3_rx
 .bss.hdma_spi3_tx
                0x200002d4       0x60 CMakeFiles/CM4_stm32.dir/Core/Src/spi.c.obj
                0x200002d4                hdma_spi3_tx
 .bss.htim2     0x20000334       0x48 CMakeFiles/CM4_stm32.dir/Core/Src/tim.c.obj
                0x20000334                htim2
 .bss.htim3     0x2000037c       0x48 CMakeFiles/CM4_stm32.dir/Core/Src/tim.c.obj
                0x2000037c                htim3
 .bss.htim9     0x200003c4       0x48 CMakeFiles/CM4_stm32.dir/Core/Src/tim.c.obj
                0x200003c4                htim9
 *(COMMON)
                0x2000040c                        . = ALIGN (0x4)
                0x2000040c                        _ebss = .
                0x2000040c                        __bss_end__ = _ebss

._user_heap_stack
                0x2000040c      0x604
                0x20000410                        . = ALIGN (0x8)
 *fill*         0x2000040c        0x4 
                [!provide]                        PROVIDE (end = .)
                0x20000410                        PROVIDE (_end = .)
                0x20000610                        . = (. + _Min_Heap_Size)
 *fill*         0x20000410      0x200 
                0x20000a10                        . = (. + _Min_Stack_Size)
 *fill*         0x20000610      0x400 
                0x20000a10                        . = ALIGN (0x8)

/DISCARD/
 libc.a(*)
 libm.a(*)
 libgcc.a(*)

.ARM.attributes
                0x00000000       0x30
 *(.ARM.attributes)
 .ARM.attributes
                0x00000000       0x22 D:/arm-none-eabi-gcc/arm-gnu-toolchain-15.2.rel1-mingw-w64-i686-arm-none-eabi/bin/../lib/gcc/arm-none-eabi/15.2.1/thumb/v7e-m+fp/hard/crti.o
 .ARM.attributes
                0x00000022       0x34 D:/arm-none-eabi-gcc/arm-gnu-toolchain-15.2.rel1-mingw-w64-i686-arm-none-eabi/bin/../lib/gcc/arm-none-eabi/15.2.1/thumb/v7e-m+fp/hard/crtbegin.o
 .ARM.attributes
                0x00000056       0x34 cmake/stm32cubemx/CMakeFiles/STM32_Drivers.dir/__/__/Core/Src/system_stm32f4xx.c.obj
 .ARM.attributes
                0x0000008a       0x34 cmake/stm32cubemx/CMakeFiles/STM32_Drivers.dir/__/__/Drivers/STM32F4xx_HAL_Driver/Src/stm32f4xx_hal_can.c.obj
 .ARM.attributes
                0x000000be       0x34 cmake/stm32cubemx/CMakeFiles/STM32_Drivers.dir/__/__/Drivers/STM32F4xx_HAL_Driver/Src/stm32f4xx_hal_rcc.c.obj
 .ARM.attributes
                0x000000f2       0x34 cmake/stm32cubemx/CMakeFiles/STM32_Drivers.dir/__/__/Drivers/STM32F4xx_HAL_Driver/Src/stm32f4xx_hal_gpio.c.obj
 .ARM.attributes
                0x00000126       0x34 cmake/stm32cubemx/CMakeFiles/STM32_Drivers.dir/__/__/Drivers/STM32F4xx_HAL_Driver/Src/stm32f4xx_hal_dma.c.obj
 .ARM.attributes
                0x0000015a       0x34 cmake/stm32cubemx/CMakeFiles/STM32_Drivers.dir/__/__/Drivers/STM32F4xx_HAL_Driver/Src/stm32f4xx_hal_cortex.c.obj
 .ARM.attributes
                0x0000018e       0x34 cmake/stm32cubemx/CMakeFiles/STM32_Drivers.dir/__/__/Drivers/STM32F4xx_HAL_Driver/Src/stm32f4xx_hal.c.obj
 .ARM.attributes
                0x000001c2       0x34 cmake/stm32cubemx/CMakeFiles/STM32_Drivers.dir/__/__/Drivers/STM32F4xx_HAL_Driver/Src/stm32f4xx_hal_spi.c.obj
 .ARM.attributes
                0x000001f6       0x34 cmake/stm32cubemx/CMakeFiles/STM32_Drivers.dir/__/__/Drivers/STM32F4xx_HAL_Driver/Src/stm32f4xx_hal_tim.c.obj
 .ARM.attributes
                0x0000022a       0x34 cmake/stm32cubemx/CMakeFiles/STM32_Drivers.dir/__/__/Drivers/STM32F4xx_HAL_Driver/Src/stm32f4xx_hal_tim_ex.c.obj
 .ARM.attributes
                0x0000025e       0x34 CMakeFiles/CM4_stm32.dir/Core/Src/main.c.obj
 .ARM.attributes
                0x00000292       0x34 CMakeFiles/CM4_stm32.dir/Core/Src/gpio.c.obj
 .ARM.attributes
                0x000002c6       0x34 CMakeFiles/CM4_stm32.dir/Core/Src/can.c.obj
 .ARM.attributes
                0x000002fa       0x34 CMakeFiles/CM4_stm32.dir/Core/Src/dma.c.obj
 .ARM.attributes
                0x0000032e       0x34 CMakeFiles/CM4_stm32.dir/Core/Src/spi.c.obj
 .ARM.attributes
                0x00000362       0x34 CMakeFiles/CM4_stm32.dir/Core/Src/tim.c.obj
 .ARM.attributes
                0x00000396       0x34 CMakeFiles/CM4_stm32.dir/Core/Src/stm32f4xx_it.c.obj
 .ARM.attributes
                0x000003ca       0x34 CMakeFiles/CM4_stm32.dir/Core/Src/stm32f4xx_hal_msp.c.obj
 .ARM.attributes
                0x000003fe       0x21 CMakeFiles/CM4_stm32.dir/startup_stm32f405xx.s.obj
 .ARM.attributes
                0x0000041f       0x34 D:/arm-none-eabi-gcc/arm-gnu-toolchain-15.2.rel1-mingw-w64-i686-arm-none-eabi/bin/../lib/gcc/arm-none-eabi/15.2.1/../../../../arm-none-eabi/lib/thumb/v7e-m+fp/hard\libc_nano.a(libc_a-memset.o)
 .ARM.attributes
                0x00000453       0x34 D:/arm-none-eabi-gcc/arm-gnu-toolchain-15.2.rel1-mingw-w64-i686-arm-none-eabi/bin/../lib/gcc/arm-none-eabi/15.2.1/../../../../arm-none-eabi/lib/thumb/v7e-m+fp/hard\libc_nano.a(libc_a-init.o)
 .ARM.attributes
                0x00000487       0x22 D:/arm-none-eabi-gcc/arm-gnu-toolchain-15.2.rel1-mingw-w64-i686-arm-none-eabi/bin/../lib/gcc/arm-none-eabi/15.2.1/thumb/v7e-m+fp/hard\libgcc.a(_arm_addsubdf3.o)
 .ARM.attributes
                0x000004a9       0x22 D:/arm-none-eabi-gcc/arm-gnu-toolchain-15.2.rel1-mingw-w64-i686-arm-none-eabi/bin/../lib/gcc/arm-none-eabi/15.2.1/thumb/v7e-m+fp/hard\libgcc.a(_arm_muldivdf3.o)
 .ARM.attributes
                0x000004cb       0x22 D:/arm-none-eabi-gcc/arm-gnu-toolchain-15.2.rel1-mingw-w64-i686-arm-none-eabi/bin/../lib/gcc/arm-none-eabi/15.2.1/thumb/v7e-m+fp/hard\libgcc.a(_arm_truncdfsf2.o)
 .ARM.attributes
                0x000004ed       0x22 D:/arm-none-eabi-gcc/arm-gnu-toolchain-15.2.rel1-mingw-w64-i686-arm-none-eabi/bin/../lib/gcc/arm-none-eabi/15.2.1/thumb/v7e-m+fp/hard\libgcc.a(_aeabi_uldivmod.o)
 .ARM.attributes
                0x0000050f       0x34 D:/arm-none-eabi-gcc/arm-gnu-toolchain-15.2.rel1-mingw-w64-i686-arm-none-eabi/bin/../lib/gcc/arm-none-eabi/15.2.1/thumb/v7e-m+fp/hard\libgcc.a(_udivmoddi4.o)
 .ARM.attributes
                0x00000543       0x22 D:/arm-none-eabi-gcc/arm-gnu-toolchain-15.2.rel1-mingw-w64-i686-arm-none-eabi/bin/../lib/gcc/arm-none-eabi/15.2.1/thumb/v7e-m+fp/hard\libgcc.a(_dvmd_tls.o)
 .ARM.attributes
                0x00000565       0x34 D:/arm-none-eabi-gcc/arm-gnu-toolchain-15.2.rel1-mingw-w64-i686-arm-none-eabi/bin/../lib/gcc/arm-none-eabi/15.2.1/thumb/v7e-m+fp/hard/crtend.o
 .ARM.attributes
                0x00000599       0x22 D:/arm-none-eabi-gcc/arm-gnu-toolchain-15.2.rel1-mingw-w64-i686-arm-none-eabi/bin/../lib/gcc/arm-none-eabi/15.2.1/thumb/v7e-m+fp/hard/crtn.o
OUTPUT(CM4_stm32.elf elf32-littlearm)
LOAD linker stubs
LOAD D:/arm-none-eabi-gcc/arm-gnu-toolchain-15.2.rel1-mingw-w64-i686-arm-none-eabi/bin/../lib/gcc/arm-none-eabi/15.2.1/../../../../arm-none-eabi/lib/thumb/v7e-m+fp/hard\libc.a
LOAD D:/arm-none-eabi-gcc/arm-gnu-toolchain-15.2.rel1-mingw-w64-i686-arm-none-eabi/bin/../lib/gcc/arm-none-eabi/15.2.1/../../../../arm-none-eabi/lib/thumb/v7e-m+fp/hard\libm.a
LOAD D:/arm-none-eabi-gcc/arm-gnu-toolchain-15.2.rel1-mingw-w64-i686-arm-none-eabi/bin/../lib/gcc/arm-none-eabi/15.2.1/thumb/v7e-m+fp/hard\libgcc.a

.debug_info     0x00000000     0xeb21
 .debug_info    0x00000000      0x512 cmake/stm32cubemx/CMakeFiles/STM32_Drivers.dir/__/__/Core/Src/system_stm32f4xx.c.obj
 .debug_info    0x00000512      0xf4c cmake/stm32cubemx/CMakeFiles/STM32_Drivers.dir/__/__/Drivers/STM32F4xx_HAL_Driver/Src/stm32f4xx_hal_can.c.obj
 .debug_info    0x0000145e      0x8c3 cmake/stm32cubemx/CMakeFiles/STM32_Drivers.dir/__/__/Drivers/STM32F4xx_HAL_Driver/Src/stm32f4xx_hal_rcc.c.obj
 .debug_info    0x00001d21      0x6c3 cmake/stm32cubemx/CMakeFiles/STM32_Drivers.dir/__/__/Drivers/STM32F4xx_HAL_Driver/Src/stm32f4xx_hal_gpio.c.obj
 .debug_info    0x000023e4      0x8e7 cmake/stm32cubemx/CMakeFiles/STM32_Drivers.dir/__/__/Drivers/STM32F4xx_HAL_Driver/Src/stm32f4xx_hal_dma.c.obj
 .debug_info    0x00002ccb      0xd7a cmake/stm32cubemx/CMakeFiles/STM32_Drivers.dir/__/__/Drivers/STM32F4xx_HAL_Driver/Src/stm32f4xx_hal_cortex.c.obj
 .debug_info    0x00003a45      0x932 cmake/stm32cubemx/CMakeFiles/STM32_Drivers.dir/__/__/Drivers/STM32F4xx_HAL_Driver/Src/stm32f4xx_hal.c.obj
 .debug_info    0x00004377     0x1525 cmake/stm32cubemx/CMakeFiles/STM32_Drivers.dir/__/__/Drivers/STM32F4xx_HAL_Driver/Src/stm32f4xx_hal_spi.c.obj
 .debug_info    0x0000589c     0x299d cmake/stm32cubemx/CMakeFiles/STM32_Drivers.dir/__/__/Drivers/STM32F4xx_HAL_Driver/Src/stm32f4xx_hal_tim.c.obj
 .debug_info    0x00008239     0x14db cmake/stm32cubemx/CMakeFiles/STM32_Drivers.dir/__/__/Drivers/STM32F4xx_HAL_Driver/Src/stm32f4xx_hal_tim_ex.c.obj
 .debug_info    0x00009714     0x1b99 CMakeFiles/CM4_stm32.dir/Core/Src/main.c.obj
 .debug_info    0x0000b2ad      0x409 CMakeFiles/CM4_stm32.dir/Core/Src/gpio.c.obj
 .debug_info    0x0000b6b6      0xabf CMakeFiles/CM4_stm32.dir/Core/Src/can.c.obj
 .debug_info    0x0000c175      0x4b4 CMakeFiles/CM4_stm32.dir/Core/Src/dma.c.obj
 .debug_info    0x0000c629      0xa10 CMakeFiles/CM4_stm32.dir/Core/Src/spi.c.obj
 .debug_info    0x0000d039      0xca5 CMakeFiles/CM4_stm32.dir/Core/Src/tim.c.obj
 .debug_info    0x0000dcde      0xb97 CMakeFiles/CM4_stm32.dir/Core/Src/stm32f4xx_it.c.obj
 .debug_info    0x0000e875      0x27c CMakeFiles/CM4_stm32.dir/Core/Src/stm32f4xx_hal_msp.c.obj
 .debug_info    0x0000eaf1       0x30 CMakeFiles/CM4_stm32.dir/startup_stm32f405xx.s.obj

.debug_abbrev   0x00000000     0x2676
 .debug_abbrev  0x00000000      0x11a cmake/stm32cubemx/CMakeFiles/STM32_Drivers.dir/__/__/Core/Src/system_stm32f4xx.c.obj
 .debug_abbrev  0x0000011a      0x245 cmake/stm32cubemx/CMakeFiles/STM32_Drivers.dir/__/__/Drivers/STM32F4xx_HAL_Driver/Src/stm32f4xx_hal_can.c.obj
 .debug_abbrev  0x0000035f      0x2b7 cmake/stm32cubemx/CMakeFiles/STM32_Drivers.dir/__/__/Drivers/STM32F4xx_HAL_Driver/Src/stm32f4xx_hal_rcc.c.obj
 .debug_abbrev  0x00000616      0x1d4 cmake/stm32cubemx/CMakeFiles/STM32_Drivers.dir/__/__/Drivers/STM32F4xx_HAL_Driver/Src/stm32f4xx_hal_gpio.c.obj
 .debug_abbrev  0x000007ea      0x264 cmake/stm32cubemx/CMakeFiles/STM32_Drivers.dir/__/__/Drivers/STM32F4xx_HAL_Driver/Src/stm32f4xx_hal_dma.c.obj
 .debug_abbrev  0x00000a4e      0x31d cmake/stm32cubemx/CMakeFiles/STM32_Drivers.dir/__/__/Drivers/STM32F4xx_HAL_Driver/Src/stm32f4xx_hal_cortex.c.obj
 .debug_abbrev  0x00000d6b      0x214 cmake/stm32cubemx/CMakeFiles/STM32_Drivers.dir/__/__/Drivers/STM32F4xx_HAL_Driver/Src/stm32f4xx_hal.c.obj
 .debug_abbrev  0x00000f7f      0x27a cmake/stm32cubemx/CMakeFiles/STM32_Drivers.dir/__/__/Drivers/STM32F4xx_HAL_Driver/Src/stm32f4xx_hal_spi.c.obj
 .debug_abbrev  0x000011f9      0x278 cmake/stm32cubemx/CMakeFiles/STM32_Drivers.dir/__/__/Drivers/STM32F4xx_HAL_Driver/Src/stm32f4xx_hal_tim.c.obj
 .debug_abbrev  0x00001471      0x283 cmake/stm32cubemx/CMakeFiles/STM32_Drivers.dir/__/__/Drivers/STM32F4xx_HAL_Driver/Src/stm32f4xx_hal_tim_ex.c.obj
 .debug_abbrev  0x000016f4      0x3cf CMakeFiles/CM4_stm32.dir/Core/Src/main.c.obj
 .debug_abbrev  0x00001ac3      0x152 CMakeFiles/CM4_stm32.dir/Core/Src/gpio.c.obj
 .debug_abbrev  0x00001c15      0x220 CMakeFiles/CM4_stm32.dir/Core/Src/can.c.obj
 .debug_abbrev  0x00001e35      0x11b CMakeFiles/CM4_stm32.dir/Core/Src/dma.c.obj
 .debug_abbrev  0x00001f50      0x216 CMakeFiles/CM4_stm32.dir/Core/Src/spi.c.obj
 .debug_abbrev  0x00002166      0x206 CMakeFiles/CM4_stm32.dir/Core/Src/tim.c.obj
 .debug_abbrev  0x0000236c      0x1f2 CMakeFiles/CM4_stm32.dir/Core/Src/stm32f4xx_it.c.obj
 .debug_abbrev  0x0000255e       0xf4 CMakeFiles/CM4_stm32.dir/Core/Src/stm32f4xx_hal_msp.c.obj
 .debug_abbrev  0x00002652       0x24 CMakeFiles/CM4_stm32.dir/startup_stm32f405xx.s.obj

.debug_aranges  0x00000000      0xe68
 .debug_aranges
                0x00000000       0x28 cmake/stm32cubemx/CMakeFiles/STM32_Drivers.dir/__/__/Core/Src/system_stm32f4xx.c.obj
 .debug_aranges
                0x00000028      0x138 cmake/stm32cubemx/CMakeFiles/STM32_Drivers.dir/__/__/Drivers/STM32F4xx_HAL_Driver/Src/stm32f4xx_hal_can.c.obj
 .debug_aranges
                0x00000160       0x88 cmake/stm32cubemx/CMakeFiles/STM32_Drivers.dir/__/__/Drivers/STM32F4xx_HAL_Driver/Src/stm32f4xx_hal_rcc.c.obj
 .debug_aranges
                0x000001e8       0x58 cmake/stm32cubemx/CMakeFiles/STM32_Drivers.dir/__/__/Drivers/STM32F4xx_HAL_Driver/Src/stm32f4xx_hal_gpio.c.obj
 .debug_aranges
                0x00000240       0x90 cmake/stm32cubemx/CMakeFiles/STM32_Drivers.dir/__/__/Drivers/STM32F4xx_HAL_Driver/Src/stm32f4xx_hal_dma.c.obj
 .debug_aranges
                0x000002d0      0x130 cmake/stm32cubemx/CMakeFiles/STM32_Drivers.dir/__/__/Drivers/STM32F4xx_HAL_Driver/Src/stm32f4xx_hal_cortex.c.obj
 .debug_aranges
                0x00000400       0xf0 cmake/stm32cubemx/CMakeFiles/STM32_Drivers.dir/__/__/Drivers/STM32F4xx_HAL_Driver/Src/stm32f4xx_hal.c.obj
 .debug_aranges
                0x000004f0      0x1d0 cmake/stm32cubemx/CMakeFiles/STM32_Drivers.dir/__/__/Drivers/STM32F4xx_HAL_Driver/Src/stm32f4xx_hal_spi.c.obj
 .debug_aranges
                0x000006c0      0x3d0 cmake/stm32cubemx/CMakeFiles/STM32_Drivers.dir/__/__/Drivers/STM32F4xx_HAL_Driver/Src/stm32f4xx_hal_tim.c.obj
 .debug_aranges
                0x00000a90      0x168 cmake/stm32cubemx/CMakeFiles/STM32_Drivers.dir/__/__/Drivers/STM32F4xx_HAL_Driver/Src/stm32f4xx_hal_tim_ex.c.obj
 .debug_aranges
                0x00000bf8       0xa0 CMakeFiles/CM4_stm32.dir/Core/Src/main.c.obj
 .debug_aranges
                0x00000c98       0x20 CMakeFiles/CM4_stm32.dir/Core/Src/gpio.c.obj
 .debug_aranges
                0x00000cb8       0x30 CMakeFiles/CM4_stm32.dir/Core/Src/can.c.obj
 .debug_aranges
                0x00000ce8       0x20 CMakeFiles/CM4_stm32.dir/Core/Src/dma.c.obj
 .debug_aranges
                0x00000d08       0x38 CMakeFiles/CM4_stm32.dir/Core/Src/spi.c.obj
 .debug_aranges
                0x00000d40       0x40 CMakeFiles/CM4_stm32.dir/Core/Src/tim.c.obj
 .debug_aranges
                0x00000d80       0xa0 CMakeFiles/CM4_stm32.dir/Core/Src/stm32f4xx_it.c.obj
 .debug_aranges
                0x00000e20       0x20 CMakeFiles/CM4_stm32.dir/Core/Src/stm32f4xx_hal_msp.c.obj
 .debug_aranges
                0x00000e40       0x28 CMakeFiles/CM4_stm32.dir/startup_stm32f405xx.s.obj

.debug_rnglists
                0x00000000      0xb1b
 .debug_rnglists
                0x00000000       0x1a cmake/stm32cubemx/CMakeFiles/STM32_Drivers.dir/__/__/Core/Src/system_stm32f4xx.c.obj
 .debug_rnglists
                0x0000001a       0xed cmake/stm32cubemx/CMakeFiles/STM32_Drivers.dir/__/__/Drivers/STM32F4xx_HAL_Driver/Src/stm32f4xx_hal_can.c.obj
 .debug_rnglists
                0x00000107       0x66 cmake/stm32cubemx/CMakeFiles/STM32_Drivers.dir/__/__/Drivers/STM32F4xx_HAL_Driver/Src/stm32f4xx_hal_rcc.c.obj
 .debug_rnglists
                0x0000016d       0x3f cmake/stm32cubemx/CMakeFiles/STM32_Drivers.dir/__/__/Drivers/STM32F4xx_HAL_Driver/Src/stm32f4xx_hal_gpio.c.obj
 .debug_rnglists
                0x000001ac       0x70 cmake/stm32cubemx/CMakeFiles/STM32_Drivers.dir/__/__/Drivers/STM32F4xx_HAL_Driver/Src/stm32f4xx_hal_dma.c.obj
 .debug_rnglists
                0x0000021c       0xdf cmake/stm32cubemx/CMakeFiles/STM32_Drivers.dir/__/__/Drivers/STM32F4xx_HAL_Driver/Src/stm32f4xx_hal_cortex.c.obj
 .debug_rnglists
                0x000002fb       0xaf cmake/stm32cubemx/CMakeFiles/STM32_Drivers.dir/__/__/Drivers/STM32F4xx_HAL_Driver/Src/stm32f4xx_hal.c.obj
 .debug_rnglists
                0x000003aa      0x16f cmake/stm32cubemx/CMakeFiles/STM32_Drivers.dir/__/__/Drivers/STM32F4xx_HAL_Driver/Src/stm32f4xx_hal_spi.c.obj
 .debug_rnglists
                0x00000519      0x319 cmake/stm32cubemx/CMakeFiles/STM32_Drivers.dir/__/__/Drivers/STM32F4xx_HAL_Driver/Src/stm32f4xx_hal_tim.c.obj
 .debug_rnglists
                0x00000832      0x125 cmake/stm32cubemx/CMakeFiles/STM32_Drivers.dir/__/__/Drivers/STM32F4xx_HAL_Driver/Src/stm32f4xx_hal_tim_ex.c.obj
 .debug_rnglists
                0x00000957       0x88 CMakeFiles/CM4_stm32.dir/Core/Src/main.c.obj
 .debug_rnglists
                0x000009df       0x14 CMakeFiles/CM4_stm32.dir/Core/Src/gpio.c.obj
 .debug_rnglists
                0x000009f3       0x20 CMakeFiles/CM4_stm32.dir/Core/Src/can.c.obj
 .debug_rnglists
                0x00000a13       0x14 CMakeFiles/CM4_stm32.dir/Core/Src/dma.c.obj
 .debug_rnglists
                0x00000a27       0x27 CMakeFiles/CM4_stm32.dir/Core/Src/spi.c.obj
 .debug_rnglists
                0x00000a4e       0x2e CMakeFiles/CM4_stm32.dir/Core/Src/tim.c.obj
 .debug_rnglists
                0x00000a7c       0x73 CMakeFiles/CM4_stm32.dir/Core/Src/stm32f4xx_it.c.obj
 .debug_rnglists
                0x00000aef       0x13 CMakeFiles/CM4_stm32.dir/Core/Src/stm32f4xx_hal_msp.c.obj
 .debug_rnglists
                0x00000b02       0x19 CMakeFiles/CM4_stm32.dir/startup_stm32f405xx.s.obj

.debug_macro    0x00000000    0x1fd7e
 .debug_macro   0x00000000      0x1d8 cmake/stm32cubemx/CMakeFiles/STM32_Drivers.dir/__/__/Core/Src/system_stm32f4xx.c.obj
 .debug_macro   0x000001d8      0xaea cmake/stm32cubemx/CMakeFiles/STM32_Drivers.dir/__/__/Core/Src/system_stm32f4xx.c.obj
 .debug_macro   0x00000cc2       0x2e cmake/stm32cubemx/CMakeFiles/STM32_Drivers.dir/__/__/Core/Src/system_stm32f4xx.c.obj
 .debug_macro   0x00000cf0       0x2f cmake/stm32cubemx/CMakeFiles/STM32_Drivers.dir/__/__/Core/Src/system_stm32f4xx.c.obj
 .debug_macro   0x00000d1f       0x22 cmake/stm32cubemx/CMakeFiles/STM32_Drivers.dir/__/__/Core/Src/system_stm32f4xx.c.obj
 .debug_macro   0x00000d41       0x8e cmake/stm32cubemx/CMakeFiles/STM32_Drivers.dir/__/__/Core/Src/system_stm32f4xx.c.obj
 .debug_macro   0x00000dcf       0x51 cmake/stm32cubemx/CMakeFiles/STM32_Drivers.dir/__/__/Core/Src/system_stm32f4xx.c.obj
 .debug_macro   0x00000e20      0x103 cmake/stm32cubemx/CMakeFiles/STM32_Drivers.dir/__/__/Core/Src/system_stm32f4xx.c.obj
 .debug_macro   0x00000f23       0x6a cmake/stm32cubemx/CMakeFiles/STM32_Drivers.dir/__/__/Core/Src/system_stm32f4xx.c.obj
 .debug_macro   0x00000f8d      0x1df cmake/stm32cubemx/CMakeFiles/STM32_Drivers.dir/__/__/Core/Src/system_stm32f4xx.c.obj
 .debug_macro   0x0000116c       0x1c cmake/stm32cubemx/CMakeFiles/STM32_Drivers.dir/__/__/Core/Src/system_stm32f4xx.c.obj
 .debug_macro   0x00001188       0x22 cmake/stm32cubemx/CMakeFiles/STM32_Drivers.dir/__/__/Core/Src/system_stm32f4xx.c.obj
 .debug_macro   0x000011aa       0xfb cmake/stm32cubemx/CMakeFiles/STM32_Drivers.dir/__/__/Core/Src/system_stm32f4xx.c.obj
 .debug_macro   0x000012a5     0x1011 cmake/stm32cubemx/CMakeFiles/STM32_Drivers.dir/__/__/Core/Src/system_stm32f4xx.c.obj
 .debug_macro   0x000022b6      0x11f cmake/stm32cubemx/CMakeFiles/STM32_Drivers.dir/__/__/Core/Src/system_stm32f4xx.c.obj
 .debug_macro   0x000023d5    0x1427b cmake/stm32cubemx/CMakeFiles/STM32_Drivers.dir/__/__/Core/Src/system_stm32f4xx.c.obj
 .debug_macro   0x00016650       0x6d cmake/stm32cubemx/CMakeFiles/STM32_Drivers.dir/__/__/Core/Src/system_stm32f4xx.c.obj
 .debug_macro   0x000166bd      0x2a1 cmake/stm32cubemx/CMakeFiles/STM32_Drivers.dir/__/__/Core/Src/system_stm32f4xx.c.obj
 .debug_macro   0x0001695e     0x3693 cmake/stm32cubemx/CMakeFiles/STM32_Drivers.dir/__/__/Core/Src/system_stm32f4xx.c.obj
 .debug_macro   0x00019ff1      0x190 cmake/stm32cubemx/CMakeFiles/STM32_Drivers.dir/__/__/Core/Src/system_stm32f4xx.c.obj
 .debug_macro   0x0001a181       0x5c cmake/stm32cubemx/CMakeFiles/STM32_Drivers.dir/__/__/Core/Src/system_stm32f4xx.c.obj
 .debug_macro   0x0001a1dd      0x8bc cmake/stm32cubemx/CMakeFiles/STM32_Drivers.dir/__/__/Core/Src/system_stm32f4xx.c.obj
 .debug_macro   0x0001aa99      0x9e9 cmake/stm32cubemx/CMakeFiles/STM32_Drivers.dir/__/__/Core/Src/system_stm32f4xx.c.obj
 .debug_macro   0x0001b482      0x115 cmake/stm32cubemx/CMakeFiles/STM32_Drivers.dir/__/__/Core/Src/system_stm32f4xx.c.obj
 .debug_macro   0x0001b597      0x130 cmake/stm32cubemx/CMakeFiles/STM32_Drivers.dir/__/__/Core/Src/system_stm32f4xx.c.obj
 .debug_macro   0x0001b6c7       0xa5 cmake/stm32cubemx/CMakeFiles/STM32_Drivers.dir/__/__/Core/Src/system_stm32f4xx.c.obj
 .debug_macro   0x0001b76c      0x174 cmake/stm32cubemx/CMakeFiles/STM32_Drivers.dir/__/__/Core/Src/system_stm32f4xx.c.obj
 .debug_macro   0x0001b8e0      0x287 cmake/stm32cubemx/CMakeFiles/STM32_Drivers.dir/__/__/Core/Src/system_stm32f4xx.c.obj
 .debug_macro   0x0001bb67       0x5f cmake/stm32cubemx/CMakeFiles/STM32_Drivers.dir/__/__/Core/Src/system_stm32f4xx.c.obj
 .debug_macro   0x0001bbc6      0x236 cmake/stm32cubemx/CMakeFiles/STM32_Drivers.dir/__/__/Core/Src/system_stm32f4xx.c.obj
 .debug_macro   0x0001bdfc      0x40f cmake/stm32cubemx/CMakeFiles/STM32_Drivers.dir/__/__/Core/Src/system_stm32f4xx.c.obj
 .debug_macro   0x0001c20b      0x12c cmake/stm32cubemx/CMakeFiles/STM32_Drivers.dir/__/__/Core/Src/system_stm32f4xx.c.obj
 .debug_macro   0x0001c337      0x21e cmake/stm32cubemx/CMakeFiles/STM32_Drivers.dir/__/__/Core/Src/system_stm32f4xx.c.obj
 .debug_macro   0x0001c555       0x2e cmake/stm32cubemx/CMakeFiles/STM32_Drivers.dir/__/__/Core/Src/system_stm32f4xx.c.obj
 .debug_macro   0x0001c583      0x127 cmake/stm32cubemx/CMakeFiles/STM32_Drivers.dir/__/__/Core/Src/system_stm32f4xx.c.obj
 .debug_macro   0x0001c6aa       0x7e cmake/stm32cubemx/CMakeFiles/STM32_Drivers.dir/__/__/Core/Src/system_stm32f4xx.c.obj
 .debug_macro   0x0001c728       0x89 cmake/stm32cubemx/CMakeFiles/STM32_Drivers.dir/__/__/Core/Src/system_stm32f4xx.c.obj
 .debug_macro   0x0001c7b1      0x225 cmake/stm32cubemx/CMakeFiles/STM32_Drivers.dir/__/__/Core/Src/system_stm32f4xx.c.obj
 .debug_macro   0x0001c9d6      0x8ed cmake/stm32cubemx/CMakeFiles/STM32_Drivers.dir/__/__/Core/Src/system_stm32f4xx.c.obj
 .debug_macro   0x0001d2c3       0x4d cmake/stm32cubemx/CMakeFiles/STM32_Drivers.dir/__/__/Core/Src/system_stm32f4xx.c.obj
 .debug_macro   0x0001d310      0x12d cmake/stm32cubemx/CMakeFiles/STM32_Drivers.dir/__/__/Core/Src/system_stm32f4xx.c.obj
 .debug_macro   0x0001d43d      0x1e7 cmake/stm32cubemx/CMakeFiles/STM32_Drivers.dir/__/__/Drivers/STM32F4xx_HAL_Driver/Src/stm32f4xx_hal_can.c.obj
 .debug_macro   0x0001d624      0x1fc cmake/stm32cubemx/CMakeFiles/STM32_Drivers.dir/__/__/Drivers/STM32F4xx_HAL_Driver/Src/stm32f4xx_hal_rcc.c.obj
 .debug_macro   0x0001d820      0x1de cmake/stm32cubemx/CMakeFiles/STM32_Drivers.dir/__/__/Drivers/STM32F4xx_HAL_Driver/Src/stm32f4xx_hal_gpio.c.obj
 .debug_macro   0x0001d9fe      0x1de cmake/stm32cubemx/CMakeFiles/STM32_Drivers.dir/__/__/Drivers/STM32F4xx_HAL_Driver/Src/stm32f4xx_hal_dma.c.obj
 .debug_macro   0x0001dbdc      0x1d8 cmake/stm32cubemx/CMakeFiles/STM32_Drivers.dir/__/__/Drivers/STM32F4xx_HAL_Driver/Src/stm32f4xx_hal_cortex.c.obj
 .debug_macro   0x0001ddb4      0x238 cmake/stm32cubemx/CMakeFiles/STM32_Drivers.dir/__/__/Drivers/STM32F4xx_HAL_Driver/Src/stm32f4xx_hal.c.obj
 .debug_macro   0x0001dfec      0x1e7 cmake/stm32cubemx/CMakeFiles/STM32_Drivers.dir/__/__/Drivers/STM32F4xx_HAL_Driver/Src/stm32f4xx_hal_spi.c.obj
 .debug_macro   0x0001e1d3      0x1d9 cmake/stm32cubemx/CMakeFiles/STM32_Drivers.dir/__/__/Drivers/STM32F4xx_HAL_Driver/Src/stm32f4xx_hal_tim.c.obj
 .debug_macro   0x0001e3ac      0x1d8 cmake/stm32cubemx/CMakeFiles/STM32_Drivers.dir/__/__/Drivers/STM32F4xx_HAL_Driver/Src/stm32f4xx_hal_tim_ex.c.obj
 .debug_macro   0x0001e584      0x2ea CMakeFiles/CM4_stm32.dir/Core/Src/main.c.obj
 .debug_macro   0x0001e86e       0x7b CMakeFiles/CM4_stm32.dir/Core/Src/main.c.obj
 .debug_macro   0x0001e8e9       0x2a CMakeFiles/CM4_stm32.dir/Core/Src/main.c.obj
 .debug_macro   0x0001e913       0x3c CMakeFiles/CM4_stm32.dir/Core/Src/main.c.obj
 .debug_macro   0x0001e94f       0x34 CMakeFiles/CM4_stm32.dir/Core/Src/main.c.obj
 .debug_macro   0x0001e983      0x364 CMakeFiles/CM4_stm32.dir/Core/Src/main.c.obj
 .debug_macro   0x0001ece7       0x16 CMakeFiles/CM4_stm32.dir/Core/Src/main.c.obj
 .debug_macro   0x0001ecfd       0x4a CMakeFiles/CM4_stm32.dir/Core/Src/main.c.obj
 .debug_macro   0x0001ed47       0x34 CMakeFiles/CM4_stm32.dir/Core/Src/main.c.obj
 .debug_macro   0x0001ed7b       0x10 CMakeFiles/CM4_stm32.dir/Core/Src/main.c.obj
 .debug_macro   0x0001ed8b       0x58 CMakeFiles/CM4_stm32.dir/Core/Src/main.c.obj
 .debug_macro   0x0001ede3      0x1e5 CMakeFiles/CM4_stm32.dir/Core/Src/main.c.obj
 .debug_macro   0x0001efc8       0x10 CMakeFiles/CM4_stm32.dir/Core/Src/main.c.obj
 .debug_macro   0x0001efd8       0x3c CMakeFiles/CM4_stm32.dir/Core/Src/main.c.obj
 .debug_macro   0x0001f014      0x1ec CMakeFiles/CM4_stm32.dir/Core/Src/gpio.c.obj
 .debug_macro   0x0001f200      0x1ec CMakeFiles/CM4_stm32.dir/Core/Src/can.c.obj
 .debug_macro   0x0001f3ec      0x1ec CMakeFiles/CM4_stm32.dir/Core/Src/dma.c.obj
 .debug_macro   0x0001f5d8      0x1ec CMakeFiles/CM4_stm32.dir/Core/Src/spi.c.obj
 .debug_macro   0x0001f7c4      0x1ec CMakeFiles/CM4_stm32.dir/Core/Src/tim.c.obj
 .debug_macro   0x0001f9b0      0x1ec CMakeFiles/CM4_stm32.dir/Core/Src/stm32f4xx_it.c.obj
 .debug_macro   0x0001fb9c      0x1e2 CMakeFiles/CM4_stm32.dir/Core/Src/stm32f4xx_hal_msp.c.obj

.debug_line     0x00000000    0x103ef
 .debug_line    0x00000000      0x732 cmake/stm32cubemx/CMakeFiles/STM32_Drivers.dir/__/__/Core/Src/system_stm32f4xx.c.obj
 .debug_line    0x00000732     0x115e cmake/stm32cubemx/CMakeFiles/STM32_Drivers.dir/__/__/Drivers/STM32F4xx_HAL_Driver/Src/stm32f4xx_hal_can.c.obj
 .debug_line    0x00001890      0xdae cmake/stm32cubemx/CMakeFiles/STM32_Drivers.dir/__/__/Drivers/STM32F4xx_HAL_Driver/Src/stm32f4xx_hal_rcc.c.obj
 .debug_line    0x0000263e      0xaf8 cmake/stm32cubemx/CMakeFiles/STM32_Drivers.dir/__/__/Drivers/STM32F4xx_HAL_Driver/Src/stm32f4xx_hal_gpio.c.obj
 .debug_line    0x00003136      0xf1c cmake/stm32cubemx/CMakeFiles/STM32_Drivers.dir/__/__/Drivers/STM32F4xx_HAL_Driver/Src/stm32f4xx_hal_dma.c.obj
 .debug_line    0x00004052      0xc81 cmake/stm32cubemx/CMakeFiles/STM32_Drivers.dir/__/__/Drivers/STM32F4xx_HAL_Driver/Src/stm32f4xx_hal_cortex.c.obj
 .debug_line    0x00004cd3      0x9a2 cmake/stm32cubemx/CMakeFiles/STM32_Drivers.dir/__/__/Drivers/STM32F4xx_HAL_Driver/Src/stm32f4xx_hal.c.obj
 .debug_line    0x00005675     0x1c3a cmake/stm32cubemx/CMakeFiles/STM32_Drivers.dir/__/__/Drivers/STM32F4xx_HAL_Driver/Src/stm32f4xx_hal_spi.c.obj
 .debug_line    0x000072af     0x3727 cmake/stm32cubemx/CMakeFiles/STM32_Drivers.dir/__/__/Drivers/STM32F4xx_HAL_Driver/Src/stm32f4xx_hal_tim.c.obj
 .debug_line    0x0000a9d6     0x18da cmake/stm32cubemx/CMakeFiles/STM32_Drivers.dir/__/__/Drivers/STM32F4xx_HAL_Driver/Src/stm32f4xx_hal_tim_ex.c.obj
 .debug_line    0x0000c2b0      0xce1 CMakeFiles/CM4_stm32.dir/Core/Src/main.c.obj
 .debug_line    0x0000cf91      0x6e7 CMakeFiles/CM4_stm32.dir/Core/Src/gpio.c.obj
 .debug_line    0x0000d678      0x727 CMakeFiles/CM4_stm32.dir/Core/Src/can.c.obj
 .debug_line    0x0000dd9f      0x6b0 CMakeFiles/CM4_stm32.dir/Core/Src/dma.c.obj
 .debug_line    0x0000e44f      0x84b CMakeFiles/CM4_stm32.dir/Core/Src/spi.c.obj
 .debug_line    0x0000ec9a      0x80e CMakeFiles/CM4_stm32.dir/Core/Src/tim.c.obj
 .debug_line    0x0000f4a8      0x81f CMakeFiles/CM4_stm32.dir/Core/Src/stm32f4xx_it.c.obj
 .debug_line    0x0000fcc7      0x6ae CMakeFiles/CM4_stm32.dir/Core/Src/stm32f4xx_hal_msp.c.obj
 .debug_line    0x00010375       0x7a CMakeFiles/CM4_stm32.dir/startup_stm32f405xx.s.obj

.debug_str      0x00000000    0xc1d79
 .debug_str     0x00000000    0xc1d79 cmake/stm32cubemx/CMakeFiles/STM32_Drivers.dir/__/__/Core/Src/system_stm32f4xx.c.obj
                              0xbac37 (size before relaxing)
 .debug_str     0x000c1d79        0x0 cmake/stm32cubemx/CMakeFiles/STM32_Drivers.dir/__/__/Drivers/STM32F4xx_HAL_Driver/Src/stm32f4xx_hal_can.c.obj
                              0xbb331 (size before relaxing)
 .debug_str     0x000c1d79        0x0 cmake/stm32cubemx/CMakeFiles/STM32_Drivers.dir/__/__/Drivers/STM32F4xx_HAL_Driver/Src/stm32f4xx_hal_rcc.c.obj
                              0xbb06b (size before relaxing)
 .debug_str     0x000c1d79        0x0 cmake/stm32cubemx/CMakeFiles/STM32_Drivers.dir/__/__/Drivers/STM32F4xx_HAL_Driver/Src/stm32f4xx_hal_gpio.c.obj
                              0xbadb2 (size before relaxing)
 .debug_str     0x000c1d79        0x0 cmake/stm32cubemx/CMakeFiles/STM32_Drivers.dir/__/__/Drivers/STM32F4xx_HAL_Driver/Src/stm32f4xx_hal_dma.c.obj
                              0xbb051 (size before relaxing)
 .debug_str     0x000c1d79        0x0 cmake/stm32cubemx/CMakeFiles/STM32_Drivers.dir/__/__/Drivers/STM32F4xx_HAL_Driver/Src/stm32f4xx_hal_cortex.c.obj
                              0xbb516 (size before relaxing)
 .debug_str     0x000c1d79        0x0 cmake/stm32cubemx/CMakeFiles/STM32_Drivers.dir/__/__/Drivers/STM32F4xx_HAL_Driver/Src/stm32f4xx_hal.c.obj
                              0xbb79a (size before relaxing)
 .debug_str     0x000c1d79        0x0 cmake/stm32cubemx/CMakeFiles/STM32_Drivers.dir/__/__/Drivers/STM32F4xx_HAL_Driver/Src/stm32f4xx_hal_spi.c.obj
                              0xbb4f5 (size before relaxing)
 .debug_str     0x000c1d79        0x0 cmake/stm32cubemx/CMakeFiles/STM32_Drivers.dir/__/__/Drivers/STM32F4xx_HAL_Driver/Src/stm32f4xx_hal_tim.c.obj
                              0xbbfc1 (size before relaxing)
 .debug_str     0x000c1d79        0x0 cmake/stm32cubemx/CMakeFiles/STM32_Drivers.dir/__/__/Drivers/STM32F4xx_HAL_Driver/Src/stm32f4xx_hal_tim_ex.c.obj
                              0xbb7cd (size before relaxing)
 .debug_str     0x000c1d79        0x0 CMakeFiles/CM4_stm32.dir/Core/Src/main.c.obj
                              0xbe8fd (size before relaxing)
 .debug_str     0x000c1d79        0x0 CMakeFiles/CM4_stm32.dir/Core/Src/gpio.c.obj
                              0xbac52 (size before relaxing)
 .debug_str     0x000c1d79        0x0 CMakeFiles/CM4_stm32.dir/Core/Src/can.c.obj
                              0xbb413 (size before relaxing)
 .debug_str     0x000c1d79        0x0 CMakeFiles/CM4_stm32.dir/Core/Src/dma.c.obj
                              0xbb083 (size before relaxing)
 .debug_str     0x000c1d79        0x0 CMakeFiles/CM4_stm32.dir/Core/Src/spi.c.obj
                              0xbb141 (size before relaxing)
 .debug_str     0x000c1d79        0x0 CMakeFiles/CM4_stm32.dir/Core/Src/tim.c.obj
                              0xbb761 (size before relaxing)
 .debug_str     0x000c1d79        0x0 CMakeFiles/CM4_stm32.dir/Core/Src/stm32f4xx_it.c.obj
                              0xbb3de (size before relaxing)
 .debug_str     0x000c1d79        0x0 CMakeFiles/CM4_stm32.dir/Core/Src/stm32f4xx_hal_msp.c.obj
                              0xbaba4 (size before relaxing)
 .debug_str     0x000c1d79        0x0 CMakeFiles/CM4_stm32.dir/startup_stm32f405xx.s.obj
                                 0x92 (size before relaxing)

.comment        0x00000000       0x45
 .comment       0x00000000       0x45 cmake/stm32cubemx/CMakeFiles/STM32_Drivers.dir/__/__/Core/Src/system_stm32f4xx.c.obj
                                 0x46 (size before relaxing)
 .comment       0x00000045        0x0 cmake/stm32cubemx/CMakeFiles/STM32_Drivers.dir/__/__/Drivers/STM32F4xx_HAL_Driver/Src/stm32f4xx_hal_can.c.obj
                                 0x46 (size before relaxing)
 .comment       0x00000045        0x0 cmake/stm32cubemx/CMakeFiles/STM32_Drivers.dir/__/__/Drivers/STM32F4xx_HAL_Driver/Src/stm32f4xx_hal_rcc.c.obj
                                 0x46 (size before relaxing)
 .comment       0x00000045        0x0 cmake/stm32cubemx/CMakeFiles/STM32_Drivers.dir/__/__/Drivers/STM32F4xx_HAL_Driver/Src/stm32f4xx_hal_gpio.c.obj
                                 0x46 (size before relaxing)
 .comment       0x00000045        0x0 cmake/stm32cubemx/CMakeFiles/STM32_Drivers.dir/__/__/Drivers/STM32F4xx_HAL_Driver/Src/stm32f4xx_hal_dma.c.obj
                                 0x46 (size before relaxing)
 .comment       0x00000045        0x0 cmake/stm32cubemx/CMakeFiles/STM32_Drivers.dir/__/__/Drivers/STM32F4xx_HAL_Driver/Src/stm32f4xx_hal_cortex.c.obj
                                 0x46 (size before relaxing)
 .comment       0x00000045        0x0 cmake/stm32cubemx/CMakeFiles/STM32_Drivers.dir/__/__/Drivers/STM32F4xx_HAL_Driver/Src/stm32f4xx_hal.c.obj
                                 0x46 (size before relaxing)
 .comment       0x00000045        0x0 cmake/stm32cubemx/CMakeFiles/STM32_Drivers.dir/__/__/Drivers/STM32F4xx_HAL_Driver/Src/stm32f4xx_hal_spi.c.obj
                                 0x46 (size before relaxing)
 .comment       0x00000045        0x0 cmake/stm32cubemx/CMakeFiles/STM32_Drivers.dir/__/__/Drivers/STM32F4xx_HAL_Driver/Src/stm32f4xx_hal_tim.c.obj
                                 0x46 (size before relaxing)
 .comment       0x00000045        0x0 cmake/stm32cubemx/CMakeFiles/STM32_Drivers.dir/__/__/Drivers/STM32F4xx_HAL_Driver/Src/stm32f4xx_hal_tim_ex.c.obj
                                 0x46 (size before relaxing)
 .comment       0x00000045        0x0 CMakeFiles/CM4_stm32.dir/Core/Src/main.c.obj
                                 0x46 (size before relaxing)
 .comment       0x00000045        0x0 CMakeFiles/CM4_stm32.dir/Core/Src/gpio.c.obj
                                 0x46 (size before relaxing)
 .comment       0x00000045        0x0 CMakeFiles/CM4_stm32.dir/Core/Src/can.c.obj
                                 0x46 (size before relaxing)
 .comment       0x00000045        0x0 CMakeFiles/CM4_stm32.dir/Core/Src/dma.c.obj
                                 0x46 (size before relaxing)
 .comment       0x00000045        0x0 CMakeFiles/CM4_stm32.dir/Core/Src/spi.c.obj
                                 0x46 (size before relaxing)
 .comment       0x00000045        0x0 CMakeFiles/CM4_stm32.dir/Core/Src/tim.c.obj
                                 0x46 (size before relaxing)
 .comment       0x00000045        0x0 CMakeFiles/CM4_stm32.dir/Core/Src/stm32f4xx_it.c.obj
                                 0x46 (size before relaxing)
 .comment       0x00000045        0x0 CMakeFiles/CM4_stm32.dir/Core/Src/stm32f4xx_hal_msp.c.obj
                                 0x46 (size before relaxing)

.debug_frame    0x00000000     0x3cbc
 .debug_frame   0x00000000       0x58 cmake/stm32cubemx/CMakeFiles/STM32_Drivers.dir/__/__/Core/Src/system_stm32f4xx.c.obj
 .debug_frame   0x00000058      0x5a0 cmake/stm32cubemx/CMakeFiles/STM32_Drivers.dir/__/__/Drivers/STM32F4xx_HAL_Driver/Src/stm32f4xx_hal_can.c.obj
 .debug_frame   0x000005f8      0x1f4 cmake/stm32cubemx/CMakeFiles/STM32_Drivers.dir/__/__/Drivers/STM32F4xx_HAL_Driver/Src/stm32f4xx_hal_rcc.c.obj
 .debug_frame   0x000007ec      0x14c cmake/stm32cubemx/CMakeFiles/STM32_Drivers.dir/__/__/Drivers/STM32F4xx_HAL_Driver/Src/stm32f4xx_hal_gpio.c.obj
 .debug_frame   0x00000938      0x250 cmake/stm32cubemx/CMakeFiles/STM32_Drivers.dir/__/__/Drivers/STM32F4xx_HAL_Driver/Src/stm32f4xx_hal_dma.c.obj
 .debug_frame   0x00000b88      0x508 cmake/stm32cubemx/CMakeFiles/STM32_Drivers.dir/__/__/Drivers/STM32F4xx_HAL_Driver/Src/stm32f4xx_hal_cortex.c.obj
 .debug_frame   0x00001090      0x374 cmake/stm32cubemx/CMakeFiles/STM32_Drivers.dir/__/__/Drivers/STM32F4xx_HAL_Driver/Src/stm32f4xx_hal.c.obj
 .debug_frame   0x00001404      0x828 cmake/stm32cubemx/CMakeFiles/STM32_Drivers.dir/__/__/Drivers/STM32F4xx_HAL_Driver/Src/stm32f4xx_hal_spi.c.obj
 .debug_frame   0x00001c2c     0x11b8 cmake/stm32cubemx/CMakeFiles/STM32_Drivers.dir/__/__/Drivers/STM32F4xx_HAL_Driver/Src/stm32f4xx_hal_tim.c.obj
 .debug_frame   0x00002de4      0x638 cmake/stm32cubemx/CMakeFiles/STM32_Drivers.dir/__/__/Drivers/STM32F4xx_HAL_Driver/Src/stm32f4xx_hal_tim_ex.c.obj
 .debug_frame   0x0000341c      0x278 CMakeFiles/CM4_stm32.dir/Core/Src/main.c.obj
 .debug_frame   0x00003694       0x34 CMakeFiles/CM4_stm32.dir/Core/Src/gpio.c.obj
 .debug_frame   0x000036c8       0x74 CMakeFiles/CM4_stm32.dir/Core/Src/can.c.obj
 .debug_frame   0x0000373c       0x34 CMakeFiles/CM4_stm32.dir/Core/Src/dma.c.obj
 .debug_frame   0x00003770       0x94 CMakeFiles/CM4_stm32.dir/Core/Src/spi.c.obj
 .debug_frame   0x00003804       0xc4 CMakeFiles/CM4_stm32.dir/Core/Src/tim.c.obj
 .debug_frame   0x000038c8      0x1e4 CMakeFiles/CM4_stm32.dir/Core/Src/stm32f4xx_it.c.obj
 .debug_frame   0x00003aac       0x34 CMakeFiles/CM4_stm32.dir/Core/Src/stm32f4xx_hal_msp.c.obj
 .debug_frame   0x00003ae0       0x20 D:/arm-none-eabi-gcc/arm-gnu-toolchain-15.2.rel1-mingw-w64-i686-arm-none-eabi/bin/../lib/gcc/arm-none-eabi/15.2.1/../../../../arm-none-eabi/lib/thumb/v7e-m+fp/hard\libc_nano.a(libc_a-memset.o)
 .debug_frame   0x00003b00       0x2c D:/arm-none-eabi-gcc/arm-gnu-toolchain-15.2.rel1-mingw-w64-i686-arm-none-eabi/bin/../lib/gcc/arm-none-eabi/15.2.1/../../../../arm-none-eabi/lib/thumb/v7e-m+fp/hard\libc_nano.a(libc_a-init.o)
 .debug_frame   0x00003b2c       0xac D:/arm-none-eabi-gcc/arm-gnu-toolchain-15.2.rel1-mingw-w64-i686-arm-none-eabi/bin/../lib/gcc/arm-none-eabi/15.2.1/thumb/v7e-m+fp/hard\libgcc.a(_arm_addsubdf3.o)
 .debug_frame   0x00003bd8       0x50 D:/arm-none-eabi-gcc/arm-gnu-toolchain-15.2.rel1-mingw-w64-i686-arm-none-eabi/bin/../lib/gcc/arm-none-eabi/15.2.1/thumb/v7e-m+fp/hard\libgcc.a(_arm_muldivdf3.o)
 .debug_frame   0x00003c28       0x24 D:/arm-none-eabi-gcc/arm-gnu-toolchain-15.2.rel1-mingw-w64-i686-arm-none-eabi/bin/../lib/gcc/arm-none-eabi/15.2.1/thumb/v7e-m+fp/hard\libgcc.a(_arm_truncdfsf2.o)
 .debug_frame   0x00003c4c       0x2c D:/arm-none-eabi-gcc/arm-gnu-toolchain-15.2.rel1-mingw-w64-i686-arm-none-eabi/bin/../lib/gcc/arm-none-eabi/15.2.1/thumb/v7e-m+fp/hard\libgcc.a(_aeabi_uldivmod.o)
 .debug_frame   0x00003c78       0x44 D:/arm-none-eabi-gcc/arm-gnu-toolchain-15.2.rel1-mingw-w64-i686-arm-none-eabi/bin/../lib/gcc/arm-none-eabi/15.2.1/thumb/v7e-m+fp/hard\libgcc.a(_udivmoddi4.o)

.debug_line_str
                0x00000000      0x158
 .debug_line_str
                0x00000000      0x158 CMakeFiles/CM4_stm32.dir/startup_stm32f405xx.s.obj
                                 0x76 (size before relaxing)
 .debug_line_str
                0x00000158        0x0 D:/arm-none-eabi-gcc/arm-gnu-toolchain-15.2.rel1-mingw-w64-i686-arm-none-eabi/bin/../lib/gcc/arm-none-eabi/15.2.1/thumb/v7e-m+fp/hard\libgcc.a(_arm_addsubdf3.o)
                                 0xce (size before relaxing)
 .debug_line_str
                0x00000158        0x0 D:/arm-none-eabi-gcc/arm-gnu-toolchain-15.2.rel1-mingw-w64-i686-arm-none-eabi/bin/../lib/gcc/arm-none-eabi/15.2.1/thumb/v7e-m+fp/hard\libgcc.a(_arm_muldivdf3.o)
                                 0xce (size before relaxing)
 .debug_line_str
                0x00000158        0x0 D:/arm-none-eabi-gcc/arm-gnu-toolchain-15.2.rel1-mingw-w64-i686-arm-none-eabi/bin/../lib/gcc/arm-none-eabi/15.2.1/thumb/v7e-m+fp/hard\libgcc.a(_arm_truncdfsf2.o)
                                 0xce (size before relaxing)
 .debug_line_str
                0x00000158        0x0 D:/arm-none-eabi-gcc/arm-gnu-toolchain-15.2.rel1-mingw-w64-i686-arm-none-eabi/bin/../lib/gcc/arm-none-eabi/15.2.1/thumb/v7e-m+fp/hard\libgcc.a(_aeabi_uldivmod.o)
                                 0xc9 (size before relaxing)
 .debug_line_str
                0x00000158        0x0 D:/arm-none-eabi-gcc/arm-gnu-toolchain-15.2.rel1-mingw-w64-i686-arm-none-eabi/bin/../lib/gcc/arm-none-eabi/15.2.1/thumb/v7e-m+fp/hard\libgcc.a(_dvmd_tls.o)
                                 0xcd (size before relaxing)