Archive member included to satisfy reference by file (symbol)

/usr/lib/gcc/arm-none-eabi/10.3.1/thumb/v7e-m+fp/hard/libgcc.a(_aeabi_uldivmod.o)
                              cmake/stm32cubemx/CMakeFiles/STM32_Drivers.dir/__/__/Drivers/STM32F4xx_HAL_Driver/Src/stm32f4xx_hal_rcc.c.obj (__aeabi_uldivmod)
/usr/lib/gcc/arm-none-eabi/10.3.1/thumb/v7e-m+fp/hard/libgcc.a(_udivmoddi4.o)
                              /usr/lib/gcc/arm-none-eabi/10.3.1/thumb/v7e-m+fp/hard/libgcc.a(_aeabi_uldivmod.o) (__udivmoddi4)
/usr/lib/gcc/arm-none-eabi/10.3.1/thumb/v7e-m+fp/hard/libgcc.a(_dvmd_tls.o)
                              /usr/lib/gcc/arm-none-eabi/10.3.1/thumb/v7e-m+fp/hard/libgcc.a(_aeabi_uldivmod.o) (__aeabi_ldiv0)
/usr/lib/gcc/arm-none-eabi/10.3.1/../../../arm-none-eabi/lib/thumb/v7e-m+fp/hard/libg_nano.a(lib_a-atexit.o)
                              /usr/lib/gcc/arm-none-eabi/10.3.1/../../../arm-none-eabi/lib/thumb/v7e-m+fp/hard/crt0.o (atexit)
/usr/lib/gcc/arm-none-eabi/10.3.1/../../../arm-none-eabi/lib/thumb/v7e-m+fp/hard/libg_nano.a(lib_a-errno.o)
                              CMakeFiles/CM4_stm32_RTOS.dir/Core/Src/sysmem.c.obj (__errno)
/usr/lib/gcc/arm-none-eabi/10.3.1/../../../arm-none-eabi/lib/thumb/v7e-m+fp/hard/libg_nano.a(lib_a-exit.o)
                              /usr/lib/gcc/arm-none-eabi/10.3.1/../../../arm-none-eabi/lib/thumb/v7e-m+fp/hard/crt0.o (exit)
/usr/lib/gcc/arm-none-eabi/10.3.1/../../../arm-none-eabi/lib/thumb/v7e-m+fp/hard/libg_nano.a(lib_a-fini.o)
                              /usr/lib/gcc/arm-none-eabi/10.3.1/../../../arm-none-eabi/lib/thumb/v7e-m+fp/hard/crt0.o (__libc_fini_array)
/usr/lib/gcc/arm-none-eabi/10.3.1/../../../arm-none-eabi/lib/thumb/v7e-m+fp/hard/libg_nano.a(lib_a-impure.o)
                              /usr/lib/gcc/arm-none-eabi/10.3.1/../../../arm-none-eabi/lib/thumb/v7e-m+fp/hard/libg_nano.a(lib_a-exit.o) (_global_impure_ptr)
/usr/lib/gcc/arm-none-eabi/10.3.1/../../../arm-none-eabi/lib/thumb/v7e-m+fp/hard/libg_nano.a(lib_a-init.o)
                              /usr/lib/gcc/arm-none-eabi/10.3.1/../../../arm-none-eabi/lib/thumb/v7e-m+fp/hard/crt0.o (__libc_init_array)
/usr/lib/gcc/arm-none-eabi/10.3.1/../../../arm-none-eabi/lib/thumb/v7e-m+fp/hard/libg_nano.a(lib_a-memcpy.o)
                              cmake/stm32cubemx/CMakeFiles/FreeRTOS.dir/__/__/Middlewares/Third_Party/FreeRTOS/Source/queue.c.obj (memcpy)
/usr/lib/gcc/arm-none-eabi/10.3.1/../../../arm-none-eabi/lib/thumb/v7e-m+fp/hard/libg_nano.a(lib_a-memset.o)
                              /usr/lib/gcc/arm-none-eabi/10.3.1/../../../arm-none-eabi/lib/thumb/v7e-m+fp/hard/crt0.o (memset)
/usr/lib/gcc/arm-none-eabi/10.3.1/../../../arm-none-eabi/lib/thumb/v7e-m+fp/hard/libg_nano.a(lib_a-__atexit.o)
                              /usr/lib/gcc/arm-none-eabi/10.3.1/../../../arm-none-eabi/lib/thumb/v7e-m+fp/hard/libg_nano.a(lib_a-atexit.o) (__register_exitproc)
/usr/lib/gcc/arm-none-eabi/10.3.1/../../../arm-none-eabi/lib/thumb/v7e-m+fp/hard/libg_nano.a(lib_a-__call_atexit.o)
                              /usr/lib/gcc/arm-none-eabi/10.3.1/../../../arm-none-eabi/lib/thumb/v7e-m+fp/hard/libg_nano.a(lib_a-__atexit.o) (__call_exitprocs)

Discarded input sections

 .text          0x0000000000000000        0x0 /usr/lib/gcc/arm-none-eabi/10.3.1/thumb/v7e-m+fp/hard/crti.o
 .data          0x0000000000000000        0x0 /usr/lib/gcc/arm-none-eabi/10.3.1/thumb/v7e-m+fp/hard/crti.o
 .bss           0x0000000000000000        0x0 /usr/lib/gcc/arm-none-eabi/10.3.1/thumb/v7e-m+fp/hard/crti.o
 .data          0x0000000000000000        0x4 /usr/lib/gcc/arm-none-eabi/10.3.1/thumb/v7e-m+fp/hard/crtbegin.o
 .rodata        0x0000000000000000       0x24 /usr/lib/gcc/arm-none-eabi/10.3.1/thumb/v7e-m+fp/hard/crtbegin.o
 .text          0x0000000000000000       0x70 /usr/lib/gcc/arm-none-eabi/10.3.1/../../../arm-none-eabi/lib/thumb/v7e-m+fp/hard/crt0.o
 .data          0x0000000000000000        0x0 /usr/lib/gcc/arm-none-eabi/10.3.1/../../../arm-none-eabi/lib/thumb/v7e-m+fp/hard/crt0.o
 .bss           0x0000000000000000        0x0 /usr/lib/gcc/arm-none-eabi/10.3.1/../../../arm-none-eabi/lib/thumb/v7e-m+fp/hard/crt0.o
 .ARM.extab     0x0000000000000000        0x0 /usr/lib/gcc/arm-none-eabi/10.3.1/../../../arm-none-eabi/lib/thumb/v7e-m+fp/hard/crt0.o
 .ARM.exidx     0x0000000000000000       0x10 /usr/lib/gcc/arm-none-eabi/10.3.1/../../../arm-none-eabi/lib/thumb/v7e-m+fp/hard/crt0.o
 .debug_line    0x0000000000000000       0x87 /usr/lib/gcc/arm-none-eabi/10.3.1/../../../arm-none-eabi/lib/thumb/v7e-m+fp/hard/crt0.o
 .debug_info    0x0000000000000000       0x26 /usr/lib/gcc/arm-none-eabi/10.3.1/../../../arm-none-eabi/lib/thumb/v7e-m+fp/hard/crt0.o
 .debug_abbrev  0x0000000000000000       0x14 /usr/lib/gcc/arm-none-eabi/10.3.1/../../../arm-none-eabi/lib/thumb/v7e-m+fp/hard/crt0.o
 .debug_aranges
                0x0000000000000000       0x20 /usr/lib/gcc/arm-none-eabi/10.3.1/../../../arm-none-eabi/lib/thumb/v7e-m+fp/hard/crt0.o
[...]
Memory Configuration

Name             Origin             Length             Attributes
RAM              0x0000000020000000 0x0000000000020000 xrw
CCMRAM           0x0000000010000000 0x0000000000010000 xrw
FLASH            0x0000000008000000 0x0000000000100000 xr
*default*        0x0000000000000000 0xffffffffffffffff

Linker script and memory map

LOAD /usr/lib/gcc/arm-none-eabi/10.3.1/thumb/v7e-m+fp/hard/crti.o
LOAD /usr/lib/gcc/arm-none-eabi/10.3.1/thumb/v7e-m+fp/hard/crtbegin.o
LOAD /usr/lib/gcc/arm-none-eabi/10.3.1/../../../arm-none-eabi/lib/thumb/v7e-m+fp/hard/crt0.o
LOAD cmake/stm32cubemx/CMakeFiles/STM32_Drivers.dir/__/__/Core/Src/system_stm32f4xx.c.obj
LOAD cmake/stm32cubemx/CMakeFiles/STM32_Drivers.dir/__/__/Drivers/STM32F4xx_HAL_Driver/Src/stm32f4xx_hal_tim.c.obj
LOAD cmake/stm32cubemx/CMakeFiles/STM32_Drivers.dir/__/__/Drivers/STM32F4xx_HAL_Driver/Src/stm32f4xx_hal_tim_ex.c.obj
LOAD cmake/stm32cubemx/CMakeFiles/STM32_Drivers.dir/__/__/Drivers/STM32F4xx_HAL_Driver/Src/stm32f4xx_hal_adc.c.obj
LOAD cmake/stm32cubemx/CMakeFiles/STM32_Drivers.dir/__/__/Drivers/STM32F4xx_HAL_Driver/Src/stm32f4xx_hal_adc_ex.c.obj
LOAD cmake/stm32cubemx/CMakeFiles/STM32_Drivers.dir/__/__/Drivers/STM32F4xx_HAL_Driver/Src/stm32f4xx_hal_rcc.c.obj
LOAD cmake/stm32cubemx/CMakeFiles/STM32_Drivers.dir/__/__/Drivers/STM32F4xx_HAL_Driver/Src/stm32f4xx_hal_rcc_ex.c.obj
LOAD cmake/stm32cubemx/CMakeFiles/STM32_Drivers.dir/__/__/Drivers/STM32F4xx_HAL_Driver/Src/stm32f4xx_hal_flash.c.obj
LOAD cmake/stm32cubemx/CMakeFiles/STM32_Drivers.dir/__/__/Drivers/STM32F4xx_HAL_Driver/Src/stm32f4xx_hal_flash_ex.c.obj
LOAD cmake/stm32cubemx/CMakeFiles/STM32_Drivers.dir/__/__/Drivers/STM32F4xx_HAL_Driver/Src/stm32f4xx_hal_flash_ramfunc.c.obj
LOAD cmake/stm32cubemx/CMakeFiles/STM32_Drivers.dir/__/__/Drivers/STM32F4xx_HAL_Driver/Src/stm32f4xx_hal_gpio.c.obj
LOAD cmake/stm32cubemx/CMakeFiles/STM32_Drivers.dir/__/__/Drivers/STM32F4xx_HAL_Driver/Src/stm32f4xx_hal_dma_ex.c.obj
LOAD cmake/stm32cubemx/CMakeFiles/STM32_Drivers.dir/__/__/Drivers/STM32F4xx_HAL_Driver/Src/stm32f4xx_hal_dma.c.obj
LOAD cmake/stm32cubemx/CMakeFiles/STM32_Drivers.dir/__/__/Drivers/STM32F4xx_HAL_Driver/Src/stm32f4xx_hal_pwr.c.obj
LOAD cmake/stm32cubemx/CMakeFiles/STM32_Drivers.dir/__/__/Drivers/STM32F4xx_HAL_Driver/Src/stm32f4xx_hal_pwr_ex.c.obj
LOAD cmake/stm32cubemx/CMakeFiles/STM32_Drivers.dir/__/__/Drivers/STM32F4xx_HAL_Driver/Src/stm32f4xx_hal_cortex.c.obj
LOAD cmake/stm32cubemx/CMakeFiles/STM32_Drivers.dir/__/__/Drivers/STM32F4xx_HAL_Driver/Src/stm32f4xx_hal.c.obj
LOAD cmake/stm32cubemx/CMakeFiles/STM32_Drivers.dir/__/__/Drivers/STM32F4xx_HAL_Driver/Src/stm32f4xx_hal_exti.c.obj
LOAD cmake/stm32cubemx/CMakeFiles/STM32_Drivers.dir/__/__/Drivers/STM32F4xx_HAL_Driver/Src/stm32f4xx_hal_can.c.obj
LOAD cmake/stm32cubemx/CMakeFiles/STM32_Drivers.dir/__/__/Drivers/STM32F4xx_HAL_Driver/Src/stm32f4xx_hal_i2c.c.obj
LOAD cmake/stm32cubemx/CMakeFiles/STM32_Drivers.dir/__/__/Drivers/STM32F4xx_HAL_Driver/Src/stm32f4xx_hal_i2c_ex.c.obj
LOAD cmake/stm32cubemx/CMakeFiles/STM32_Drivers.dir/__/__/Drivers/STM32F4xx_HAL_Driver/Src/stm32f4xx_hal_iwdg.c.obj
LOAD cmake/stm32cubemx/CMakeFiles/STM32_Drivers.dir/__/__/Drivers/STM32F4xx_HAL_Driver/Src/stm32f4xx_hal_spi.c.obj
LOAD cmake/stm32cubemx/CMakeFiles/STM32_Drivers.dir/__/__/Drivers/STM32F4xx_HAL_Driver/Src/stm32f4xx_hal_uart.c.obj
LOAD cmake/stm32cubemx/CMakeFiles/FreeRTOS.dir/__/__/Middlewares/Third_Party/FreeRTOS/Source/croutine.c.obj
LOAD cmake/stm32cubemx/CMakeFiles/FreeRTOS.dir/__/__/Middlewares/Third_Party/FreeRTOS/Source/event_groups.c.obj
LOAD cmake/stm32cubemx/CMakeFiles/FreeRTOS.dir/__/__/Middlewares/Third_Party/FreeRTOS/Source/list.c.obj
LOAD cmake/stm32cubemx/CMakeFiles/FreeRTOS.dir/__/__/Middlewares/Third_Party/FreeRTOS/Source/queue.c.obj
LOAD cmake/stm32cubemx/CMakeFiles/FreeRTOS.dir/__/__/Middlewares/Third_Party/FreeRTOS/Source/stream_buffer.c.obj
LOAD cmake/stm32cubemx/CMakeFiles/FreeRTOS.dir/__/__/Middlewares/Third_Party/FreeRTOS/Source/tasks.c.obj
LOAD cmake/stm32cubemx/CMakeFiles/FreeRTOS.dir/__/__/Middlewares/Third_Party/FreeRTOS/Source/timers.c.obj
LOAD cmake/stm32cubemx/CMakeFiles/FreeRTOS.dir/__/__/Middlewares/Third_Party/FreeRTOS/Source/CMSIS_RTOS_V2/cmsis_os2.c.obj
LOAD cmake/stm32cubemx/CMakeFiles/FreeRTOS.dir/__/__/Middlewares/Third_Party/FreeRTOS/Source/portable/MemMang/heap_4.c.obj
LOAD cmake/stm32cubemx/CMakeFiles/FreeRTOS.dir/__/__/Middlewares/Third_Party/FreeRTOS/Source/portable/GCC/ARM_CM4F/port.c.obj
LOAD CMakeFiles/CM4_stm32_RTOS.dir/Core/Src/main.c.obj
LOAD CMakeFiles/CM4_stm32_RTOS.dir/Core/Src/gpio.c.obj
LOAD CMakeFiles/CM4_stm32_RTOS.dir/Core/Src/freertos.c.obj
LOAD CMakeFiles/CM4_stm32_RTOS.dir/Core/Src/adc.c.obj
LOAD CMakeFiles/CM4_stm32_RTOS.dir/Core/Src/can.c.obj
LOAD CMakeFiles/CM4_stm32_RTOS.dir/Core/Src/dma.c.obj
LOAD CMakeFiles/CM4_stm32_RTOS.dir/Core/Src/i2c.c.obj
LOAD CMakeFiles/CM4_stm32_RTOS.dir/Core/Src/iwdg.c.obj
LOAD CMakeFiles/CM4_stm32_RTOS.dir/Core/Src/spi.c.obj
LOAD CMakeFiles/CM4_stm32_RTOS.dir/Core/Src/tim.c.obj
LOAD CMakeFiles/CM4_stm32_RTOS.dir/Core/Src/usart.c.obj
LOAD CMakeFiles/CM4_stm32_RTOS.dir/Core/Src/stm32f4xx_it.c.obj
LOAD CMakeFiles/CM4_stm32_RTOS.dir/Core/Src/stm32f4xx_hal_msp.c.obj
LOAD CMakeFiles/CM4_stm32_RTOS.dir/Core/Src/stm32f4xx_hal_timebase_tim.c.obj
LOAD CMakeFiles/CM4_stm32_RTOS.dir/Core/Src/sysmem.c.obj
LOAD CMakeFiles/CM4_stm32_RTOS.dir/Core/Src/syscalls.c.obj
LOAD CMakeFiles/CM4_stm32_RTOS.dir/startup_stm32f405xx.s.obj
LOAD /usr/lib/gcc/arm-none-eabi/10.3.1/../../../arm-none-eabi/lib/thumb/v7e-m+fp/hard/libm.a
START GROUP
LOAD /usr/lib/gcc/arm-none-eabi/10.3.1/thumb/v7e-m+fp/hard/libgcc.a
LOAD /usr/lib/gcc/arm-none-eabi/10.3.1/../../../arm-none-eabi/lib/thumb/v7e-m+fp/hard/libg_nano.a
LOAD /usr/lib/gcc/arm-none-eabi/10.3.1/../../../arm-none-eabi/lib/thumb/v7e-m+fp/hard/libc_nano.a
END GROUP
START GROUP
LOAD /usr/lib/gcc/arm-none-eabi/10.3.1/thumb/v7e-m+fp/hard/libgcc.a
LOAD /usr/lib/gcc/arm-none-eabi/10.3.1/../../../arm-none-eabi/lib/thumb/v7e-m+fp/hard/libc_nano.a
END GROUP
LOAD /usr/lib/gcc/arm-none-eabi/10.3.1/thumb/v7e-m+fp/hard/crtend.o
LOAD /usr/lib/gcc/arm-none-eabi/10.3.1/thumb/v7e-m+fp/hard/crtn.o
                0x0000000020020000                _estack = (ORIGIN (RAM) + LENGTH (RAM))
                0x0000000000002000                _Min_Heap_Size = 0x2000
                0x0000000000002000                _Min_Stack_Size = 0x2000

.isr_vector     0x0000000008000000      0x188
                0x0000000008000000                . = ALIGN (0x4)
 *(.isr_vector)
 .isr_vector    0x0000000008000000      0x188 CMakeFiles/CM4_stm32_RTOS.dir/startup_stm32f405xx.s.obj
                0x0000000008000000                g_pfnVectors
                0x0000000008000188                . = ALIGN (0x4)

.text           0x0000000008000190     0x96d8
                0x0000000008000190                . = ALIGN (0x4)
 *(.text)
 .text          0x0000000008000190       0x88 /usr/lib/gcc/arm-none-eabi/10.3.1/thumb/v7e-m+fp/hard/crtbegin.o
 .text          0x0000000008000218       0x30 /usr/lib/gcc/arm-none-eabi/10.3.1/thumb/v7e-m+fp/hard/libgcc.a(_aeabi_uldivmod.o)
                0x0000000008000218                __aeabi_uldivmod
 .text          0x0000000008000248      0x2d0 /usr/lib/gcc/arm-none-eabi/10.3.1/thumb/v7e-m+fp/hard/libgcc.a(_udivmoddi4.o)
                0x0000000008000248                __udivmoddi4
 .text          0x0000000008000518        0x4 /usr/lib/gcc/arm-none-eabi/10.3.1/thumb/v7e-m+fp/hard/libgcc.a(_dvmd_tls.o)
                0x0000000008000518                __aeabi_ldiv0
                0x0000000008000518                __aeabi_idiv0
 .text          0x000000000800051c       0x48 /usr/lib/gcc/arm-none-eabi/10.3.1/../../../arm-none-eabi/lib/thumb/v7e-m+fp/hard/libg_nano.a(lib_a-init.o)
                0x000000000800051c                __libc_init_array
 .text          0x0000000008000564      0x134 /usr/lib/gcc/arm-none-eabi/10.3.1/../../../arm-none-eabi/lib/thumb/v7e-m+fp/hard/libg_nano.a(lib_a-memcpy.o)
                0x0000000008000564                memcpy
 .text          0x0000000008000698       0xa4 /usr/lib/gcc/arm-none-eabi/10.3.1/../../../arm-none-eabi/lib/thumb/v7e-m+fp/hard/libg_nano.a(lib_a-memset.o)
                0x0000000008000698                memset
 *(.text*)
 .text.SystemInit
                0x000000000800073c       0x24 cmake/stm32cubemx/CMakeFiles/STM32_Drivers.dir/__/__/Core/Src/system_stm32f4xx.c.obj
                0x000000000800073c                SystemInit
 .text.HAL_TIM_Base_Init
                0x0000000008000760       0x9e cmake/stm32cubemx/CMakeFiles/STM32_Drivers.dir/__/__/Drivers/STM32F4xx_HAL_Driver/Src/stm32f4xx_hal_tim.c.obj
                0x0000000008000760                HAL_TIM_Base_Init
 *fill*         0x00000000080007fe        0x2 
 .text.HAL_TIM_Base_Start_IT
                0x0000000008000800       0xe0 cmake/stm32cubemx/CMakeFiles/STM32_Drivers.dir/__/__/Drivers/STM32F4xx_HAL_Driver/Src/stm32f4xx_hal_tim.c.obj
                0x0000000008000800                HAL_TIM_Base_Start_IT
 .text.HAL_TIM_PWM_Init
                0x00000000080008e0       0x9e cmake/stm32cubemx/CMakeFiles/STM32_Drivers.dir/__/__/Drivers/STM32F4xx_HAL_Driver/Src/stm32f4xx_hal_tim.c.obj
                0x00000000080008e0                HAL_TIM_PWM_Init
 .text.HAL_TIM_PWM_MspInit
                0x000000000800097e       0x14 cmake/stm32cubemx/CMakeFiles/STM32_Drivers.dir/__/__/Drivers/STM32F4xx_HAL_Driver/Src/stm32f4xx_hal_tim.c.obj
                0x000000000800097e                HAL_TIM_PWM_MspInit
 .text.HAL_TIM_IRQHandler
                0x0000000008000992      0x1e0 cmake/stm32cubemx/CMakeFiles/STM32_Drivers.dir/__/__/Drivers/STM32F4xx_HAL_Driver/Src/stm32f4xx_hal_tim.c.obj
                0x0000000008000992                HAL_TIM_IRQHandler
 *fill*         0x0000000008000b72        0x2 
 .text.HAL_TIM_PWM_ConfigChannel
                0x0000000008000b74      0x184 cmake/stm32cubemx/CMakeFiles/STM32_Drivers.dir/__/__/Drivers/STM32F4xx_HAL_Driver/Src/stm32f4xx_hal_tim.c.obj
                0x0000000008000b74                HAL_TIM_PWM_ConfigChannel
 .text.HAL_TIM_ConfigClockSource
                0x0000000008000cf8      0x18e cmake/stm32cubemx/CMakeFiles/STM32_Drivers.dir/__/__/Drivers/STM32F4xx_HAL_Driver/Src/stm32f4xx_hal_tim.c.obj
                0x0000000008000cf8                HAL_TIM_ConfigClockSource
 .text.HAL_TIM_OC_DelayElapsedCallback
                0x0000000008000e86       0x14 cmake/stm32cubemx/CMakeFiles/STM32_Drivers.dir/__/__/Drivers/STM32F4xx_HAL_Driver/Src/stm32f4xx_hal_tim.c.obj
                0x0000000008000e86                HAL_TIM_OC_DelayElapsedCallback
 .text.HAL_TIM_IC_CaptureCallback
                0x0000000008000e9a       0x14 cmake/stm32cubemx/CMakeFiles/STM32_Drivers.dir/__/__/Drivers/STM32F4xx_HAL_Driver/Src/stm32f4xx_hal_tim.c.obj
                0x0000000008000e9a                HAL_TIM_IC_CaptureCallback
 .text.HAL_TIM_PWM_PulseFinishedCallback
                0x0000000008000eae       0x14 cmake/stm32cubemx/CMakeFiles/STM32_Drivers.dir/__/__/Drivers/STM32F4xx_HAL_Driver/Src/stm32f4xx_hal_tim.c.obj
                0x0000000008000eae                HAL_TIM_PWM_PulseFinishedCallback
 .text.HAL_TIM_TriggerCallback
                0x0000000008000ec2       0x14 cmake/stm32cubemx/CMakeFiles/STM32_Drivers.dir/__/__/Drivers/STM32F4xx_HAL_Driver/Src/stm32f4xx_hal_tim.c.obj
                0x0000000008000ec2                HAL_TIM_TriggerCallback
 *fill*         0x0000000008000ed6        0x2 
 .text.TIM_Base_SetConfig
                0x0000000008000ed8      0x14c cmake/stm32cubemx/CMakeFiles/STM32_Drivers.dir/__/__/Drivers/STM32F4xx_HAL_Driver/Src/stm32f4xx_hal_tim.c.obj
                0x0000000008000ed8                TIM_Base_SetConfig
 .text.TIM_OC1_SetConfig
                0x0000000008001024       0xe0 cmake/stm32cubemx/CMakeFiles/STM32_Drivers.dir/__/__/Drivers/STM32F4xx_HAL_Driver/Src/stm32f4xx_hal_tim.c.obj
 .text.TIM_OC2_SetConfig
                0x0000000008001104       0xec cmake/stm32cubemx/CMakeFiles/STM32_Drivers.dir/__/__/Drivers/STM32F4xx_HAL_Driver/Src/stm32f4xx_hal_tim.c.obj
                0x0000000008001104                TIM_OC2_SetConfig
 .text.TIM_OC3_SetConfig
                0x00000000080011f0       0xe8 cmake/stm32cubemx/CMakeFiles/STM32_Drivers.dir/__/__/Drivers/STM32F4xx_HAL_Driver/Src/stm32f4xx_hal_tim.c.obj
 .text.TIM_OC4_SetConfig
                0x00000000080012d8       0xac cmake/stm32cubemx/CMakeFiles/STM32_Drivers.dir/__/__/Drivers/STM32F4xx_HAL_Driver/Src/stm32f4xx_hal_tim.c.obj
 .text.TIM_TI1_ConfigInputStage
                0x0000000008001384       0x5e cmake/stm32cubemx/CMakeFiles/STM32_Drivers.dir/__/__/Drivers/STM32F4xx_HAL_Driver/Src/stm32f4xx_hal_tim.c.obj
 .text.TIM_TI2_ConfigInputStage
                0x00000000080013e2       0x60 cmake/stm32cubemx/CMakeFiles/STM32_Drivers.dir/__/__/Drivers/STM32F4xx_HAL_Driver/Src/stm32f4xx_hal_tim.c.obj
 .text.TIM_ITRx_SetConfig
                0x0000000008001442       0x36 cmake/stm32cubemx/CMakeFiles/STM32_Drivers.dir/__/__/Drivers/STM32F4xx_HAL_Driver/Src/stm32f4xx_hal_tim.c.obj
 .text.TIM_ETR_SetConfig
                0x0000000008001478       0x40 cmake/stm32cubemx/CMakeFiles/STM32_Drivers.dir/__/__/Drivers/STM32F4xx_HAL_Driver/Src/stm32f4xx_hal_tim.c.obj
                0x0000000008001478                TIM_ETR_SetConfig
 .text.HAL_TIMEx_MasterConfigSynchronization
                0x00000000080014b8       0xf8 cmake/stm32cubemx/CMakeFiles/STM32_Drivers.dir/__/__/Drivers/STM32F4xx_HAL_Driver/Src/stm32f4xx_hal_tim_ex.c.obj
                0x00000000080014b8                HAL_TIMEx_MasterConfigSynchronization
 .text.HAL_TIMEx_ConfigBreakDeadTime
                0x00000000080015b0       0xa4 cmake/stm32cubemx/CMakeFiles/STM32_Drivers.dir/__/__/Drivers/STM32F4xx_HAL_Driver/Src/stm32f4xx_hal_tim_ex.c.obj
                0x00000000080015b0                HAL_TIMEx_ConfigBreakDeadTime
 .text.HAL_TIMEx_CommutCallback
                0x0000000008001654       0x14 cmake/stm32cubemx/CMakeFiles/STM32_Drivers.dir/__/__/Drivers/STM32F4xx_HAL_Driver/Src/stm32f4xx_hal_tim_ex.c.obj
                0x0000000008001654                HAL_TIMEx_CommutCallback
 .text.HAL_TIMEx_BreakCallback
                0x0000000008001668       0x14 cmake/stm32cubemx/CMakeFiles/STM32_Drivers.dir/__/__/Drivers/STM32F4xx_HAL_Driver/Src/stm32f4xx_hal_tim_ex.c.obj
                0x0000000008001668                HAL_TIMEx_BreakCallback
 .text.HAL_ADC_Init
                0x000000000800167c       0x86 cmake/stm32cubemx/CMakeFiles/STM32_Drivers.dir/__/__/Drivers/STM32F4xx_HAL_Driver/Src/stm32f4xx_hal_adc.c.obj
                0x000000000800167c                HAL_ADC_Init
 *fill*         0x0000000008001702        0x2 
 .text.HAL_ADC_ConfigChannel
                0x0000000008001704      0x244 cmake/stm32cubemx/CMakeFiles/STM32_Drivers.dir/__/__/Drivers/STM32F4xx_HAL_Driver/Src/stm32f4xx_hal_adc.c.obj
                0x0000000008001704                HAL_ADC_ConfigChannel
 .text.ADC_Init
                0x0000000008001948      0x1f8 cmake/stm32cubemx/CMakeFiles/STM32_Drivers.dir/__/__/Drivers/STM32F4xx_HAL_Driver/Src/stm32f4xx_hal_adc.c.obj
 .text.HAL_RCC_OscConfig
                0x0000000008001b40      0x4f0 cmake/stm32cubemx/CMakeFiles/STM32_Drivers.dir/__/__/Drivers/STM32F4xx_HAL_Driver/Src/stm32f4xx_hal_rcc.c.obj
                0x0000000008001b40                HAL_RCC_OscConfig
 .text.HAL_RCC_ClockConfig
                0x0000000008002030      0x1cc cmake/stm32cubemx/CMakeFiles/STM32_Drivers.dir/__/__/Drivers/STM32F4xx_HAL_Driver/Src/stm32f4xx_hal_rcc.c.obj
                0x0000000008002030                HAL_RCC_ClockConfig
 .text.HAL_RCC_GetSysClockFreq
                0x00000000080021fc      0x20c cmake/stm32cubemx/CMakeFiles/STM32_Drivers.dir/__/__/Drivers/STM32F4xx_HAL_Driver/Src/stm32f4xx_hal_rcc.c.obj
                0x00000000080021fc                HAL_RCC_GetSysClockFreq
 .text.HAL_RCC_GetHCLKFreq
                0x0000000008002408       0x18 cmake/stm32cubemx/CMakeFiles/STM32_Drivers.dir/__/__/Drivers/STM32F4xx_HAL_Driver/Src/stm32f4xx_hal_rcc.c.obj
                0x0000000008002408                HAL_RCC_GetHCLKFreq
 .text.HAL_RCC_GetPCLK1Freq
                0x0000000008002420       0x28 cmake/stm32cubemx/CMakeFiles/STM32_Drivers.dir/__/__/Drivers/STM32F4xx_HAL_Driver/Src/stm32f4xx_hal_rcc.c.obj
                0x0000000008002420                HAL_RCC_GetPCLK1Freq
 .text.HAL_RCC_GetPCLK2Freq
                0x0000000008002448       0x28 cmake/stm32cubemx/CMakeFiles/STM32_Drivers.dir/__/__/Drivers/STM32F4xx_HAL_Driver/Src/stm32f4xx_hal_rcc.c.obj
                0x0000000008002448                HAL_RCC_GetPCLK2Freq
 .text.HAL_RCC_GetClockConfig
                0x0000000008002470       0x64 cmake/stm32cubemx/CMakeFiles/STM32_Drivers.dir/__/__/Drivers/STM32F4xx_HAL_Driver/Src/stm32f4xx_hal_rcc.c.obj
                0x0000000008002470                HAL_RCC_GetClockConfig
 .text.HAL_GPIO_Init
                0x00000000080024d4      0x338 cmake/stm32cubemx/CMakeFiles/STM32_Drivers.dir/__/__/Drivers/STM32F4xx_HAL_Driver/Src/stm32f4xx_hal_gpio.c.obj
                0x00000000080024d4                HAL_GPIO_Init
 .text.HAL_DMA_Init
                0x000000000800280c      0x15c cmake/stm32cubemx/CMakeFiles/STM32_Drivers.dir/__/__/Drivers/STM32F4xx_HAL_Driver/Src/stm32f4xx_hal_dma.c.obj
                0x000000000800280c                HAL_DMA_Init
 .text.HAL_DMA_Abort
                0x0000000008002968       0xe0 cmake/stm32cubemx/CMakeFiles/STM32_Drivers.dir/__/__/Drivers/STM32F4xx_HAL_Driver/Src/stm32f4xx_hal_dma.c.obj
                0x0000000008002968                HAL_DMA_Abort
 .text.HAL_DMA_Abort_IT
                0x0000000008002a48       0x44 cmake/stm32cubemx/CMakeFiles/STM32_Drivers.dir/__/__/Drivers/STM32F4xx_HAL_Driver/Src/stm32f4xx_hal_dma.c.obj
                0x0000000008002a48                HAL_DMA_Abort_IT
 .text.HAL_DMA_IRQHandler
                0x0000000008002a8c      0x314 cmake/stm32cubemx/CMakeFiles/STM32_Drivers.dir/__/__/Drivers/STM32F4xx_HAL_Driver/Src/stm32f4xx_hal_dma.c.obj
                0x0000000008002a8c                HAL_DMA_IRQHandler
 .text.DMA_CalcBaseAndBitshift
                0x0000000008002da0       0x6c cmake/stm32cubemx/CMakeFiles/STM32_Drivers.dir/__/__/Drivers/STM32F4xx_HAL_Driver/Src/stm32f4xx_hal_dma.c.obj
 .text.DMA_CheckFifoParam
                0x0000000008002e0c       0xf8 cmake/stm32cubemx/CMakeFiles/STM32_Drivers.dir/__/__/Drivers/STM32F4xx_HAL_Driver/Src/stm32f4xx_hal_dma.c.obj
 .text.__NVIC_SetPriorityGrouping
                0x0000000008002f04       0x48 cmake/stm32cubemx/CMakeFiles/STM32_Drivers.dir/__/__/Drivers/STM32F4xx_HAL_Driver/Src/stm32f4xx_hal_cortex.c.obj
 .text.__NVIC_GetPriorityGrouping
                0x0000000008002f4c       0x1c cmake/stm32cubemx/CMakeFiles/STM32_Drivers.dir/__/__/Drivers/STM32F4xx_HAL_Driver/Src/stm32f4xx_hal_cortex.c.obj
 .text.__NVIC_EnableIRQ
                0x0000000008002f68       0x3c cmake/stm32cubemx/CMakeFiles/STM32_Drivers.dir/__/__/Drivers/STM32F4xx_HAL_Driver/Src/stm32f4xx_hal_cortex.c.obj
 .text.__NVIC_SetPriority
                0x0000000008002fa4       0x54 cmake/stm32cubemx/CMakeFiles/STM32_Drivers.dir/__/__/Drivers/STM32F4xx_HAL_Driver/Src/stm32f4xx_hal_cortex.c.obj
 .text.NVIC_EncodePriority
                0x0000000008002ff8       0x66 cmake/stm32cubemx/CMakeFiles/STM32_Drivers.dir/__/__/Drivers/STM32F4xx_HAL_Driver/Src/stm32f4xx_hal_cortex.c.obj
 .text.HAL_NVIC_SetPriorityGrouping
                0x000000000800305e       0x16 cmake/stm32cubemx/CMakeFiles/STM32_Drivers.dir/__/__/Drivers/STM32F4xx_HAL_Driver/Src/stm32f4xx_hal_cortex.c.obj
                0x000000000800305e                HAL_NVIC_SetPriorityGrouping
 .text.HAL_NVIC_SetPriority
                0x0000000008003074       0x38 cmake/stm32cubemx/CMakeFiles/STM32_Drivers.dir/__/__/Drivers/STM32F4xx_HAL_Driver/Src/stm32f4xx_hal_cortex.c.obj
                0x0000000008003074                HAL_NVIC_SetPriority
 .text.HAL_NVIC_EnableIRQ
                0x00000000080030ac       0x1c cmake/stm32cubemx/CMakeFiles/STM32_Drivers.dir/__/__/Drivers/STM32F4xx_HAL_Driver/Src/stm32f4xx_hal_cortex.c.obj
                0x00000000080030ac                HAL_NVIC_EnableIRQ
 .text.HAL_Init
                0x00000000080030c8       0x44 cmake/stm32cubemx/CMakeFiles/STM32_Drivers.dir/__/__/Drivers/STM32F4xx_HAL_Driver/Src/stm32f4xx_hal.c.obj
                0x00000000080030c8                HAL_Init
 .text.HAL_IncTick
                0x000000000800310c       0x28 cmake/stm32cubemx/CMakeFiles/STM32_Drivers.dir/__/__/Drivers/STM32F4xx_HAL_Driver/Src/stm32f4xx_hal.c.obj
                0x000000000800310c                HAL_IncTick
 .text.HAL_GetTick
                0x0000000008003134       0x18 cmake/stm32cubemx/CMakeFiles/STM32_Drivers.dir/__/__/Drivers/STM32F4xx_HAL_Driver/Src/stm32f4xx_hal.c.obj
                0x0000000008003134                HAL_GetTick
 .text.HAL_CAN_Init
                0x000000000800314c      0x1f6 cmake/stm32cubemx/CMakeFiles/STM32_Drivers.dir/__/__/Drivers/STM32F4xx_HAL_Driver/Src/stm32f4xx_hal_can.c.obj
                0x000000000800314c                HAL_CAN_Init
 .text.HAL_CAN_IRQHandler
                0x0000000008003342      0x36e cmake/stm32cubemx/CMakeFiles/STM32_Drivers.dir/__/__/Drivers/STM32F4xx_HAL_Driver/Src/stm32f4xx_hal_can.c.obj
                0x0000000008003342                HAL_CAN_IRQHandler
 .text.HAL_CAN_TxMailbox0CompleteCallback
                0x00000000080036b0       0x14 cmake/stm32cubemx/CMakeFiles/STM32_Drivers.dir/__/__/Drivers/STM32F4xx_HAL_Driver/Src/stm32f4xx_hal_can.c.obj
                0x00000000080036b0                HAL_CAN_TxMailbox0CompleteCallback
 .text.HAL_CAN_TxMailbox1CompleteCallback
                0x00000000080036c4       0x14 cmake/stm32cubemx/CMakeFiles/STM32_Drivers.dir/__/__/Drivers/STM32F4xx_HAL_Driver/Src/stm32f4xx_hal_can.c.obj
                0x00000000080036c4                HAL_CAN_TxMailbox1CompleteCallback
 .text.HAL_CAN_TxMailbox2CompleteCallback
                0x00000000080036d8       0x14 cmake/stm32cubemx/CMakeFiles/STM32_Drivers.dir/__/__/Drivers/STM32F4xx_HAL_Driver/Src/stm32f4xx_hal_can.c.obj
                0x00000000080036d8                HAL_CAN_TxMailbox2CompleteCallback
 .text.HAL_CAN_TxMailbox0AbortCallback
                0x00000000080036ec       0x14 cmake/stm32cubemx/CMakeFiles/STM32_Drivers.dir/__/__/Drivers/STM32F4xx_HAL_Driver/Src/stm32f4xx_hal_can.c.obj
                0x00000000080036ec                HAL_CAN_TxMailbox0AbortCallback
 .text.HAL_CAN_TxMailbox1AbortCallback
                0x0000000008003700       0x14 cmake/stm32cubemx/CMakeFiles/STM32_Drivers.dir/__/__/Drivers/STM32F4xx_HAL_Driver/Src/stm32f4xx_hal_can.c.obj
                0x0000000008003700                HAL_CAN_TxMailbox1AbortCallback
 .text.HAL_CAN_TxMailbox2AbortCallback
                0x0000000008003714       0x14 cmake/stm32cubemx/CMakeFiles/STM32_Drivers.dir/__/__/Drivers/STM32F4xx_HAL_Driver/Src/stm32f4xx_hal_can.c.obj
                0x0000000008003714                HAL_CAN_TxMailbox2AbortCallback
 .text.HAL_CAN_RxFifo0MsgPendingCallback
                0x0000000008003728       0x14 cmake/stm32cubemx/CMakeFiles/STM32_Drivers.dir/__/__/Drivers/STM32F4xx_HAL_Driver/Src/stm32f4xx_hal_can.c.obj
                0x0000000008003728                HAL_CAN_RxFifo0MsgPendingCallback
 .text.HAL_CAN_RxFifo0FullCallback
                0x000000000800373c       0x14 cmake/stm32cubemx/CMakeFiles/STM32_Drivers.dir/__/__/Drivers/STM32F4xx_HAL_Driver/Src/stm32f4xx_hal_can.c.obj
                0x000000000800373c                HAL_CAN_RxFifo0FullCallback
 .text.HAL_CAN_RxFifo1MsgPendingCallback
                0x0000000008003750       0x14 cmake/stm32cubemx/CMakeFiles/STM32_Drivers.dir/__/__/Drivers/STM32F4xx_HAL_Driver/Src/stm32f4xx_hal_can.c.obj
                0x0000000008003750                HAL_CAN_RxFifo1MsgPendingCallback
 .text.HAL_CAN_RxFifo1FullCallback
                0x0000000008003764       0x14 cmake/stm32cubemx/CMakeFiles/STM32_Drivers.dir/__/__/Drivers/STM32F4xx_HAL_Driver/Src/stm32f4xx_hal_can.c.obj
                0x0000000008003764                HAL_CAN_RxFifo1FullCallback
 .text.HAL_CAN_SleepCallback
                0x0000000008003778       0x14 cmake/stm32cubemx/CMakeFiles/STM32_Drivers.dir/__/__/Drivers/STM32F4xx_HAL_Driver/Src/stm32f4xx_hal_can.c.obj
                0x0000000008003778                HAL_CAN_SleepCallback
 .text.HAL_CAN_WakeUpFromRxMsgCallback
                0x000000000800378c       0x14 cmake/stm32cubemx/CMakeFiles/STM32_Drivers.dir/__/__/Drivers/STM32F4xx_HAL_Driver/Src/stm32f4xx_hal_can.c.obj
                0x000000000800378c                HAL_CAN_WakeUpFromRxMsgCallback
 .text.HAL_CAN_ErrorCallback
                0x00000000080037a0       0x14 cmake/stm32cubemx/CMakeFiles/STM32_Drivers.dir/__/__/Drivers/STM32F4xx_HAL_Driver/Src/stm32f4xx_hal_can.c.obj
                0x00000000080037a0                HAL_CAN_ErrorCallback
 .text.HAL_I2C_Init
                0x00000000080037b4      0x288 cmake/stm32cubemx/CMakeFiles/STM32_Drivers.dir/__/__/Drivers/STM32F4xx_HAL_Driver/Src/stm32f4xx_hal_i2c.c.obj
                0x00000000080037b4                HAL_I2C_Init
 .text.HAL_IWDG_Init
                0x0000000008003a3c       0x88 cmake/stm32cubemx/CMakeFiles/STM32_Drivers.dir/__/__/Drivers/STM32F4xx_HAL_Driver/Src/stm32f4xx_hal_iwdg.c.obj
                0x0000000008003a3c                HAL_IWDG_Init
 .text.HAL_SPI_Init
                0x0000000008003ac4      0x112 cmake/stm32cubemx/CMakeFiles/STM32_Drivers.dir/__/__/Drivers/STM32F4xx_HAL_Driver/Src/stm32f4xx_hal_spi.c.obj
                0x0000000008003ac4                HAL_SPI_Init
 .text.HAL_UART_Init
                0x0000000008003bd6       0xa0 cmake/stm32cubemx/CMakeFiles/STM32_Drivers.dir/__/__/Drivers/STM32F4xx_HAL_Driver/Src/stm32f4xx_hal_uart.c.obj
                0x0000000008003bd6                HAL_UART_Init
 *fill*         0x0000000008003c76        0x2 
 .text.HAL_UART_IRQHandler
                0x0000000008003c78      0x554 cmake/stm32cubemx/CMakeFiles/STM32_Drivers.dir/__/__/Drivers/STM32F4xx_HAL_Driver/Src/stm32f4xx_hal_uart.c.obj
                0x0000000008003c78                HAL_UART_IRQHandler
 .text.HAL_UART_TxCpltCallback
                0x00000000080041cc       0x14 cmake/stm32cubemx/CMakeFiles/STM32_Drivers.dir/__/__/Drivers/STM32F4xx_HAL_Driver/Src/stm32f4xx_hal_uart.c.obj
                0x00000000080041cc                HAL_UART_TxCpltCallback
 .text.HAL_UART_RxCpltCallback
                0x00000000080041e0       0x14 cmake/stm32cubemx/CMakeFiles/STM32_Drivers.dir/__/__/Drivers/STM32F4xx_HAL_Driver/Src/stm32f4xx_hal_uart.c.obj
                0x00000000080041e0                HAL_UART_RxCpltCallback
 .text.HAL_UART_ErrorCallback
                0x00000000080041f4       0x14 cmake/stm32cubemx/CMakeFiles/STM32_Drivers.dir/__/__/Drivers/STM32F4xx_HAL_Driver/Src/stm32f4xx_hal_uart.c.obj
                0x00000000080041f4                HAL_UART_ErrorCallback
 .text.HAL_UARTEx_RxEventCallback
                0x0000000008004208       0x18 cmake/stm32cubemx/CMakeFiles/STM32_Drivers.dir/__/__/Drivers/STM32F4xx_HAL_Driver/Src/stm32f4xx_hal_uart.c.obj
                0x0000000008004208                HAL_UARTEx_RxEventCallback
 .text.UART_EndRxTransfer
                0x0000000008004220       0xc6 cmake/stm32cubemx/CMakeFiles/STM32_Drivers.dir/__/__/Drivers/STM32F4xx_HAL_Driver/Src/stm32f4xx_hal_uart.c.obj
 .text.UART_DMAAbortOnError
                0x00000000080042e6       0x22 cmake/stm32cubemx/CMakeFiles/STM32_Drivers.dir/__/__/Drivers/STM32F4xx_HAL_Driver/Src/stm32f4xx_hal_uart.c.obj
 .text.UART_Transmit_IT
                0x0000000008004308       0xa0 cmake/stm32cubemx/CMakeFiles/STM32_Drivers.dir/__/__/Drivers/STM32F4xx_HAL_Driver/Src/stm32f4xx_hal_uart.c.obj
 .text.UART_EndTransmit_IT
                0x00000000080043a8       0x30 cmake/stm32cubemx/CMakeFiles/STM32_Drivers.dir/__/__/Drivers/STM32F4xx_HAL_Driver/Src/stm32f4xx_hal_uart.c.obj
 .text.UART_Receive_IT
                0x00000000080043d8      0x17c cmake/stm32cubemx/CMakeFiles/STM32_Drivers.dir/__/__/Drivers/STM32F4xx_HAL_Driver/Src/stm32f4xx_hal_uart.c.obj
 .text.UART_SetConfig
                0x0000000008004554      0x4e8 cmake/stm32cubemx/CMakeFiles/STM32_Drivers.dir/__/__/Drivers/STM32F4xx_HAL_Driver/Src/stm32f4xx_hal_uart.c.obj
 .text.xEventGroupCreateStatic
                0x0000000008004a3c       0x6e cmake/stm32cubemx/CMakeFiles/FreeRTOS.dir/__/__/Middlewares/Third_Party/FreeRTOS/Source/event_groups.c.obj
                0x0000000008004a3c                xEventGroupCreateStatic
 .text.xEventGroupCreate
                0x0000000008004aaa       0x34 cmake/stm32cubemx/CMakeFiles/FreeRTOS.dir/__/__/Middlewares/Third_Party/FreeRTOS/Source/event_groups.c.obj
                0x0000000008004aaa                xEventGroupCreate
 .text.vListInitialise
                0x0000000008004ade       0x40 cmake/stm32cubemx/CMakeFiles/FreeRTOS.dir/__/__/Middlewares/Third_Party/FreeRTOS/Source/list.c.obj
                0x0000000008004ade                vListInitialise
 .text.vListInitialiseItem
                0x0000000008004b1e       0x1a cmake/stm32cubemx/CMakeFiles/FreeRTOS.dir/__/__/Middlewares/Third_Party/FreeRTOS/Source/list.c.obj
                0x0000000008004b1e                vListInitialiseItem
 .text.vListInsertEnd
                0x0000000008004b38       0x48 cmake/stm32cubemx/CMakeFiles/FreeRTOS.dir/__/__/Middlewares/Third_Party/FreeRTOS/Source/list.c.obj
                0x0000000008004b38                vListInsertEnd
 .text.vListInsert
                0x0000000008004b80       0x72 cmake/stm32cubemx/CMakeFiles/FreeRTOS.dir/__/__/Middlewares/Third_Party/FreeRTOS/Source/list.c.obj
                0x0000000008004b80                vListInsert
 .text.uxListRemove
                0x0000000008004bf2       0x54 cmake/stm32cubemx/CMakeFiles/FreeRTOS.dir/__/__/Middlewares/Third_Party/FreeRTOS/Source/list.c.obj
                0x0000000008004bf2                uxListRemove
 *fill*         0x0000000008004c46        0x2 
 .text.xQueueGenericReset
                0x0000000008004c48       0xd0 cmake/stm32cubemx/CMakeFiles/FreeRTOS.dir/__/__/Middlewares/Third_Party/FreeRTOS/Source/queue.c.obj
                0x0000000008004c48                xQueueGenericReset
 .text.xQueueGenericCreateStatic
                0x0000000008004d18       0xf0 cmake/stm32cubemx/CMakeFiles/FreeRTOS.dir/__/__/Middlewares/Third_Party/FreeRTOS/Source/queue.c.obj
                0x0000000008004d18                xQueueGenericCreateStatic
 .text.xQueueGenericCreate
                0x0000000008004e08       0x74 cmake/stm32cubemx/CMakeFiles/FreeRTOS.dir/__/__/Middlewares/Third_Party/FreeRTOS/Source/queue.c.obj
                0x0000000008004e08                xQueueGenericCreate
 .text.prvInitialiseNewQueue
                0x0000000008004e7c       0x46 cmake/stm32cubemx/CMakeFiles/FreeRTOS.dir/__/__/Middlewares/Third_Party/FreeRTOS/Source/queue.c.obj
 .text.prvInitialiseMutex
                0x0000000008004ec2       0x34 cmake/stm32cubemx/CMakeFiles/FreeRTOS.dir/__/__/Middlewares/Third_Party/FreeRTOS/Source/queue.c.obj
 .text.xQueueCreateMutex
                0x0000000008004ef6       0x30 cmake/stm32cubemx/CMakeFiles/FreeRTOS.dir/__/__/Middlewares/Third_Party/FreeRTOS/Source/queue.c.obj
                0x0000000008004ef6                xQueueCreateMutex
 .text.xQueueCreateMutexStatic
                0x0000000008004f26       0x36 cmake/stm32cubemx/CMakeFiles/FreeRTOS.dir/__/__/Middlewares/Third_Party/FreeRTOS/Source/queue.c.obj
                0x0000000008004f26                xQueueCreateMutexStatic
 .text.xQueueCreateCountingSemaphoreStatic
                0x0000000008004f5c       0x6e cmake/stm32cubemx/CMakeFiles/FreeRTOS.dir/__/__/Middlewares/Third_Party/FreeRTOS/Source/queue.c.obj
                0x0000000008004f5c                xQueueCreateCountingSemaphoreStatic
 .text.xQueueCreateCountingSemaphore
                0x0000000008004fca       0x66 cmake/stm32cubemx/CMakeFiles/FreeRTOS.dir/__/__/Middlewares/Third_Party/FreeRTOS/Source/queue.c.obj
                0x0000000008004fca                xQueueCreateCountingSemaphore
 .text.xQueueGenericSend
                0x0000000008005030      0x1fc cmake/stm32cubemx/CMakeFiles/FreeRTOS.dir/__/__/Middlewares/Third_Party/FreeRTOS/Source/queue.c.obj
                0x0000000008005030                xQueueGenericSend
 .text.xQueueGenericSendFromISR
                0x000000000800522c      0x136 cmake/stm32cubemx/CMakeFiles/FreeRTOS.dir/__/__/Middlewares/Third_Party/FreeRTOS/Source/queue.c.obj
                0x000000000800522c                xQueueGenericSendFromISR
 *fill*         0x0000000008005362        0x2 
 .text.xQueueReceive
                0x0000000008005364      0x1c0 cmake/stm32cubemx/CMakeFiles/FreeRTOS.dir/__/__/Middlewares/Third_Party/FreeRTOS/Source/queue.c.obj
                0x0000000008005364                xQueueReceive
 .text.vQueueDelete
                0x0000000008005524       0x46 cmake/stm32cubemx/CMakeFiles/FreeRTOS.dir/__/__/Middlewares/Third_Party/FreeRTOS/Source/queue.c.obj
                0x0000000008005524                vQueueDelete
 .text.prvCopyDataToQueue
                0x000000000800556a       0xd4 cmake/stm32cubemx/CMakeFiles/FreeRTOS.dir/__/__/Middlewares/Third_Party/FreeRTOS/Source/queue.c.obj
 .text.prvCopyDataFromQueue
                0x000000000800563e       0x4c cmake/stm32cubemx/CMakeFiles/FreeRTOS.dir/__/__/Middlewares/Third_Party/FreeRTOS/Source/queue.c.obj
 .text.prvUnlockQueue
                0x000000000800568a       0xa4 cmake/stm32cubemx/CMakeFiles/FreeRTOS.dir/__/__/Middlewares/Third_Party/FreeRTOS/Source/queue.c.obj
 .text.prvIsQueueEmpty
                0x000000000800572e       0x2c cmake/stm32cubemx/CMakeFiles/FreeRTOS.dir/__/__/Middlewares/Third_Party/FreeRTOS/Source/queue.c.obj
 .text.prvIsQueueFull
                0x000000000800575a       0x30 cmake/stm32cubemx/CMakeFiles/FreeRTOS.dir/__/__/Middlewares/Third_Party/FreeRTOS/Source/queue.c.obj
 *fill*         0x000000000800578a        0x2 
 .text.vQueueAddToRegistry
                0x000000000800578c       0x54 cmake/stm32cubemx/CMakeFiles/FreeRTOS.dir/__/__/Middlewares/Third_Party/FreeRTOS/Source/queue.c.obj
                0x000000000800578c                vQueueAddToRegistry
 .text.vQueueUnregisterQueue
                0x00000000080057e0       0x54 cmake/stm32cubemx/CMakeFiles/FreeRTOS.dir/__/__/Middlewares/Third_Party/FreeRTOS/Source/queue.c.obj
                0x00000000080057e0                vQueueUnregisterQueue
 .text.vQueueWaitForMessageRestricted
                0x0000000008005834       0x68 cmake/stm32cubemx/CMakeFiles/FreeRTOS.dir/__/__/Middlewares/Third_Party/FreeRTOS/Source/queue.c.obj
                0x0000000008005834                vQueueWaitForMessageRestricted
 .text.xTaskCreateStatic
                0x000000000800589c       0xba cmake/stm32cubemx/CMakeFiles/FreeRTOS.dir/__/__/Middlewares/Third_Party/FreeRTOS/Source/tasks.c.obj
                0x000000000800589c                xTaskCreateStatic
 .text.xTaskCreate
                0x0000000008005956       0x8a cmake/stm32cubemx/CMakeFiles/FreeRTOS.dir/__/__/Middlewares/Third_Party/FreeRTOS/Source/tasks.c.obj
                0x0000000008005956                xTaskCreate
 .text.prvInitialiseNewTask
                0x00000000080059e0      0x11e cmake/stm32cubemx/CMakeFiles/FreeRTOS.dir/__/__/Middlewares/Third_Party/FreeRTOS/Source/tasks.c.obj
 *fill*         0x0000000008005afe        0x2 
 .text.prvAddNewTaskToReadyList
                0x0000000008005b00       0xe0 cmake/stm32cubemx/CMakeFiles/FreeRTOS.dir/__/__/Middlewares/Third_Party/FreeRTOS/Source/tasks.c.obj
 .text.vTaskDelay
                0x0000000008005be0       0x68 cmake/stm32cubemx/CMakeFiles/FreeRTOS.dir/__/__/Middlewares/Third_Party/FreeRTOS/Source/tasks.c.obj
                0x0000000008005be0                vTaskDelay
 .text.vTaskStartScheduler
                0x0000000008005c48       0xcc cmake/stm32cubemx/CMakeFiles/FreeRTOS.dir/__/__/Middlewares/Third_Party/FreeRTOS/Source/tasks.c.obj
                0x0000000008005c48                vTaskStartScheduler
 .text.vTaskSuspendAll
                0x0000000008005d14       0x1c cmake/stm32cubemx/CMakeFiles/FreeRTOS.dir/__/__/Middlewares/Third_Party/FreeRTOS/Source/tasks.c.obj
                0x0000000008005d14                vTaskSuspendAll
 .text.xTaskResumeAll
                0x0000000008005d30      0x13c cmake/stm32cubemx/CMakeFiles/FreeRTOS.dir/__/__/Middlewares/Third_Party/FreeRTOS/Source/tasks.c.obj
                0x0000000008005d30                xTaskResumeAll
 .text.xTaskGetTickCount
                0x0000000008005e6c       0x20 cmake/stm32cubemx/CMakeFiles/FreeRTOS.dir/__/__/Middlewares/Third_Party/FreeRTOS/Source/tasks.c.obj
                0x0000000008005e6c                xTaskGetTickCount
 .text.xTaskIncrementTick
                0x0000000008005e8c      0x174 cmake/stm32cubemx/CMakeFiles/FreeRTOS.dir/__/__/Middlewares/Third_Party/FreeRTOS/Source/tasks.c.obj
                0x0000000008005e8c                xTaskIncrementTick
 .text.vTaskSwitchContext
                0x0000000008006000       0xbc cmake/stm32cubemx/CMakeFiles/FreeRTOS.dir/__/__/Middlewares/Third_Party/FreeRTOS/Source/tasks.c.obj
                0x0000000008006000                vTaskSwitchContext
 .text.vTaskPlaceOnEventList
                0x00000000080060bc       0x48 cmake/stm32cubemx/CMakeFiles/FreeRTOS.dir/__/__/Middlewares/Third_Party/FreeRTOS/Source/tasks.c.obj
                0x00000000080060bc                vTaskPlaceOnEventList
 .text.vTaskPlaceOnEventListRestricted
                0x0000000008006104       0x58 cmake/stm32cubemx/CMakeFiles/FreeRTOS.dir/__/__/Middlewares/Third_Party/FreeRTOS/Source/tasks.c.obj
                0x0000000008006104                vTaskPlaceOnEventListRestricted
 .text.xTaskRemoveFromEventList
                0x000000000800615c       0xc8 cmake/stm32cubemx/CMakeFiles/FreeRTOS.dir/__/__/Middlewares/Third_Party/FreeRTOS/Source/tasks.c.obj
                0x000000000800615c                xTaskRemoveFromEventList
 .text.vTaskInternalSetTimeOutState
                0x0000000008006224       0x2c cmake/stm32cubemx/CMakeFiles/FreeRTOS.dir/__/__/Middlewares/Third_Party/FreeRTOS/Source/tasks.c.obj
                0x0000000008006224                vTaskInternalSetTimeOutState
 .text.xTaskCheckForTimeOut
                0x0000000008006250       0xc4 cmake/stm32cubemx/CMakeFiles/FreeRTOS.dir/__/__/Middlewares/Third_Party/FreeRTOS/Source/tasks.c.obj
                0x0000000008006250                xTaskCheckForTimeOut
 .text.vTaskMissedYield
                0x0000000008006314       0x18 cmake/stm32cubemx/CMakeFiles/FreeRTOS.dir/__/__/Middlewares/Third_Party/FreeRTOS/Source/tasks.c.obj
                0x0000000008006314                vTaskMissedYield
 .text.prvIdleTask
                0x000000000800632c       0x30 cmake/stm32cubemx/CMakeFiles/FreeRTOS.dir/__/__/Middlewares/Third_Party/FreeRTOS/Source/tasks.c.obj
 .text.prvInitialiseTaskLists
                0x000000000800635c       0x80 cmake/stm32cubemx/CMakeFiles/FreeRTOS.dir/__/__/Middlewares/Third_Party/FreeRTOS/Source/tasks.c.obj
 .text.prvCheckTasksWaitingTermination
                0x00000000080063dc       0x5c cmake/stm32cubemx/CMakeFiles/FreeRTOS.dir/__/__/Middlewares/Third_Party/FreeRTOS/Source/tasks.c.obj
 .text.prvDeleteTCB
                0x0000000008006438       0x5e cmake/stm32cubemx/CMakeFiles/FreeRTOS.dir/__/__/Middlewares/Third_Party/FreeRTOS/Source/tasks.c.obj
 *fill*         0x0000000008006496        0x2 
 .text.prvResetNextTaskUnblockTime
                0x0000000008006498       0x40 cmake/stm32cubemx/CMakeFiles/FreeRTOS.dir/__/__/Middlewares/Third_Party/FreeRTOS/Source/tasks.c.obj
 .text.xTaskGetSchedulerState
                0x00000000080064d8       0x3c cmake/stm32cubemx/CMakeFiles/FreeRTOS.dir/__/__/Middlewares/Third_Party/FreeRTOS/Source/tasks.c.obj
                0x00000000080064d8                xTaskGetSchedulerState
 .text.xTaskPriorityDisinherit
                0x0000000008006514       0xdc cmake/stm32cubemx/CMakeFiles/FreeRTOS.dir/__/__/Middlewares/Third_Party/FreeRTOS/Source/tasks.c.obj
                0x0000000008006514                xTaskPriorityDisinherit
 .text.prvAddCurrentTaskToDelayedList
                0x00000000080065f0       0xa8 cmake/stm32cubemx/CMakeFiles/FreeRTOS.dir/__/__/Middlewares/Third_Party/FreeRTOS/Source/tasks.c.obj
 .text.xTimerCreateTimerTask
                0x0000000008006698       0x90 cmake/stm32cubemx/CMakeFiles/FreeRTOS.dir/__/__/Middlewares/Third_Party/FreeRTOS/Source/timers.c.obj
                0x0000000008006698                xTimerCreateTimerTask
 .text.xTimerCreate
                0x0000000008006728       0x42 cmake/stm32cubemx/CMakeFiles/FreeRTOS.dir/__/__/Middlewares/Third_Party/FreeRTOS/Source/timers.c.obj
                0x0000000008006728                xTimerCreate
 .text.xTimerCreateStatic
                0x000000000800676a       0x7c cmake/stm32cubemx/CMakeFiles/FreeRTOS.dir/__/__/Middlewares/Third_Party/FreeRTOS/Source/timers.c.obj
                0x000000000800676a                xTimerCreateStatic
 .text.prvInitialiseNewTimer
                0x00000000080067e6       0x76 cmake/stm32cubemx/CMakeFiles/FreeRTOS.dir/__/__/Middlewares/Third_Party/FreeRTOS/Source/timers.c.obj
 .text.xTimerGenericCommand
                0x000000000800685c       0x9c cmake/stm32cubemx/CMakeFiles/FreeRTOS.dir/__/__/Middlewares/Third_Party/FreeRTOS/Source/timers.c.obj
                0x000000000800685c                xTimerGenericCommand
 .text.prvProcessExpiredTimer
                0x00000000080068f8       0x98 cmake/stm32cubemx/CMakeFiles/FreeRTOS.dir/__/__/Middlewares/Third_Party/FreeRTOS/Source/timers.c.obj
 .text.prvTimerTask
                0x0000000008006990       0x24 cmake/stm32cubemx/CMakeFiles/FreeRTOS.dir/__/__/Middlewares/Third_Party/FreeRTOS/Source/timers.c.obj
 .text.prvProcessTimerOrBlockTask
                0x00000000080069b4       0x9c cmake/stm32cubemx/CMakeFiles/FreeRTOS.dir/__/__/Middlewares/Third_Party/FreeRTOS/Source/timers.c.obj
 .text.prvGetNextExpireTime
                0x0000000008006a50       0x48 cmake/stm32cubemx/CMakeFiles/FreeRTOS.dir/__/__/Middlewares/Third_Party/FreeRTOS/Source/timers.c.obj
 .text.prvSampleTimeNow
                0x0000000008006a98       0x40 cmake/stm32cubemx/CMakeFiles/FreeRTOS.dir/__/__/Middlewares/Third_Party/FreeRTOS/Source/timers.c.obj
 .text.prvInsertTimerInActiveList
                0x0000000008006ad8       0x84 cmake/stm32cubemx/CMakeFiles/FreeRTOS.dir/__/__/Middlewares/Third_Party/FreeRTOS/Source/timers.c.obj
 .text.prvProcessReceivedCommands
                0x0000000008006b5c      0x1c4 cmake/stm32cubemx/CMakeFiles/FreeRTOS.dir/__/__/Middlewares/Third_Party/FreeRTOS/Source/timers.c.obj
 .text.prvSwitchTimerLists
                0x0000000008006d20       0xc8 cmake/stm32cubemx/CMakeFiles/FreeRTOS.dir/__/__/Middlewares/Third_Party/FreeRTOS/Source/timers.c.obj
 .text.prvCheckForValidListAndQueue
                0x0000000008006de8       0x80 cmake/stm32cubemx/CMakeFiles/FreeRTOS.dir/__/__/Middlewares/Third_Party/FreeRTOS/Source/timers.c.obj
 .text.pvTimerGetTimerID
                0x0000000008006e68       0x40 cmake/stm32cubemx/CMakeFiles/FreeRTOS.dir/__/__/Middlewares/Third_Party/FreeRTOS/Source/timers.c.obj
                0x0000000008006e68                pvTimerGetTimerID
 .text.__NVIC_SetPriority
                0x0000000008006ea8       0x54 cmake/stm32cubemx/CMakeFiles/FreeRTOS.dir/__/__/Middlewares/Third_Party/FreeRTOS/Source/CMSIS_RTOS_V2/cmsis_os2.c.obj
 .text.SysTick_Handler
                0x0000000008006efc       0x20 cmake/stm32cubemx/CMakeFiles/FreeRTOS.dir/__/__/Middlewares/Third_Party/FreeRTOS/Source/CMSIS_RTOS_V2/cmsis_os2.c.obj
                0x0000000008006efc                SysTick_Handler
 .text.SVC_Setup
                0x0000000008006f1c       0x12 cmake/stm32cubemx/CMakeFiles/FreeRTOS.dir/__/__/Middlewares/Third_Party/FreeRTOS/Source/CMSIS_RTOS_V2/cmsis_os2.c.obj
 *fill*         0x0000000008006f2e        0x2 
 .text.osKernelInitialize
                0x0000000008006f30       0x48 cmake/stm32cubemx/CMakeFiles/FreeRTOS.dir/__/__/Middlewares/Third_Party/FreeRTOS/Source/CMSIS_RTOS_V2/cmsis_os2.c.obj
                0x0000000008006f30                osKernelInitialize
 .text.osKernelStart
                0x0000000008006f78       0x4c cmake/stm32cubemx/CMakeFiles/FreeRTOS.dir/__/__/Middlewares/Third_Party/FreeRTOS/Source/CMSIS_RTOS_V2/cmsis_os2.c.obj
                0x0000000008006f78                osKernelStart
 .text.osThreadNew
                0x0000000008006fc4      0x124 cmake/stm32cubemx/CMakeFiles/FreeRTOS.dir/__/__/Middlewares/Third_Party/FreeRTOS/Source/CMSIS_RTOS_V2/cmsis_os2.c.obj
                0x0000000008006fc4                osThreadNew
 .text.osDelay  0x00000000080070e8       0x36 cmake/stm32cubemx/CMakeFiles/FreeRTOS.dir/__/__/Middlewares/Third_Party/FreeRTOS/Source/CMSIS_RTOS_V2/cmsis_os2.c.obj
                0x00000000080070e8                osDelay
 .text.TimerCallback
                0x000000000800711e       0x2a cmake/stm32cubemx/CMakeFiles/FreeRTOS.dir/__/__/Middlewares/Third_Party/FreeRTOS/Source/CMSIS_RTOS_V2/cmsis_os2.c.obj
 .text.osTimerNew
                0x0000000008007148       0xf8 cmake/stm32cubemx/CMakeFiles/FreeRTOS.dir/__/__/Middlewares/Third_Party/FreeRTOS/Source/CMSIS_RTOS_V2/cmsis_os2.c.obj
                0x0000000008007148                osTimerNew
 .text.osEventFlagsNew
                0x0000000008007240       0x7e cmake/stm32cubemx/CMakeFiles/FreeRTOS.dir/__/__/Middlewares/Third_Party/FreeRTOS/Source/CMSIS_RTOS_V2/cmsis_os2.c.obj
                0x0000000008007240                osEventFlagsNew
 .text.osMutexNew
                0x00000000080072be      0x10c cmake/stm32cubemx/CMakeFiles/FreeRTOS.dir/__/__/Middlewares/Third_Party/FreeRTOS/Source/CMSIS_RTOS_V2/cmsis_os2.c.obj
                0x00000000080072be                osMutexNew
 .text.osSemaphoreNew
                0x00000000080073ca      0x112 cmake/stm32cubemx/CMakeFiles/FreeRTOS.dir/__/__/Middlewares/Third_Party/FreeRTOS/Source/CMSIS_RTOS_V2/cmsis_os2.c.obj
                0x00000000080073ca                osSemaphoreNew
 .text.osMessageQueueNew
                0x00000000080074dc       0xe6 cmake/stm32cubemx/CMakeFiles/FreeRTOS.dir/__/__/Middlewares/Third_Party/FreeRTOS/Source/CMSIS_RTOS_V2/cmsis_os2.c.obj
                0x00000000080074dc                osMessageQueueNew
 *fill*         0x00000000080075c2        0x2 
 .text.vApplicationGetIdleTaskMemory
                0x00000000080075c4       0x34 cmake/stm32cubemx/CMakeFiles/FreeRTOS.dir/__/__/Middlewares/Third_Party/FreeRTOS/Source/CMSIS_RTOS_V2/cmsis_os2.c.obj
                0x00000000080075c4                vApplicationGetIdleTaskMemory
 .text.vApplicationGetTimerTaskMemory
                0x00000000080075f8       0x34 cmake/stm32cubemx/CMakeFiles/FreeRTOS.dir/__/__/Middlewares/Third_Party/FreeRTOS/Source/CMSIS_RTOS_V2/cmsis_os2.c.obj
                0x00000000080075f8                vApplicationGetTimerTaskMemory
 .text.pvPortMalloc
                0x000000000800762c      0x198 cmake/stm32cubemx/CMakeFiles/FreeRTOS.dir/__/__/Middlewares/Third_Party/FreeRTOS/Source/portable/MemMang/heap_4.c.obj
                0x000000000800762c                pvPortMalloc
 .text.vPortFree
                0x00000000080077c4       0xc4 cmake/stm32cubemx/CMakeFiles/FreeRTOS.dir/__/__/Middlewares/Third_Party/FreeRTOS/Source/portable/MemMang/heap_4.c.obj
                0x00000000080077c4                vPortFree
 .text.prvHeapInit
                0x0000000008007888       0xc4 cmake/stm32cubemx/CMakeFiles/FreeRTOS.dir/__/__/Middlewares/Third_Party/FreeRTOS/Source/portable/MemMang/heap_4.c.obj
 .text.prvInsertBlockIntoFreeList
                0x000000000800794c       0xb4 cmake/stm32cubemx/CMakeFiles/FreeRTOS.dir/__/__/Middlewares/Third_Party/FreeRTOS/Source/portable/MemMang/heap_4.c.obj
 .text.pxPortInitialiseStack
                0x0000000008007a00       0x68 cmake/stm32cubemx/CMakeFiles/FreeRTOS.dir/__/__/Middlewares/Third_Party/FreeRTOS/Source/portable/GCC/ARM_CM4F/port.c.obj
                0x0000000008007a00                pxPortInitialiseStack
 .text.prvTaskExitError
                0x0000000008007a68       0x58 cmake/stm32cubemx/CMakeFiles/FreeRTOS.dir/__/__/Middlewares/Third_Party/FreeRTOS/Source/portable/GCC/ARM_CM4F/port.c.obj
 .text.SVC_Handler
                0x0000000008007ac0       0x28 cmake/stm32cubemx/CMakeFiles/FreeRTOS.dir/__/__/Middlewares/Third_Party/FreeRTOS/Source/portable/GCC/ARM_CM4F/port.c.obj
                0x0000000008007ac0                SVC_Handler
 .text.prvPortStartFirstTask
                0x0000000008007ae8       0x28 cmake/stm32cubemx/CMakeFiles/FreeRTOS.dir/__/__/Middlewares/Third_Party/FreeRTOS/Source/portable/GCC/ARM_CM4F/port.c.obj
 .text.xPortStartScheduler
                0x0000000008007b10      0x144 cmake/stm32cubemx/CMakeFiles/FreeRTOS.dir/__/__/Middlewares/Third_Party/FreeRTOS/Source/portable/GCC/ARM_CM4F/port.c.obj
                0x0000000008007b10                xPortStartScheduler
 .text.vPortEnterCritical
                0x0000000008007c54       0x60 cmake/stm32cubemx/CMakeFiles/FreeRTOS.dir/__/__/Middlewares/Third_Party/FreeRTOS/Source/portable/GCC/ARM_CM4F/port.c.obj
                0x0000000008007c54                vPortEnterCritical
 .text.vPortExitCritical
                0x0000000008007cb4       0x54 cmake/stm32cubemx/CMakeFiles/FreeRTOS.dir/__/__/Middlewares/Third_Party/FreeRTOS/Source/portable/GCC/ARM_CM4F/port.c.obj
                0x0000000008007cb4                vPortExitCritical
 *fill*         0x0000000008007d08        0x8 
 .text.PendSV_Handler
                0x0000000008007d10       0x68 cmake/stm32cubemx/CMakeFiles/FreeRTOS.dir/__/__/Middlewares/Third_Party/FreeRTOS/Source/portable/GCC/ARM_CM4F/port.c.obj
                0x0000000008007d10                PendSV_Handler
 .text.xPortSysTickHandler
                0x0000000008007d78       0x44 cmake/stm32cubemx/CMakeFiles/FreeRTOS.dir/__/__/Middlewares/Third_Party/FreeRTOS/Source/portable/GCC/ARM_CM4F/port.c.obj
                0x0000000008007d78                xPortSysTickHandler
 .text.vPortSetupTimerInterrupt
                0x0000000008007dbc       0x48 cmake/stm32cubemx/CMakeFiles/FreeRTOS.dir/__/__/Middlewares/Third_Party/FreeRTOS/Source/portable/GCC/ARM_CM4F/port.c.obj
                0x0000000008007dbc                vPortSetupTimerInterrupt
 .text.vPortEnableVFP
                0x0000000008007e04       0x14 cmake/stm32cubemx/CMakeFiles/FreeRTOS.dir/__/__/Middlewares/Third_Party/FreeRTOS/Source/portable/GCC/ARM_CM4F/port.c.obj
 .text.vPortValidateInterruptPriority
                0x0000000008007e18       0x80 cmake/stm32cubemx/CMakeFiles/FreeRTOS.dir/__/__/Middlewares/Third_Party/FreeRTOS/Source/portable/GCC/ARM_CM4F/port.c.obj
                0x0000000008007e18                vPortValidateInterruptPriority
 .text.main     0x0000000008007e98       0x66 CMakeFiles/CM4_stm32_RTOS.dir/Core/Src/main.c.obj
                0x0000000008007e98                main
 *fill*         0x0000000008007efe        0x2 
 .text.SystemClock_Config
                0x0000000008007f00       0xd4 CMakeFiles/CM4_stm32_RTOS.dir/Core/Src/main.c.obj
                0x0000000008007f00                SystemClock_Config
 .text.HAL_TIM_PeriodElapsedCallback
                0x0000000008007fd4       0x24 CMakeFiles/CM4_stm32_RTOS.dir/Core/Src/main.c.obj
                0x0000000008007fd4                HAL_TIM_PeriodElapsedCallback
 .text.Error_Handler
                0x0000000008007ff8        0xa CMakeFiles/CM4_stm32_RTOS.dir/Core/Src/main.c.obj
                0x0000000008007ff8                Error_Handler
 *fill*         0x0000000008008002        0x2 
 .text.MX_GPIO_Init
                0x0000000008008004       0xa4 CMakeFiles/CM4_stm32_RTOS.dir/Core/Src/gpio.c.obj
                0x0000000008008004                MX_GPIO_Init
 .text.MX_FREERTOS_Init
                0x00000000080080a8      0x170 CMakeFiles/CM4_stm32_RTOS.dir/Core/Src/freertos.c.obj
                0x00000000080080a8                MX_FREERTOS_Init
 .text.StartDefaultTask
                0x0000000008008218       0x10 CMakeFiles/CM4_stm32_RTOS.dir/Core/Src/freertos.c.obj
                0x0000000008008218                StartDefaultTask
 .text.StartTask02
                0x0000000008008228       0x10 CMakeFiles/CM4_stm32_RTOS.dir/Core/Src/freertos.c.obj
                0x0000000008008228                StartTask02
 .text.StartTask03
                0x0000000008008238       0x10 CMakeFiles/CM4_stm32_RTOS.dir/Core/Src/freertos.c.obj
                0x0000000008008238                StartTask03
 .text.StartTask04
                0x0000000008008248       0x10 CMakeFiles/CM4_stm32_RTOS.dir/Core/Src/freertos.c.obj
                0x0000000008008248                StartTask04
 .text.StartTask05
                0x0000000008008258       0x10 CMakeFiles/CM4_stm32_RTOS.dir/Core/Src/freertos.c.obj
                0x0000000008008258                StartTask05
 .text.Callback01
                0x0000000008008268       0x14 CMakeFiles/CM4_stm32_RTOS.dir/Core/Src/freertos.c.obj
                0x0000000008008268                Callback01
 .text.Callback02
                0x000000000800827c       0x14 CMakeFiles/CM4_stm32_RTOS.dir/Core/Src/freertos.c.obj
                0x000000000800827c                Callback02
 .text.MX_ADC1_Init
                0x0000000008008290       0xa4 CMakeFiles/CM4_stm32_RTOS.dir/Core/Src/adc.c.obj
                0x0000000008008290                MX_ADC1_Init
 .text.MX_ADC2_Init
                0x0000000008008334       0xa4 CMakeFiles/CM4_stm32_RTOS.dir/Core/Src/adc.c.obj
                0x0000000008008334                MX_ADC2_Init
 .text.MX_ADC3_Init
                0x00000000080083d8       0xa4 CMakeFiles/CM4_stm32_RTOS.dir/Core/Src/adc.c.obj
                0x00000000080083d8                MX_ADC3_Init
 .text.HAL_ADC_MspInit
                0x000000000800847c      0x14c CMakeFiles/CM4_stm32_RTOS.dir/Core/Src/adc.c.obj
                0x000000000800847c                HAL_ADC_MspInit
 .text.MX_CAN1_Init
                0x00000000080085c8       0x6c CMakeFiles/CM4_stm32_RTOS.dir/Core/Src/can.c.obj
                0x00000000080085c8                MX_CAN1_Init
 .text.MX_CAN2_Init
                0x0000000008008634       0x6c CMakeFiles/CM4_stm32_RTOS.dir/Core/Src/can.c.obj
                0x0000000008008634                MX_CAN2_Init
 .text.HAL_CAN_MspInit
                0x00000000080086a0      0x184 CMakeFiles/CM4_stm32_RTOS.dir/Core/Src/can.c.obj
                0x00000000080086a0                HAL_CAN_MspInit
 .text.MX_DMA_Init
                0x0000000008008824       0x9c CMakeFiles/CM4_stm32_RTOS.dir/Core/Src/dma.c.obj
                0x0000000008008824                MX_DMA_Init
 .text.MX_I2C1_Init
                0x00000000080088c0       0x5c CMakeFiles/CM4_stm32_RTOS.dir/Core/Src/i2c.c.obj
                0x00000000080088c0                MX_I2C1_Init
 .text.MX_I2C2_Init
                0x000000000800891c       0x5c CMakeFiles/CM4_stm32_RTOS.dir/Core/Src/i2c.c.obj
                0x000000000800891c                MX_I2C2_Init
 .text.HAL_I2C_MspInit
                0x0000000008008978       0xf8 CMakeFiles/CM4_stm32_RTOS.dir/Core/Src/i2c.c.obj
                0x0000000008008978                HAL_I2C_MspInit
 .text.MX_IWDG_Init
                0x0000000008008a70       0x34 CMakeFiles/CM4_stm32_RTOS.dir/Core/Src/iwdg.c.obj
                0x0000000008008a70                MX_IWDG_Init
 .text.MX_SPI1_Init
                0x0000000008008aa4       0x64 CMakeFiles/CM4_stm32_RTOS.dir/Core/Src/spi.c.obj
                0x0000000008008aa4                MX_SPI1_Init
 .text.HAL_SPI_MspInit
                0x0000000008008b08      0x19c CMakeFiles/CM4_stm32_RTOS.dir/Core/Src/spi.c.obj
                0x0000000008008b08                HAL_SPI_MspInit
 .text.MX_TIM1_Init
                0x0000000008008ca4      0x140 CMakeFiles/CM4_stm32_RTOS.dir/Core/Src/tim.c.obj
                0x0000000008008ca4                MX_TIM1_Init
 .text.MX_TIM2_Init
                0x0000000008008de4       0x98 CMakeFiles/CM4_stm32_RTOS.dir/Core/Src/tim.c.obj
                0x0000000008008de4                MX_TIM2_Init
 .text.HAL_TIM_Base_MspInit
                0x0000000008008e7c       0x78 CMakeFiles/CM4_stm32_RTOS.dir/Core/Src/tim.c.obj
                0x0000000008008e7c                HAL_TIM_Base_MspInit
 .text.HAL_TIM_MspPostInit
                0x0000000008008ef4       0x74 CMakeFiles/CM4_stm32_RTOS.dir/Core/Src/tim.c.obj
                0x0000000008008ef4                HAL_TIM_MspPostInit
 .text.MX_UART4_Init
                0x0000000008008f68       0x54 CMakeFiles/CM4_stm32_RTOS.dir/Core/Src/usart.c.obj
                0x0000000008008f68                MX_UART4_Init
 .text.MX_UART5_Init
                0x0000000008008fbc       0x54 CMakeFiles/CM4_stm32_RTOS.dir/Core/Src/usart.c.obj
                0x0000000008008fbc                MX_UART5_Init
 .text.MX_USART1_UART_Init
                0x0000000008009010       0x54 CMakeFiles/CM4_stm32_RTOS.dir/Core/Src/usart.c.obj
                0x0000000008009010                MX_USART1_UART_Init
 .text.MX_USART2_UART_Init
                0x0000000008009064       0x54 CMakeFiles/CM4_stm32_RTOS.dir/Core/Src/usart.c.obj
                0x0000000008009064                MX_USART2_UART_Init
 .text.MX_USART3_UART_Init
                0x00000000080090b8       0x54 CMakeFiles/CM4_stm32_RTOS.dir/Core/Src/usart.c.obj
                0x00000000080090b8                MX_USART3_UART_Init
 .text.MX_USART6_UART_Init
                0x000000000800910c       0x54 CMakeFiles/CM4_stm32_RTOS.dir/Core/Src/usart.c.obj
                0x000000000800910c                MX_USART6_UART_Init
 .text.HAL_UART_MspInit
                0x0000000008009160      0x430 CMakeFiles/CM4_stm32_RTOS.dir/Core/Src/usart.c.obj
                0x0000000008009160                HAL_UART_MspInit
 .text.NMI_Handler
                0x0000000008009590        0x6 CMakeFiles/CM4_stm32_RTOS.dir/Core/Src/stm32f4xx_it.c.obj
                0x0000000008009590                NMI_Handler
 .text.HardFault_Handler
                0x0000000008009596        0x6 CMakeFiles/CM4_stm32_RTOS.dir/Core/Src/stm32f4xx_it.c.obj
                0x0000000008009596                HardFault_Handler
 .text.MemManage_Handler
                0x000000000800959c        0x6 CMakeFiles/CM4_stm32_RTOS.dir/Core/Src/stm32f4xx_it.c.obj
                0x000000000800959c                MemManage_Handler
 .text.BusFault_Handler
                0x00000000080095a2        0x6 CMakeFiles/CM4_stm32_RTOS.dir/Core/Src/stm32f4xx_it.c.obj
                0x00000000080095a2                BusFault_Handler
 .text.UsageFault_Handler
                0x00000000080095a8        0x6 CMakeFiles/CM4_stm32_RTOS.dir/Core/Src/stm32f4xx_it.c.obj
                0x00000000080095a8                UsageFault_Handler
 .text.DebugMon_Handler
                0x00000000080095ae        0xe CMakeFiles/CM4_stm32_RTOS.dir/Core/Src/stm32f4xx_it.c.obj
                0x00000000080095ae                DebugMon_Handler
 .text.DMA1_Stream2_IRQHandler
                0x00000000080095bc       0x14 CMakeFiles/CM4_stm32_RTOS.dir/Core/Src/stm32f4xx_it.c.obj
                0x00000000080095bc                DMA1_Stream2_IRQHandler
 .text.CAN1_TX_IRQHandler
                0x00000000080095d0       0x14 CMakeFiles/CM4_stm32_RTOS.dir/Core/Src/stm32f4xx_it.c.obj
                0x00000000080095d0                CAN1_TX_IRQHandler
 .text.CAN1_RX0_IRQHandler
                0x00000000080095e4       0x14 CMakeFiles/CM4_stm32_RTOS.dir/Core/Src/stm32f4xx_it.c.obj
                0x00000000080095e4                CAN1_RX0_IRQHandler
 .text.TIM2_IRQHandler
                0x00000000080095f8       0x14 CMakeFiles/CM4_stm32_RTOS.dir/Core/Src/stm32f4xx_it.c.obj
                0x00000000080095f8                TIM2_IRQHandler
 .text.TIM8_TRG_COM_TIM14_IRQHandler
                0x000000000800960c       0x14 CMakeFiles/CM4_stm32_RTOS.dir/Core/Src/stm32f4xx_it.c.obj
                0x000000000800960c                TIM8_TRG_COM_TIM14_IRQHandler
 .text.DMA2_Stream1_IRQHandler
                0x0000000008009620       0x14 CMakeFiles/CM4_stm32_RTOS.dir/Core/Src/stm32f4xx_it.c.obj
                0x0000000008009620                DMA2_Stream1_IRQHandler
 .text.DMA2_Stream2_IRQHandler
                0x0000000008009634       0x14 CMakeFiles/CM4_stm32_RTOS.dir/Core/Src/stm32f4xx_it.c.obj
                0x0000000008009634                DMA2_Stream2_IRQHandler
 .text.DMA2_Stream3_IRQHandler
                0x0000000008009648       0x14 CMakeFiles/CM4_stm32_RTOS.dir/Core/Src/stm32f4xx_it.c.obj
                0x0000000008009648                DMA2_Stream3_IRQHandler
 .text.CAN2_TX_IRQHandler
                0x000000000800965c       0x14 CMakeFiles/CM4_stm32_RTOS.dir/Core/Src/stm32f4xx_it.c.obj
                0x000000000800965c                CAN2_TX_IRQHandler
 .text.CAN2_RX1_IRQHandler
                0x0000000008009670       0x14 CMakeFiles/CM4_stm32_RTOS.dir/Core/Src/stm32f4xx_it.c.obj
                0x0000000008009670                CAN2_RX1_IRQHandler
 .text.DMA2_Stream5_IRQHandler
                0x0000000008009684       0x14 CMakeFiles/CM4_stm32_RTOS.dir/Core/Src/stm32f4xx_it.c.obj
                0x0000000008009684                DMA2_Stream5_IRQHandler
 .text.USART6_IRQHandler
                0x0000000008009698       0x14 CMakeFiles/CM4_stm32_RTOS.dir/Core/Src/stm32f4xx_it.c.obj
                0x0000000008009698                USART6_IRQHandler
 .text.HAL_MspInit
                0x00000000080096ac       0x58 CMakeFiles/CM4_stm32_RTOS.dir/Core/Src/stm32f4xx_hal_msp.c.obj
                0x00000000080096ac                HAL_MspInit
 .text.HAL_InitTick
                0x0000000008009704       0xf8 CMakeFiles/CM4_stm32_RTOS.dir/Core/Src/stm32f4xx_hal_timebase_tim.c.obj
                0x0000000008009704                HAL_InitTick
 .text.Reset_Handler
                0x00000000080097fc       0x50 CMakeFiles/CM4_stm32_RTOS.dir/startup_stm32f405xx.s.obj
                0x00000000080097fc                Reset_Handler
 .text.Default_Handler
                0x000000000800984c        0x2 CMakeFiles/CM4_stm32_RTOS.dir/startup_stm32f405xx.s.obj
                0x000000000800984c                RTC_Alarm_IRQHandler
                0x000000000800984c                HASH_RNG_IRQHandler
                0x000000000800984c                EXTI2_IRQHandler
                0x000000000800984c                TIM8_CC_IRQHandler
                0x000000000800984c                TIM1_CC_IRQHandler
                0x000000000800984c                DMA1_Stream5_IRQHandler
                0x000000000800984c                PVD_IRQHandler
                0x000000000800984c                SDIO_IRQHandler
                0x000000000800984c                TAMP_STAMP_IRQHandler
                0x000000000800984c                EXTI3_IRQHandler
                0x000000000800984c                TIM1_UP_TIM10_IRQHandler
                0x000000000800984c                TIM8_UP_TIM13_IRQHandler
                0x000000000800984c                I2C3_ER_IRQHandler
                0x000000000800984c                EXTI0_IRQHandler
                0x000000000800984c                I2C2_EV_IRQHandler
                0x000000000800984c                FPU_IRQHandler
                0x000000000800984c                OTG_HS_WKUP_IRQHandler
                0x000000000800984c                CAN2_SCE_IRQHandler
                0x000000000800984c                SPI1_IRQHandler
                0x000000000800984c                TIM6_DAC_IRQHandler
                0x000000000800984c                TIM1_BRK_TIM9_IRQHandler
                0x000000000800984c                CAN2_RX0_IRQHandler
                0x000000000800984c                USART3_IRQHandler
                0x000000000800984c                CAN1_RX1_IRQHandler
                0x000000000800984c                UART5_IRQHandler
                0x000000000800984c                DMA2_Stream0_IRQHandler
                0x000000000800984c                TIM4_IRQHandler
                0x000000000800984c                I2C1_EV_IRQHandler
                0x000000000800984c                DMA1_Stream6_IRQHandler
                0x000000000800984c                DMA1_Stream1_IRQHandler
                0x000000000800984c                UART4_IRQHandler
                0x000000000800984c                TIM3_IRQHandler
                0x000000000800984c                RCC_IRQHandler
                0x000000000800984c                TIM8_BRK_TIM12_IRQHandler
                0x000000000800984c                Default_Handler
                0x000000000800984c                EXTI15_10_IRQHandler
                0x000000000800984c                ADC_IRQHandler
                0x000000000800984c                DMA1_Stream7_IRQHandler
                0x000000000800984c                TIM7_IRQHandler
                0x000000000800984c                TIM5_IRQHandler
                0x000000000800984c                DMA2_Stream7_IRQHandler
                0x000000000800984c                I2C3_EV_IRQHandler
                0x000000000800984c                EXTI9_5_IRQHandler
                0x000000000800984c                RTC_WKUP_IRQHandler
                0x000000000800984c                SPI2_IRQHandler
                0x000000000800984c                OTG_HS_EP1_IN_IRQHandler
                0x000000000800984c                DMA1_Stream0_IRQHandler
                0x000000000800984c                EXTI4_IRQHandler
                0x000000000800984c                FSMC_IRQHandler
                0x000000000800984c                OTG_HS_EP1_OUT_IRQHandler
                0x000000000800984c                WWDG_IRQHandler
                0x000000000800984c                OTG_FS_WKUP_IRQHandler
                0x000000000800984c                TIM1_TRG_COM_TIM11_IRQHandler
                0x000000000800984c                OTG_HS_IRQHandler
                0x000000000800984c                EXTI1_IRQHandler
                0x000000000800984c                USART2_IRQHandler
                0x000000000800984c                I2C2_ER_IRQHandler
                0x000000000800984c                CAN1_SCE_IRQHandler
                0x000000000800984c                FLASH_IRQHandler
                0x000000000800984c                DMA2_Stream4_IRQHandler
                0x000000000800984c                USART1_IRQHandler
                0x000000000800984c                OTG_FS_IRQHandler
                0x000000000800984c                SPI3_IRQHandler
                0x000000000800984c                DMA1_Stream4_IRQHandler
                0x000000000800984c                I2C1_ER_IRQHandler
                0x000000000800984c                DMA2_Stream6_IRQHandler
                0x000000000800984c                DMA1_Stream3_IRQHandler
 *(.glue_7)
 .glue_7        0x000000000800984e        0x0 linker stubs
 *(.glue_7t)
 .glue_7t       0x000000000800984e        0x0 linker stubs
 *(.eh_frame)
 *fill*         0x000000000800984e        0x2 
 .eh_frame      0x0000000008009850        0x0 /usr/lib/gcc/arm-none-eabi/10.3.1/thumb/v7e-m+fp/hard/crtbegin.o
 *(.init)
 .init          0x0000000008009850        0x4 /usr/lib/gcc/arm-none-eabi/10.3.1/thumb/v7e-m+fp/hard/crti.o
                0x0000000008009850                _init
 .init          0x0000000008009854        0x8 /usr/lib/gcc/arm-none-eabi/10.3.1/thumb/v7e-m+fp/hard/crtn.o
 *(.fini)
 .fini          0x000000000800985c        0x4 /usr/lib/gcc/arm-none-eabi/10.3.1/thumb/v7e-m+fp/hard/crti.o
                0x000000000800985c                _fini
 .fini          0x0000000008009860        0x8 /usr/lib/gcc/arm-none-eabi/10.3.1/thumb/v7e-m+fp/hard/crtn.o
                0x0000000008009868                . = ALIGN (0x4)
                0x0000000008009868                _etext = .

.vfp11_veneer   0x0000000008009868        0x0
 .vfp11_veneer  0x0000000008009868        0x0 linker stubs

.v4_bx          0x0000000008009868        0x0
 .v4_bx         0x0000000008009868        0x0 linker stubs

.iplt           0x0000000008009868        0x0
 .iplt          0x0000000008009868        0x0 /usr/lib/gcc/arm-none-eabi/10.3.1/thumb/v7e-m+fp/hard/crtbegin.o

.rodata         0x0000000008009868      0x258
                0x0000000008009868                . = ALIGN (0x4)
 *(.rodata)
 .rodata        0x0000000008009868        0x5 cmake/stm32cubemx/CMakeFiles/FreeRTOS.dir/__/__/Middlewares/Third_Party/FreeRTOS/Source/tasks.c.obj
 *fill*         0x000000000800986d        0x3 
 .rodata        0x0000000008009870        0xd cmake/stm32cubemx/CMakeFiles/FreeRTOS.dir/__/__/Middlewares/Third_Party/FreeRTOS/Source/timers.c.obj
 *fill*         0x000000000800987d        0x3 
 .rodata        0x0000000008009880       0xc3 CMakeFiles/CM4_stm32_RTOS.dir/Core/Src/freertos.c.obj
 *(.rodata*)
 *fill*         0x0000000008009943        0x1 
 .rodata.AHBPrescTable
                0x0000000008009944       0x10 cmake/stm32cubemx/CMakeFiles/STM32_Drivers.dir/__/__/Core/Src/system_stm32f4xx.c.obj
                0x0000000008009944                AHBPrescTable
 .rodata.APBPrescTable
                0x0000000008009954        0x8 cmake/stm32cubemx/CMakeFiles/STM32_Drivers.dir/__/__/Core/Src/system_stm32f4xx.c.obj
                0x0000000008009954                APBPrescTable
 .rodata.flagBitshiftOffset.0
                0x000000000800995c        0x8 cmake/stm32cubemx/CMakeFiles/STM32_Drivers.dir/__/__/Drivers/STM32F4xx_HAL_Driver/Src/stm32f4xx_hal_dma.c.obj
 .rodata.defaultTask_attributes
                0x0000000008009964       0x24 CMakeFiles/CM4_stm32_RTOS.dir/Core/Src/freertos.c.obj
                0x0000000008009964                defaultTask_attributes
 .rodata.INS_Task_attributes
                0x0000000008009988       0x24 CMakeFiles/CM4_stm32_RTOS.dir/Core/Src/freertos.c.obj
                0x0000000008009988                INS_Task_attributes
 .rodata.Control_Task_attributes
                0x00000000080099ac       0x24 CMakeFiles/CM4_stm32_RTOS.dir/Core/Src/freertos.c.obj
                0x00000000080099ac                Control_Task_attributes
 .rodata.Common_Task_attributes
                0x00000000080099d0       0x24 CMakeFiles/CM4_stm32_RTOS.dir/Core/Src/freertos.c.obj
                0x00000000080099d0                Common_Task_attributes
 .rodata.Logger_Task_attributes
                0x00000000080099f4       0x24 CMakeFiles/CM4_stm32_RTOS.dir/Core/Src/freertos.c.obj
                0x00000000080099f4                Logger_Task_attributes
 .rodata.q_can1_rx_attributes
                0x0000000008009a18       0x18 CMakeFiles/CM4_stm32_RTOS.dir/Core/Src/freertos.c.obj
                0x0000000008009a18                q_can1_rx_attributes
 .rodata.q_log_date_attributes
                0x0000000008009a30       0x18 CMakeFiles/CM4_stm32_RTOS.dir/Core/Src/freertos.c.obj
                0x0000000008009a30                q_log_date_attributes
 .rodata.q_uart_rx_attributes
                0x0000000008009a48       0x18 CMakeFiles/CM4_stm32_RTOS.dir/Core/Src/freertos.c.obj
                0x0000000008009a48                q_uart_rx_attributes
 .rodata.timer_battery_attributes
                0x0000000008009a60       0x10 CMakeFiles/CM4_stm32_RTOS.dir/Core/Src/freertos.c.obj
                0x0000000008009a60                timer_battery_attributes
 .rodata.timer_watchdog_attributes
                0x0000000008009a70       0x10 CMakeFiles/CM4_stm32_RTOS.dir/Core/Src/freertos.c.obj
                0x0000000008009a70                timer_watchdog_attributes
 .rodata.mutex_robot_state_attributes
                0x0000000008009a80       0x10 CMakeFiles/CM4_stm32_RTOS.dir/Core/Src/freertos.c.obj
                0x0000000008009a80                mutex_robot_state_attributes
 .rodata.sem_spi_cplt_attributes
                0x0000000008009a90       0x10 CMakeFiles/CM4_stm32_RTOS.dir/Core/Src/freertos.c.obj
                0x0000000008009a90                sem_spi_cplt_attributes
 .rodata.sem_can_tx_attributes
                0x0000000008009aa0       0x10 CMakeFiles/CM4_stm32_RTOS.dir/Core/Src/freertos.c.obj
                0x0000000008009aa0                sem_can_tx_attributes
 .rodata.evt_sys_status_attributes
                0x0000000008009ab0       0x10 CMakeFiles/CM4_stm32_RTOS.dir/Core/Src/freertos.c.obj
                0x0000000008009ab0                evt_sys_status_attributes
                0x0000000008009ac0                . = ALIGN (0x4)

.ARM.extab      0x0000000008009ac0        0x0
                0x0000000008009ac0                . = ALIGN (0x4)
 *(.ARM.extab* .gnu.linkonce.armextab.*)
                0x0000000008009ac0                . = ALIGN (0x4)

.ARM            0x0000000008009ac0        0x8
                0x0000000008009ac0                . = ALIGN (0x4)
                0x0000000008009ac0                __exidx_start = .
 *(.ARM.exidx*)
 .ARM.exidx     0x0000000008009ac0        0x8 /usr/lib/gcc/arm-none-eabi/10.3.1/thumb/v7e-m+fp/hard/libgcc.a(_udivmoddi4.o)
                0x0000000008009ac8                __exidx_end = .
                0x0000000008009ac8                . = ALIGN (0x4)

.preinit_array  0x0000000008009ac8        0x0
                0x0000000008009ac8                . = ALIGN (0x4)
                0x0000000008009ac8                PROVIDE (__preinit_array_start = .)
 *(.preinit_array*)
                0x0000000008009ac8                PROVIDE (__preinit_array_end = .)
                0x0000000008009ac8                . = ALIGN (0x4)

.init_array     0x0000000008009ac8        0x4
                0x0000000008009ac8                . = ALIGN (0x4)
                0x0000000008009ac8                PROVIDE (__init_array_start = .)
 *(SORT_BY_NAME(.init_array.*))
 *(.init_array*)
 .init_array    0x0000000008009ac8        0x4 /usr/lib/gcc/arm-none-eabi/10.3.1/thumb/v7e-m+fp/hard/crtbegin.o
                0x0000000008009acc                PROVIDE (__init_array_end = .)
                0x0000000008009acc                . = ALIGN (0x4)

.fini_array     0x0000000008009acc        0x4
                0x0000000008009acc                . = ALIGN (0x4)
                0x0000000008009acc                PROVIDE (__fini_array_start = .)
 *(SORT_BY_NAME(.fini_array.*))
 *(.fini_array*)
 .fini_array    0x0000000008009acc        0x4 /usr/lib/gcc/arm-none-eabi/10.3.1/thumb/v7e-m+fp/hard/crtbegin.o
                0x0000000008009ad0                PROVIDE (__fini_array_end = .)
                0x0000000008009ad0                . = ALIGN (0x4)
                0x0000000008009ad0                _siccmram = LOADADDR (.ccmram)

.rel.dyn        0x0000000008009ad0        0x0
 .rel.iplt      0x0000000008009ad0        0x0 /usr/lib/gcc/arm-none-eabi/10.3.1/thumb/v7e-m+fp/hard/crtbegin.o

.ccmram         0x0000000010000000        0x0 load address 0x0000000008009ad0
                0x0000000010000000                . = ALIGN (0x4)
                0x0000000010000000                _sccmram = .
 *(.ccmram)
 *(.ccmram*)
                0x0000000010000000                . = ALIGN (0x4)
                0x0000000010000000                _eccmram = .
                0x0000000008009ad0                _sidata = LOADADDR (.data)

.data           0x0000000020000000       0x10 load address 0x0000000008009ad0
                0x0000000020000000                . = ALIGN (0x4)
                0x0000000020000000                _sdata = .
 *(.data)
 *(.data*)
 .data.SystemCoreClock
                0x0000000020000000        0x4 cmake/stm32cubemx/CMakeFiles/STM32_Drivers.dir/__/__/Core/Src/system_stm32f4xx.c.obj
                0x0000000020000000                SystemCoreClock
 .data.uwTickPrio
                0x0000000020000004        0x4 cmake/stm32cubemx/CMakeFiles/STM32_Drivers.dir/__/__/Drivers/STM32F4xx_HAL_Driver/Src/stm32f4xx_hal.c.obj
                0x0000000020000004                uwTickPrio
 .data.uwTickFreq
                0x0000000020000008        0x1 cmake/stm32cubemx/CMakeFiles/STM32_Drivers.dir/__/__/Drivers/STM32F4xx_HAL_Driver/Src/stm32f4xx_hal.c.obj
                0x0000000020000008                uwTickFreq
 *fill*         0x0000000020000009        0x3 
 .data.uxCriticalNesting
                0x000000002000000c        0x4 cmake/stm32cubemx/CMakeFiles/FreeRTOS.dir/__/__/Middlewares/Third_Party/FreeRTOS/Source/portable/GCC/ARM_CM4F/port.c.obj
 *(.RamFunc)
 *(.RamFunc*)
                0x0000000020000010                . = ALIGN (0x4)

.tm_clone_table
                0x0000000020000010        0x0 load address 0x0000000008009ae0
 .tm_clone_table
                0x0000000020000010        0x0 /usr/lib/gcc/arm-none-eabi/10.3.1/thumb/v7e-m+fp/hard/crtbegin.o
 .tm_clone_table
                0x0000000020000010        0x0 /usr/lib/gcc/arm-none-eabi/10.3.1/thumb/v7e-m+fp/hard/crtend.o

.igot.plt       0x0000000020000010        0x0 load address 0x0000000008009ae0
 .igot.plt      0x0000000020000010        0x0 /usr/lib/gcc/arm-none-eabi/10.3.1/thumb/v7e-m+fp/hard/crtbegin.o

.tdata          0x0000000020000010        0x0 load address 0x0000000008009ae0
 *(.tdata .tdata.* .gnu.linkonce.td.*)
                0x0000000020000010                . = ALIGN (0x4)
                0x0000000020000010                _edata = .
                [!provide]                        PROVIDE (__data_end = .)
                [!provide]                        PROVIDE (__tdata_end = .)
                [!provide]                        PROVIDE (__tdata_start = ADDR (.tdata))
                [!provide]                        PROVIDE (__tdata_size = (__tdata_end - __tdata_start))
                [!provide]                        PROVIDE (__data_start = ADDR (.data))
                [!provide]                        PROVIDE (__data_size = (__data_end - __data_start))
                [!provide]                        PROVIDE (__tdata_source = LOADADDR (.tdata))
                [!provide]                        PROVIDE (__tdata_source_end = (LOADADDR (.tdata) + SIZEOF (.tdata)))
                [!provide]                        PROVIDE (__tdata_source_size = (__tdata_source_end - __tdata_source))
                [!provide]                        PROVIDE (__data_source = LOADADDR (.data))
                [!provide]                        PROVIDE (__data_source_end = __tdata_source_end)
                [!provide]                        PROVIDE (__data_source_size = (__data_source_end - __data_source))

.tbss           0x0000000020000010        0x0 load address 0x0000000008009ae0
                0x0000000020000010                _sbss = .
                0x0000000020000010                __bss_start__ = _sbss
 *(.tbss .tbss.*)
                0x0000000020000010                . = ALIGN (0x4)
                [!provide]                        PROVIDE (__tbss_end = .)
                [!provide]                        PROVIDE (__tbss_start = ADDR (.tbss))
                [!provide]                        PROVIDE (__tbss_size = (__tbss_end - __tbss_start))
                [!provide]                        PROVIDE (__tbss_offset = (ADDR (.tbss) - ADDR (.tdata)))
                [!provide]                        PROVIDE (__tls_base = __tdata_start)
                [!provide]                        PROVIDE (__tls_end = __tbss_end)
                [!provide]                        PROVIDE (__tls_size = (__tls_end - __tls_base))
                [!provide]                        PROVIDE (__tls_align = MAX (ALIGNOF (.tdata), ALIGNOF (.tbss)))
                [!provide]                        PROVIDE (__tls_size_align = (((__tls_size + __tls_align) - 0x1) & ~ ((__tls_align - 0x1))))
                [!provide]                        PROVIDE (__arm32_tls_tcb_offset = MAX (0x8, __tls_align))
                [!provide]                        PROVIDE (__arm64_tls_tcb_offset = MAX (0x10, __tls_align))

.bss            0x0000000020000010     0x5048 load address 0x0000000008009ae0
 *(.bss)
 .bss           0x0000000020000010       0x1c /usr/lib/gcc/arm-none-eabi/10.3.1/thumb/v7e-m+fp/hard/crtbegin.o
 *(.bss*)
 .bss.uwTick    0x000000002000002c        0x4 cmake/stm32cubemx/CMakeFiles/STM32_Drivers.dir/__/__/Drivers/STM32F4xx_HAL_Driver/Src/stm32f4xx_hal.c.obj
                0x000000002000002c                uwTick
 .bss.xQueueRegistry
                0x0000000020000030       0x40 cmake/stm32cubemx/CMakeFiles/FreeRTOS.dir/__/__/Middlewares/Third_Party/FreeRTOS/Source/queue.c.obj
                0x0000000020000030                xQueueRegistry
 .bss.pxCurrentTCB
                0x0000000020000070        0x4 cmake/stm32cubemx/CMakeFiles/FreeRTOS.dir/__/__/Middlewares/Third_Party/FreeRTOS/Source/tasks.c.obj
                0x0000000020000070                pxCurrentTCB
 .bss.pxReadyTasksLists
                0x0000000020000074      0x460 cmake/stm32cubemx/CMakeFiles/FreeRTOS.dir/__/__/Middlewares/Third_Party/FreeRTOS/Source/tasks.c.obj
 .bss.xDelayedTaskList1
                0x00000000200004d4       0x14 cmake/stm32cubemx/CMakeFiles/FreeRTOS.dir/__/__/Middlewares/Third_Party/FreeRTOS/Source/tasks.c.obj
 .bss.xDelayedTaskList2
                0x00000000200004e8       0x14 cmake/stm32cubemx/CMakeFiles/FreeRTOS.dir/__/__/Middlewares/Third_Party/FreeRTOS/Source/tasks.c.obj
 .bss.pxDelayedTaskList
                0x00000000200004fc        0x4 cmake/stm32cubemx/CMakeFiles/FreeRTOS.dir/__/__/Middlewares/Third_Party/FreeRTOS/Source/tasks.c.obj
 .bss.pxOverflowDelayedTaskList
                0x0000000020000500        0x4 cmake/stm32cubemx/CMakeFiles/FreeRTOS.dir/__/__/Middlewares/Third_Party/FreeRTOS/Source/tasks.c.obj
 .bss.xPendingReadyList
                0x0000000020000504       0x14 cmake/stm32cubemx/CMakeFiles/FreeRTOS.dir/__/__/Middlewares/Third_Party/FreeRTOS/Source/tasks.c.obj
 .bss.xTasksWaitingTermination
                0x0000000020000518       0x14 cmake/stm32cubemx/CMakeFiles/FreeRTOS.dir/__/__/Middlewares/Third_Party/FreeRTOS/Source/tasks.c.obj
 .bss.uxDeletedTasksWaitingCleanUp
                0x000000002000052c        0x4 cmake/stm32cubemx/CMakeFiles/FreeRTOS.dir/__/__/Middlewares/Third_Party/FreeRTOS/Source/tasks.c.obj
 .bss.xSuspendedTaskList
                0x0000000020000530       0x14 cmake/stm32cubemx/CMakeFiles/FreeRTOS.dir/__/__/Middlewares/Third_Party/FreeRTOS/Source/tasks.c.obj
 .bss.uxCurrentNumberOfTasks
                0x0000000020000544        0x4 cmake/stm32cubemx/CMakeFiles/FreeRTOS.dir/__/__/Middlewares/Third_Party/FreeRTOS/Source/tasks.c.obj
 .bss.xTickCount
                0x0000000020000548        0x4 cmake/stm32cubemx/CMakeFiles/FreeRTOS.dir/__/__/Middlewares/Third_Party/FreeRTOS/Source/tasks.c.obj
 .bss.uxTopReadyPriority
                0x000000002000054c        0x4 cmake/stm32cubemx/CMakeFiles/FreeRTOS.dir/__/__/Middlewares/Third_Party/FreeRTOS/Source/tasks.c.obj
 .bss.xSchedulerRunning
                0x0000000020000550        0x4 cmake/stm32cubemx/CMakeFiles/FreeRTOS.dir/__/__/Middlewares/Third_Party/FreeRTOS/Source/tasks.c.obj
 .bss.xPendedTicks
                0x0000000020000554        0x4 cmake/stm32cubemx/CMakeFiles/FreeRTOS.dir/__/__/Middlewares/Third_Party/FreeRTOS/Source/tasks.c.obj
 .bss.xYieldPending
                0x0000000020000558        0x4 cmake/stm32cubemx/CMakeFiles/FreeRTOS.dir/__/__/Middlewares/Third_Party/FreeRTOS/Source/tasks.c.obj
 .bss.xNumOfOverflows
                0x000000002000055c        0x4 cmake/stm32cubemx/CMakeFiles/FreeRTOS.dir/__/__/Middlewares/Third_Party/FreeRTOS/Source/tasks.c.obj
 .bss.uxTaskNumber
                0x0000000020000560        0x4 cmake/stm32cubemx/CMakeFiles/FreeRTOS.dir/__/__/Middlewares/Third_Party/FreeRTOS/Source/tasks.c.obj
 .bss.xNextTaskUnblockTime
                0x0000000020000564        0x4 cmake/stm32cubemx/CMakeFiles/FreeRTOS.dir/__/__/Middlewares/Third_Party/FreeRTOS/Source/tasks.c.obj
 .bss.xIdleTaskHandle
                0x0000000020000568        0x4 cmake/stm32cubemx/CMakeFiles/FreeRTOS.dir/__/__/Middlewares/Third_Party/FreeRTOS/Source/tasks.c.obj
 .bss.uxSchedulerSuspended
                0x000000002000056c        0x4 cmake/stm32cubemx/CMakeFiles/FreeRTOS.dir/__/__/Middlewares/Third_Party/FreeRTOS/Source/tasks.c.obj
 .bss.xActiveTimerList1
                0x0000000020000570       0x14 cmake/stm32cubemx/CMakeFiles/FreeRTOS.dir/__/__/Middlewares/Third_Party/FreeRTOS/Source/timers.c.obj
 .bss.xActiveTimerList2
                0x0000000020000584       0x14 cmake/stm32cubemx/CMakeFiles/FreeRTOS.dir/__/__/Middlewares/Third_Party/FreeRTOS/Source/timers.c.obj
 .bss.pxCurrentTimerList
                0x0000000020000598        0x4 cmake/stm32cubemx/CMakeFiles/FreeRTOS.dir/__/__/Middlewares/Third_Party/FreeRTOS/Source/timers.c.obj
 .bss.pxOverflowTimerList
                0x000000002000059c        0x4 cmake/stm32cubemx/CMakeFiles/FreeRTOS.dir/__/__/Middlewares/Third_Party/FreeRTOS/Source/timers.c.obj
 .bss.xTimerQueue
                0x00000000200005a0        0x4 cmake/stm32cubemx/CMakeFiles/FreeRTOS.dir/__/__/Middlewares/Third_Party/FreeRTOS/Source/timers.c.obj
 .bss.xTimerTaskHandle
                0x00000000200005a4        0x4 cmake/stm32cubemx/CMakeFiles/FreeRTOS.dir/__/__/Middlewares/Third_Party/FreeRTOS/Source/timers.c.obj
 .bss.xLastTime.2
                0x00000000200005a8        0x4 cmake/stm32cubemx/CMakeFiles/FreeRTOS.dir/__/__/Middlewares/Third_Party/FreeRTOS/Source/timers.c.obj
 .bss.ucStaticTimerQueueStorage.1
                0x00000000200005ac       0xa0 cmake/stm32cubemx/CMakeFiles/FreeRTOS.dir/__/__/Middlewares/Third_Party/FreeRTOS/Source/timers.c.obj
 .bss.xStaticTimerQueue.0
                0x000000002000064c       0x50 cmake/stm32cubemx/CMakeFiles/FreeRTOS.dir/__/__/Middlewares/Third_Party/FreeRTOS/Source/timers.c.obj
 .bss.KernelState
                0x000000002000069c        0x4 cmake/stm32cubemx/CMakeFiles/FreeRTOS.dir/__/__/Middlewares/Third_Party/FreeRTOS/Source/CMSIS_RTOS_V2/cmsis_os2.c.obj
 .bss.Idle_TCB.3
                0x00000000200006a0       0x5c cmake/stm32cubemx/CMakeFiles/FreeRTOS.dir/__/__/Middlewares/Third_Party/FreeRTOS/Source/CMSIS_RTOS_V2/cmsis_os2.c.obj
 .bss.Idle_Stack.2
                0x00000000200006fc      0x200 cmake/stm32cubemx/CMakeFiles/FreeRTOS.dir/__/__/Middlewares/Third_Party/FreeRTOS/Source/CMSIS_RTOS_V2/cmsis_os2.c.obj
 .bss.Timer_TCB.1
                0x00000000200008fc       0x5c cmake/stm32cubemx/CMakeFiles/FreeRTOS.dir/__/__/Middlewares/Third_Party/FreeRTOS/Source/CMSIS_RTOS_V2/cmsis_os2.c.obj
 .bss.Timer_Stack.0
                0x0000000020000958      0x400 cmake/stm32cubemx/CMakeFiles/FreeRTOS.dir/__/__/Middlewares/Third_Party/FreeRTOS/Source/CMSIS_RTOS_V2/cmsis_os2.c.obj
 .bss.ucHeap    0x0000000020000d58     0x3c00 cmake/stm32cubemx/CMakeFiles/FreeRTOS.dir/__/__/Middlewares/Third_Party/FreeRTOS/Source/portable/MemMang/heap_4.c.obj
 .bss.xStart    0x0000000020004958        0x8 cmake/stm32cubemx/CMakeFiles/FreeRTOS.dir/__/__/Middlewares/Third_Party/FreeRTOS/Source/portable/MemMang/heap_4.c.obj
 .bss.pxEnd     0x0000000020004960        0x4 cmake/stm32cubemx/CMakeFiles/FreeRTOS.dir/__/__/Middlewares/Third_Party/FreeRTOS/Source/portable/MemMang/heap_4.c.obj
 .bss.xFreeBytesRemaining
                0x0000000020004964        0x4 cmake/stm32cubemx/CMakeFiles/FreeRTOS.dir/__/__/Middlewares/Third_Party/FreeRTOS/Source/portable/MemMang/heap_4.c.obj
 .bss.xMinimumEverFreeBytesRemaining
                0x0000000020004968        0x4 cmake/stm32cubemx/CMakeFiles/FreeRTOS.dir/__/__/Middlewares/Third_Party/FreeRTOS/Source/portable/MemMang/heap_4.c.obj
 .bss.xNumberOfSuccessfulAllocations
                0x000000002000496c        0x4 cmake/stm32cubemx/CMakeFiles/FreeRTOS.dir/__/__/Middlewares/Third_Party/FreeRTOS/Source/portable/MemMang/heap_4.c.obj
 .bss.xNumberOfSuccessfulFrees
                0x0000000020004970        0x4 cmake/stm32cubemx/CMakeFiles/FreeRTOS.dir/__/__/Middlewares/Third_Party/FreeRTOS/Source/portable/MemMang/heap_4.c.obj
 .bss.xBlockAllocatedBit
                0x0000000020004974        0x4 cmake/stm32cubemx/CMakeFiles/FreeRTOS.dir/__/__/Middlewares/Third_Party/FreeRTOS/Source/portable/MemMang/heap_4.c.obj
 .bss.ucMaxSysCallPriority
                0x0000000020004978        0x1 cmake/stm32cubemx/CMakeFiles/FreeRTOS.dir/__/__/Middlewares/Third_Party/FreeRTOS/Source/portable/GCC/ARM_CM4F/port.c.obj
 *fill*         0x0000000020004979        0x3 
 .bss.ulMaxPRIGROUPValue
                0x000000002000497c        0x4 cmake/stm32cubemx/CMakeFiles/FreeRTOS.dir/__/__/Middlewares/Third_Party/FreeRTOS/Source/portable/GCC/ARM_CM4F/port.c.obj
 .bss.defaultTaskHandle
                0x0000000020004980        0x4 CMakeFiles/CM4_stm32_RTOS.dir/Core/Src/freertos.c.obj
                0x0000000020004980                defaultTaskHandle
 .bss.INS_TaskHandle
                0x0000000020004984        0x4 CMakeFiles/CM4_stm32_RTOS.dir/Core/Src/freertos.c.obj
                0x0000000020004984                INS_TaskHandle
 .bss.Control_TaskHandle
                0x0000000020004988        0x4 CMakeFiles/CM4_stm32_RTOS.dir/Core/Src/freertos.c.obj
                0x0000000020004988                Control_TaskHandle
 .bss.Common_TaskHandle
                0x000000002000498c        0x4 CMakeFiles/CM4_stm32_RTOS.dir/Core/Src/freertos.c.obj
                0x000000002000498c                Common_TaskHandle
 .bss.Logger_TaskHandle
                0x0000000020004990        0x4 CMakeFiles/CM4_stm32_RTOS.dir/Core/Src/freertos.c.obj
                0x0000000020004990                Logger_TaskHandle
 .bss.q_can1_rxHandle
                0x0000000020004994        0x4 CMakeFiles/CM4_stm32_RTOS.dir/Core/Src/freertos.c.obj
                0x0000000020004994                q_can1_rxHandle
 .bss.q_log_dateHandle
                0x0000000020004998        0x4 CMakeFiles/CM4_stm32_RTOS.dir/Core/Src/freertos.c.obj
                0x0000000020004998                q_log_dateHandle
 .bss.q_uart_rxHandle
                0x000000002000499c        0x4 CMakeFiles/CM4_stm32_RTOS.dir/Core/Src/freertos.c.obj
                0x000000002000499c                q_uart_rxHandle
 .bss.timer_batteryHandle
                0x00000000200049a0        0x4 CMakeFiles/CM4_stm32_RTOS.dir/Core/Src/freertos.c.obj
                0x00000000200049a0                timer_batteryHandle
 .bss.timer_watchdogHandle
                0x00000000200049a4        0x4 CMakeFiles/CM4_stm32_RTOS.dir/Core/Src/freertos.c.obj
                0x00000000200049a4                timer_watchdogHandle
 .bss.mutex_robot_stateHandle
                0x00000000200049a8        0x4 CMakeFiles/CM4_stm32_RTOS.dir/Core/Src/freertos.c.obj
                0x00000000200049a8                mutex_robot_stateHandle
 .bss.sem_spi_cpltHandle
                0x00000000200049ac        0x4 CMakeFiles/CM4_stm32_RTOS.dir/Core/Src/freertos.c.obj
                0x00000000200049ac                sem_spi_cpltHandle
 .bss.sem_can_txHandle
                0x00000000200049b0        0x4 CMakeFiles/CM4_stm32_RTOS.dir/Core/Src/freertos.c.obj
                0x00000000200049b0                sem_can_txHandle
 .bss.evt_sys_statusHandle
                0x00000000200049b4        0x4 CMakeFiles/CM4_stm32_RTOS.dir/Core/Src/freertos.c.obj
                0x00000000200049b4                evt_sys_statusHandle
 .bss.hadc1     0x00000000200049b8       0x48 CMakeFiles/CM4_stm32_RTOS.dir/Core/Src/adc.c.obj
                0x00000000200049b8                hadc1
 .bss.hadc2     0x0000000020004a00       0x48 CMakeFiles/CM4_stm32_RTOS.dir/Core/Src/adc.c.obj
                0x0000000020004a00                hadc2
 .bss.hadc3     0x0000000020004a48       0x48 CMakeFiles/CM4_stm32_RTOS.dir/Core/Src/adc.c.obj
                0x0000000020004a48                hadc3
 .bss.hcan1     0x0000000020004a90       0x28 CMakeFiles/CM4_stm32_RTOS.dir/Core/Src/can.c.obj
                0x0000000020004a90                hcan1
 .bss.hcan2     0x0000000020004ab8       0x28 CMakeFiles/CM4_stm32_RTOS.dir/Core/Src/can.c.obj
                0x0000000020004ab8                hcan2
 .bss.HAL_RCC_CAN1_CLK_ENABLED
                0x0000000020004ae0        0x4 CMakeFiles/CM4_stm32_RTOS.dir/Core/Src/can.c.obj
 .bss.hi2c1     0x0000000020004ae4       0x54 CMakeFiles/CM4_stm32_RTOS.dir/Core/Src/i2c.c.obj
                0x0000000020004ae4                hi2c1
 .bss.hi2c2     0x0000000020004b38       0x54 CMakeFiles/CM4_stm32_RTOS.dir/Core/Src/i2c.c.obj
                0x0000000020004b38                hi2c2
 .bss.hiwdg     0x0000000020004b8c        0xc CMakeFiles/CM4_stm32_RTOS.dir/Core/Src/iwdg.c.obj
                0x0000000020004b8c                hiwdg
 .bss.hspi1     0x0000000020004b98       0x58 CMakeFiles/CM4_stm32_RTOS.dir/Core/Src/spi.c.obj
                0x0000000020004b98                hspi1
 .bss.hdma_spi1_rx
                0x0000000020004bf0       0x60 CMakeFiles/CM4_stm32_RTOS.dir/Core/Src/spi.c.obj
                0x0000000020004bf0                hdma_spi1_rx
 .bss.hdma_spi1_tx
                0x0000000020004c50       0x60 CMakeFiles/CM4_stm32_RTOS.dir/Core/Src/spi.c.obj
                0x0000000020004c50                hdma_spi1_tx
 .bss.htim1     0x0000000020004cb0       0x48 CMakeFiles/CM4_stm32_RTOS.dir/Core/Src/tim.c.obj
                0x0000000020004cb0                htim1
 .bss.htim2     0x0000000020004cf8       0x48 CMakeFiles/CM4_stm32_RTOS.dir/Core/Src/tim.c.obj
                0x0000000020004cf8                htim2
 .bss.huart4    0x0000000020004d40       0x48 CMakeFiles/CM4_stm32_RTOS.dir/Core/Src/usart.c.obj
                0x0000000020004d40                huart4
 .bss.huart5    0x0000000020004d88       0x48 CMakeFiles/CM4_stm32_RTOS.dir/Core/Src/usart.c.obj
                0x0000000020004d88                huart5
 .bss.huart1    0x0000000020004dd0       0x48 CMakeFiles/CM4_stm32_RTOS.dir/Core/Src/usart.c.obj
                0x0000000020004dd0                huart1
 .bss.huart2    0x0000000020004e18       0x48 CMakeFiles/CM4_stm32_RTOS.dir/Core/Src/usart.c.obj
                0x0000000020004e18                huart2
 .bss.huart3    0x0000000020004e60       0x48 CMakeFiles/CM4_stm32_RTOS.dir/Core/Src/usart.c.obj
                0x0000000020004e60                huart3
 .bss.huart6    0x0000000020004ea8       0x48 CMakeFiles/CM4_stm32_RTOS.dir/Core/Src/usart.c.obj
                0x0000000020004ea8                huart6
 .bss.hdma_uart4_rx
                0x0000000020004ef0       0x60 CMakeFiles/CM4_stm32_RTOS.dir/Core/Src/usart.c.obj
                0x0000000020004ef0                hdma_uart4_rx
 .bss.hdma_usart1_rx
                0x0000000020004f50       0x60 CMakeFiles/CM4_stm32_RTOS.dir/Core/Src/usart.c.obj
                0x0000000020004f50                hdma_usart1_rx
 .bss.hdma_usart6_rx
                0x0000000020004fb0       0x60 CMakeFiles/CM4_stm32_RTOS.dir/Core/Src/usart.c.obj